WARNING: ignoring environment value of R_HOME
Online License checked out Tue Oct  8 15:27:24 2024
Model fitted using the sigma parameterization.
ASReml 4.1.0 Tue Oct  8 15:27:29 2024
          LogLik        Sigma2     DF     wall    cpu
 1      -972.487           1.0   1093 15:27:56   27.1
 2      -947.632           1.0   1093 15:28:26   29.6
 3      -925.651           1.0   1093 15:28:55   29.3
 4      -917.169           1.0   1093 15:29:25   30.2
 5      -915.538           1.0   1093 15:29:57   31.4
 6      -914.953           1.0   1093 15:30:28   30.8 (3 restrained)
 7      -916.399           1.0   1093 15:30:59   30.7 (1 restrained)
 8      -914.569           1.0   1093 15:31:30   31.1 (1 restrained)
 9      -913.663           1.0   1093 15:32:01   31.4 (2 restrained)
10      -916.911           1.0   1093 15:32:33   31.5 (2 restrained)
11      -914.900           1.0   1093 15:33:04   30.8 (2 restrained)
12      -917.704           1.0   1093 15:33:36   32.0 (1 restrained)
13      -915.964           1.0   1093 15:34:27   51.3
Model fitted using the sigma parameterization.
ASReml 4.1.0 Tue Oct  8 15:34:28 2024
          LogLik        Sigma2     DF     wall    cpu
 1      -970.843           1.0   1096 15:34:55   26.9
 2      -946.224           1.0   1096 15:35:23   28.1
 3      -924.285           1.0   1096 15:35:53   29.2
 4      -915.717           1.0   1096 15:36:23   30.1
 5      -914.246           1.0   1096 15:36:53   29.9
 6      -914.110           1.0   1096 15:37:23   29.5
 7      -913.984           1.0   1096 15:37:53   30.1
 8      -913.799           1.0   1096 15:38:23   29.8 (1 restrained)
 9      -913.461           1.0   1096 15:38:52   29.6 (1 restrained)
10      -912.985           1.0   1096 15:39:22   29.2 (2 restrained)
11      -915.391           1.0   1096 15:39:48   26.2 (2 restrained)
12      -913.462           1.0   1096 15:40:18   29.9 (1 restrained)
13      -912.639           1.0   1096 15:41:10   51.5 (2 restrained)
Model fitted using the sigma parameterization.
ASReml 4.1.0 Tue Oct  8 15:41:10 2024
          LogLik        Sigma2     DF     wall    cpu
 1      -978.456           1.0   1094 15:41:37   26.8
 2      -953.038           1.0   1094 15:42:07   29.4
 3      -930.490           1.0   1094 15:42:36   28.5 (1 restrained)
 4      -923.087           1.0   1094 15:43:06   30.1
 5      -920.637           1.0   1094 15:43:36   30.1 (1 restrained)
 6      -920.313           1.0   1094 15:44:05   29.4
 7      -920.211           1.0   1094 15:44:35   29.1
 8      -920.127           1.0   1094 15:45:05   30.2
 9      -920.002           1.0   1094 15:45:34   29.2
10      -919.731           1.0   1094 15:46:04   30.2 (1 restrained)
11      -919.255           1.0   1094 15:46:34   29.9 (2 restrained)
12      -921.501           1.0   1094 15:47:05   30.1 (1 restrained)
13      -920.121           1.0   1094 15:47:58   53.2 (1 restrained)
Model fitted using the sigma parameterization.
ASReml 4.1.0 Tue Oct  8 15:47:59 2024
          LogLik        Sigma2     DF     wall    cpu
 1      -977.712           1.0   1095 15:48:25   26.4
 2      -952.311           1.0   1095 15:48:54   29.0
 3      -929.876           1.0   1095 15:49:19   24.1
 4      -921.266           1.0   1095 15:49:48   29.2
 5      -919.686           1.0   1095 15:50:17   29.0
 6      -919.298           1.0   1095 15:50:46   29.1 (2 restrained)
 7      -918.707           1.0   1095 15:51:16   29.8 (2 restrained)
 8      -920.727           1.0   1095 15:51:44   27.5 (1 restrained)
 9      -919.113           1.0   1095 15:52:13   29.2 (2 restrained)
10      -918.229           1.0   1095 15:52:42   28.5 (2 restrained)
11      -921.389           1.0   1095 15:53:11   29.9 (2 restrained)
12      -919.766           1.0   1095 15:53:41   29.3 (1 restrained)
13      -918.291           1.0   1095 15:54:33   51.8
Model fitted using the sigma parameterization.
ASReml 4.1.0 Tue Oct  8 15:54:34 2024
          LogLik        Sigma2     DF     wall    cpu
 1      -965.212           1.0   1097 15:55:01   26.8
 2      -939.921           1.0   1097 15:55:29   28.6
 3      -917.221           1.0   1097 15:55:58   28.1 (1 restrained)
 4      -909.514           1.0   1097 15:56:28   30.2
 5      -906.759           1.0   1097 15:56:58   30.1
 6      -905.975           1.0   1097 15:57:25   26.9 (1 restrained)
 7      -905.373           1.0   1097 15:57:55   29.4 (1 restrained)
 8      -904.803           1.0   1097 15:58:23   28.2 (2 restrained)
 9      -907.663           1.0   1097 15:58:52   29.6 (1 restrained)
10      -906.174           1.0   1097 15:59:21   28.5 (1 restrained)
11      -904.910           1.0   1097 15:59:50   28.9 (1 restrained)
12      -904.453           1.0   1097 16:00:20   30.0 (2 restrained)
13      -907.616           1.0   1097 16:01:10   49.8
Model fitted using the sigma parameterization.
ASReml 4.1.0 Tue Oct  8 16:01:11 2024
          LogLik        Sigma2     DF     wall    cpu
 1      -974.727           1.0   1093 16:01:38   27.2
 2      -949.624           1.0   1093 16:02:07   28.3
 3      -927.387           1.0   1093 16:02:36   28.6
 4      -918.775           1.0   1093 16:03:05   29.2
 5      -917.115           1.0   1093 16:03:34   29.2
 6      -916.564           1.0   1093 16:04:04   30.2 (2 restrained)
 7      -917.962           1.0   1093 16:04:33   28.8 (1 restrained)
 8      -916.280           1.0   1093 16:05:02   28.4 (2 restrained)
 9      -915.825           1.0   1093 16:05:31   28.7 (2 restrained)
10      -918.774           1.0   1093 16:05:59   28.5 (1 restrained)
11      -917.216           1.0   1093 16:06:28   28.7 (1 restrained)
12      -915.745           1.0   1093 16:06:57   29.4 (3 restrained)
13      -919.908           1.0   1093 16:07:47   49.7
Model fitted using the sigma parameterization.
ASReml 4.1.0 Tue Oct  8 16:07:48 2024
          LogLik        Sigma2     DF     wall    cpu
 1      -981.778           1.0   1096 16:08:14   25.8
 2      -956.414           1.0   1096 16:08:43   28.8
 3      -933.874           1.0   1096 16:09:11   28.3
 4      -925.065           1.0   1096 16:09:40   28.5
 5      -923.370           1.0   1096 16:10:09   29.2
 6      -922.851           1.0   1096 16:10:38   29.0 (1 restrained)
 7      -922.237           1.0   1096 16:11:07   28.9 (2 restrained)
 8      -924.671           1.0   1096 16:11:37   29.4 (1 restrained)
 9      -923.069           1.0   1096 16:12:07   30.0 (2 restrained)
10      -921.996           1.0   1096 16:12:37   30.1 (1 restrained)
11      -921.369           1.0   1096 16:13:07   29.8 (2 restrained)
12      -924.553           1.0   1096 16:13:37   29.7 (1 restrained)
13      -923.061           1.0   1096 16:14:28   50.7 (1 restrained)
Model fitted using the sigma parameterization.
ASReml 4.1.0 Tue Oct  8 16:14:29 2024
          LogLik        Sigma2     DF     wall    cpu
 1      -988.204           1.0   1103 16:14:55   25.8
 2      -962.891           1.0   1103 16:15:24   29.4
 3      -940.454           1.0   1103 16:15:53   29.1 (1 restrained)
 4      -933.111           1.0   1103 16:16:24   30.1
 5      -930.693           1.0   1103 16:16:53   28.8 (1 restrained)
 6      -930.376           1.0   1103 16:17:23   30.1
 7      -930.270           1.0   1103 16:17:53   30.3
 8      -930.190           1.0   1103 16:18:22   29.1
 9      -930.088           1.0   1103 16:18:51   28.9 (1 restrained)
10      -929.942           1.0   1103 16:19:20   28.6 (1 restrained)
11      -929.556           1.0   1103 16:19:48   27.9 (1 restrained)
12      -929.151           1.0   1103 16:20:16   28.4 (2 restrained)
13      -931.533           1.0   1103 16:21:06   49.3 (1 restrained)
Model fitted using the sigma parameterization.
ASReml 4.1.0 Tue Oct  8 16:21:07 2024
          LogLik        Sigma2     DF     wall    cpu
 1      -946.702           1.0   1086 16:21:34   26.9
 2      -921.763           1.0   1086 16:22:04   29.8
 3      -899.651           1.0   1086 16:22:34   30.3
 4      -891.071           1.0   1086 16:23:03   29.3 (1 restrained)
 5      -889.668           1.0   1086 16:23:33   29.3
 6      -889.163           1.0   1086 16:24:03   29.9 (1 restrained)
 7      -888.542           1.0   1086 16:24:32   29.4 (2 restrained)
 8      -890.535           1.0   1086 16:25:00   27.9 (1 restrained)
 9      -888.880           1.0   1086 16:25:29   28.8 (1 restrained)
10      -887.755           1.0   1086 16:25:59   30.2 (2 restrained)
11      -890.856           1.0   1086 16:26:28   28.3 (1 restrained)
12      -889.306           1.0   1086 16:26:57   28.9 (1 restrained)
13      -887.921           1.0   1086 16:27:48   50.8
Model fitted using the sigma parameterization.
ASReml 4.1.0 Tue Oct  8 16:27:49 2024
          LogLik        Sigma2     DF     wall    cpu
 1      -972.633           1.0   1097 16:28:14   25.2
 2      -948.003           1.0   1097 16:28:43   28.6
 3      -926.084           1.0   1097 16:29:12   28.9
 4      -917.544           1.0   1097 16:29:41   28.7 (1 restrained)
 5      -916.194           1.0   1097 16:30:09   28.2
 6      -915.840           1.0   1097 16:30:36   26.5
 7      -915.545           1.0   1097 16:31:04   28.1 (1 restrained)
 8      -915.051           1.0   1097 16:31:33   29.0 (2 restrained)
 9      -917.160           1.0   1097 16:32:02   29.0 (1 restrained)
10      -915.649           1.0   1097 16:32:30   28.2 (1 restrained)
11      -914.549           1.0   1097 16:32:58   27.2 (1 restrained)
12      -914.242           1.0   1097 16:33:26   28.1 (2 restrained)
13      -917.032           1.0   1097 16:34:15   49.3 (1 restrained)
Model fitted using the sigma parameterization.
ASReml 4.1.0 Tue Oct  8 16:34:16 2024
          LogLik        Sigma2     DF     wall    cpu
 1      -973.703           1.0   1095 16:34:42   25.7
 2      -947.926           1.0   1095 16:35:10   27.9
 3      -925.019           1.0   1095 16:35:39   28.4
 4      -916.074           1.0   1095 16:36:05   26.8
 5      -914.355           1.0   1095 16:36:33   27.4
 6      -913.836           1.0   1095 16:37:00   26.7 (1 restrained)
 7      -913.219           1.0   1095 16:37:28   28.4 (2 restrained)
 8      -915.726           1.0   1095 16:37:57   28.7 (1 restrained)
 9      -914.133           1.0   1095 16:38:26   28.4 (1 restrained)
10      -912.787           1.0   1095 16:38:53   26.9 (1 restrained)
11      -912.294           1.0   1095 16:39:21   28.2 (2 restrained)
12      -915.412           1.0   1095 16:39:50   28.8 (1 restrained)
13      -913.935           1.0   1095 16:40:39   48.5
Model fitted using the sigma parameterization.
ASReml 4.1.0 Tue Oct  8 16:40:39 2024
          LogLik        Sigma2     DF     wall    cpu
 1      -959.123           1.0   1095 16:41:05   25.6
 2      -934.847           1.0   1095 16:41:32   26.9
 3      -913.346           1.0   1095 16:42:01   28.5
 4      -905.053           1.0   1095 16:42:30   29.1
 5      -903.555           1.0   1095 16:42:56   25.9
 6      -903.209           1.0   1095 16:43:19   22.6
 7      -902.632           1.0   1095 16:43:40   21.6 (3 restrained)
 8      -904.660           1.0   1095 16:44:03   22.8 (1 restrained)
 9      -902.910           1.0   1095 16:44:26   22.7 (2 restrained)
10      -902.034           1.0   1095 16:44:49   22.9 (1 restrained)
11      -901.698           1.0   1095 16:45:12   23.1 (2 restrained)
12      -904.769           1.0   1095 16:45:34   21.4 (1 restrained)
13      -903.175           1.0   1095 16:46:17   42.9 (1 restrained)
Model fitted using the sigma parameterization.
ASReml 4.1.0 Tue Oct  8 16:46:17 2024
          LogLik        Sigma2     DF     wall    cpu
 1      -973.849           1.0   1093 16:46:37   19.8
 2      -948.798           1.0   1093 16:47:02   24.3
 3      -926.672           1.0   1093 16:47:25   23.7
 4      -918.157           1.0   1093 16:47:47   21.9
 5      -916.542           1.0   1093 16:48:10   23.0
 6      -916.043           1.0   1093 16:48:36   25.2 (1 restrained)
 7      -915.434           1.0   1093 16:48:59   23.4 (3 restrained)
 8      -918.744           1.0   1093 16:49:24   24.9 (1 restrained)
 9      -916.462           1.0   1093 16:49:48   23.7 (2 restrained)
10      -915.262           1.0   1093 16:50:11   22.7 (2 restrained)
11      -918.816           1.0   1093 16:50:34   23.2 (1 restrained)
12      -917.024           1.0   1093 16:50:57   22.9 (2 restrained)
13      -915.871           1.0   1093 16:51:41   43.9
Model fitted using the sigma parameterization.
ASReml 4.1.0 Tue Oct  8 16:51:41 2024
          LogLik        Sigma2     DF     wall    cpu
 1     -1000.829           1.0   1101 16:52:02   20.4
 2      -975.791           1.0   1101 16:52:23   21.1
 3      -953.532           1.0   1101 16:52:46   23.1 (1 restrained)
 4      -946.202           1.0   1101 16:53:12   25.9
 5      -943.779           1.0   1101 16:53:37   24.5 (1 restrained)
 6      -943.462           1.0   1101 16:54:01   24.6
 7      -943.367           1.0   1101 16:54:28   26.3
 8      -943.301           1.0   1101 16:54:52   23.9
 9      -943.225           1.0   1101 16:55:17   24.7
10      -943.105           1.0   1101 16:55:42   25.1
11      -942.840           1.0   1101 16:56:08   25.8 (1 restrained)
12      -942.405           1.0   1101 16:56:33   24.8 (2 restrained)
13      -944.723           1.0   1101 16:57:18   45.3 (1 restrained)
Model fitted using the sigma parameterization.
ASReml 4.1.0 Tue Oct  8 16:57:19 2024
          LogLik        Sigma2     DF     wall    cpu
 1      -956.685           1.0   1091 16:57:41   22.3
 2      -931.660           1.0   1091 16:58:04   23.0
 3      -909.413           1.0   1091 16:58:31   26.7
 4      -900.724           1.0   1091 16:58:57   26.1
 5      -899.054           1.0   1091 16:59:22   24.8
 6      -898.547           1.0   1091 16:59:48   26.5 (1 restrained)
 7      -897.949           1.0   1091 17:00:13   24.7 (2 restrained)
 8      -900.361           1.0   1091 17:00:39   25.7 (1 restrained)
 9      -898.727           1.0   1091 17:01:04   24.5 (1 restrained)
10      -897.467           1.0   1091 17:01:30   26.4 (2 restrained)
11      -900.588           1.0   1091 17:01:55   24.4 (1 restrained)
12      -899.042           1.0   1091 17:02:21   26.2 (1 restrained)
13      -897.604           1.0   1091 17:03:08   46.8
Model fitted using the sigma parameterization.
ASReml 4.1.0 Tue Oct  8 17:03:09 2024
          LogLik        Sigma2     DF     wall    cpu
 1      -967.030           1.0   1095 17:03:31   21.8
 2      -942.198           1.0   1095 17:03:55   23.8
 3      -920.184           1.0   1095 17:04:18   22.9
 4      -911.710           1.0   1095 17:04:41   23.2
 5      -910.328           1.0   1095 17:05:05   24.1
 6      -910.244           1.0   1095 17:05:29   24.1
 7      -910.181           1.0   1095 17:05:53   23.8
 8      -910.113           1.0   1095 17:06:16   23.0 (1 restrained)
 9      -910.027           1.0   1095 17:06:39   22.8
10      -909.847           1.0   1095 17:07:01   22.3 (1 restrained)
11      -909.453           1.0   1095 17:07:25   23.1 (2 restrained)
12      -911.477           1.0   1095 17:07:48   23.1 (1 restrained)
13      -910.108           1.0   1095 17:08:30   42.2 (1 restrained)
Model fitted using the sigma parameterization.
ASReml 4.1.0 Tue Oct  8 17:08:31 2024
          LogLik        Sigma2     DF     wall    cpu
 1      -972.434           1.0   1096 17:08:51   20.2
 2      -947.546           1.0   1096 17:09:12   21.5
 3      -925.403           1.0   1096 17:09:38   25.4
 4      -916.796           1.0   1096 17:10:03   25.4
 5      -915.334           1.0   1096 17:10:28   24.4
 6      -915.209           1.0   1096 17:10:50   22.3
 7      -915.103           1.0   1096 17:11:13   23.1
 8      -914.964           1.0   1096 17:11:36   22.8 (1 restrained)
 9      -914.691           1.0   1096 17:12:00   23.3 (1 restrained)
10      -914.252           1.0   1096 17:12:24   24.6 (1 restrained)
11      -913.936           1.0   1096 17:12:47   22.6 (2 restrained)
12      -916.396           1.0   1096 17:13:09   22.4 (2 restrained)
13      -914.555           1.0   1096 17:13:53   43.3 (1 restrained)
Model fitted using the sigma parameterization.
ASReml 4.1.0 Tue Oct  8 17:13:53 2024
          LogLik        Sigma2     DF     wall    cpu
 1      -983.098           1.0   1096 17:14:14   20.1
 2      -958.208           1.0   1096 17:14:36   21.9
 3      -936.050           1.0   1096 17:15:01   24.9
 4      -927.281           1.0   1096 17:15:24   23.4
 5      -925.261           1.0   1096 17:15:48   24.1 (1 restrained)
 6      -924.517           1.0   1096 17:16:12   23.9 (2 restrained)
 7      -927.241           1.0   1096 17:16:38   25.9 (1 restrained)
 8      -925.399           1.0   1096 17:17:02   23.3 (1 restrained)
 9      -923.900           1.0   1096 17:17:25   23.3 (2 restrained)
10      -927.388           1.0   1096 17:17:48   23.1 (2 restrained)
11      -924.801           1.0   1096 17:18:14   25.3 (1 restrained)
12      -923.853           1.0   1096 17:18:39   25.1
13      -923.439           1.0   1096 17:19:23   44.1
Model fitted using the sigma parameterization.
ASReml 4.1.0 Tue Oct  8 17:19:24 2024
          LogLik        Sigma2     DF     wall    cpu
 1      -962.991           1.0   1092 17:19:43   19.1
 2      -937.092           1.0   1092 17:20:06   22.6
 3      -914.089           1.0   1092 17:20:30   24.5
 4      -905.091           1.0   1092 17:20:54   24.0
 5      -903.234           1.0   1092 17:21:18   23.9 (1 restrained)
 6      -902.457           1.0   1092 17:21:43   24.8 (2 restrained)
 7      -904.655           1.0   1092 17:22:08   25.1 (1 restrained)
 8      -902.939           1.0   1092 17:22:35   26.9 (1 restrained)
 9      -901.668           1.0   1092 17:23:00   24.4 (2 restrained)
10      -904.998           1.0   1092 17:23:25   25.2 (2 restrained)
11      -902.609           1.0   1092 17:23:52   26.4 (1 restrained)
12      -901.714           1.0   1092 17:24:16   24.7
13      -901.300           1.0   1092 17:25:02   45.7
Model fitted using the sigma parameterization.
ASReml 4.1.0 Tue Oct  8 17:25:03 2024
          LogLik        Sigma2     DF     wall    cpu
 1      -977.935           1.0   1096 17:25:24   21.0
 2      -952.999           1.0   1096 17:25:47   22.7
 3      -930.888           1.0   1096 17:26:11   24.4
 4      -922.347           1.0   1096 17:26:36   24.5
 5      -920.880           1.0   1096 17:27:00   24.2
 6      -920.714           1.0   1096 17:27:24   24.2
 7      -920.531           1.0   1096 17:27:48   24.2
 8      -920.195           1.0   1096 17:28:13   24.9 (1 restrained)
 9      -919.707           1.0   1096 17:28:40   26.4 (2 restrained)
10      -922.014           1.0   1096 17:29:04   24.5 (1 restrained)
11      -920.603           1.0   1096 17:29:30   25.9 (2 restrained)
12      -919.675           1.0   1096 17:29:55   24.7 (1 restrained)
13      -919.163           1.0   1096 17:30:41   45.8 (2 restrained)
Model fitted using the sigma parameterization.
ASReml 4.1.0 Tue Oct  8 17:30:42 2024
          LogLik        Sigma2     DF     wall    cpu
 1      -960.395           1.0   1089 17:31:04   21.9
 2      -934.928           1.0   1089 17:31:30   26.1
 3      -912.404           1.0   1089 17:31:53   23.1
 4      -903.735           1.0   1089 17:32:20   26.7
 5      -902.147           1.0   1089 17:32:45   24.8
 6      -901.750           1.0   1089 17:33:09   24.0 (2 restrained)
 7      -901.185           1.0   1089 17:33:34   24.7 (2 restrained)
 8      -903.120           1.0   1089 17:33:59   25.2 (1 restrained)
 9      -901.513           1.0   1089 17:34:25   26.0 (2 restrained)
10      -900.641           1.0   1089 17:34:50   24.8 (2 restrained)
11      -903.833           1.0   1089 17:35:15   24.6 (1 restrained)
12      -902.332           1.0   1089 17:35:40   25.4 (2 restrained)
13      -901.190           1.0   1089 17:36:23   42.9
Model fitted using the sigma parameterization.
ASReml 4.1.0 Tue Oct  8 17:36:24 2024
          LogLik        Sigma2     DF     wall    cpu
 1      -954.791           1.0   1086 17:36:46   22.6
 2      -929.427           1.0   1086 17:37:13   26.6
 3      -906.943           1.0   1086 17:37:39   25.8
 4      -898.262           1.0   1086 17:38:03   24.4
 5      -896.769           1.0   1086 17:38:28   24.8
 6      -896.589           1.0   1086 17:38:53   24.8
 7      -896.387           1.0   1086 17:39:18   24.9
 8      -896.001           1.0   1086 17:39:43   25.1 (1 restrained)
 9      -895.476           1.0   1086 17:40:09   25.5 (2 restrained)
10      -897.967           1.0   1086 17:40:35   25.6 (1 restrained)
11      -896.583           1.0   1086 17:40:59   24.8 (1 restrained)
12      -895.390           1.0   1086 17:41:23   23.6 (1 restrained)
13      -894.973           1.0   1086 17:42:09   45.3 (2 restrained)
Model fitted using the sigma parameterization.
ASReml 4.1.0 Tue Oct  8 17:42:09 2024
          LogLik        Sigma2     DF     wall    cpu
 1      -992.562           1.0   1100 17:42:32   22.6
 2      -967.719           1.0   1100 17:42:57   25.3
 3      -945.632           1.0   1100 17:43:23   25.9 (1 restrained)
 4      -938.227           1.0   1100 17:43:48   24.5
 5      -935.368           1.0   1100 17:44:12   24.2 (1 restrained)
 6      -934.187           1.0   1100 17:44:36   24.1 (2 restrained)
 7      -936.817           1.0   1100 17:45:00   23.5 (1 restrained)
 8      -934.850           1.0   1100 17:45:24   24.4 (1 restrained)
 9      -933.406           1.0   1100 17:45:48   24.0 (2 restrained)
10      -937.014           1.0   1100 17:46:12   23.7 (1 restrained)
11      -935.172           1.0   1100 17:46:32   20.1 (1 restrained)
12      -933.540           1.0   1100 17:46:55   23.0
13      -932.990           1.0   1100 17:47:40   44.1
Model fitted using the sigma parameterization.
ASReml 4.1.0 Tue Oct  8 17:47:40 2024
          LogLik        Sigma2     DF     wall    cpu
 1      -970.712           1.0   1100 17:48:02   21.9
 2      -945.777           1.0   1100 17:48:27   25.1
 3      -923.347           1.0   1100 17:48:51   23.8
 4      -914.368           1.0   1100 17:49:14   23.2
 5      -912.747           1.0   1100 17:49:37   22.5
 6      -912.582           1.0   1100 17:50:01   24.3 (1 restrained)
 7      -912.413           1.0   1100 17:50:24   22.9
 8      -912.126           1.0   1100 17:50:48   23.2 (1 restrained)
 9      -911.672           1.0   1100 17:51:12   24.4 (1 restrained)
10      -911.287           1.0   1100 17:51:33   21.2 (2 restrained)
11      -913.854           1.0   1100 17:51:58   24.1 (1 restrained)
12      -912.553           1.0   1100 17:52:22   24.3 (1 restrained)
13      -911.446           1.0   1100 17:53:07   44.8 (1 restrained)
Model fitted using the sigma parameterization.
ASReml 4.1.0 Tue Oct  8 17:53:07 2024
          LogLik        Sigma2     DF     wall    cpu
 1      -986.180           1.0   1100 17:53:30   22.0
 2      -961.191           1.0   1100 17:53:55   25.0
 3      -939.080           1.0   1100 17:54:19   24.7
 4      -930.606           1.0   1100 17:54:43   23.7
 5      -929.206           1.0   1100 17:55:08   25.1
 6      -929.087           1.0   1100 17:55:34   25.3
 7      -928.987           1.0   1100 17:55:59   25.1
 8      -928.861           1.0   1100 17:56:23   24.0
 9      -928.624           1.0   1100 17:56:45   21.5 (2 restrained)
10      -928.214           1.0   1100 17:57:08   23.9 (2 restrained)
11      -930.383           1.0   1100 17:57:32   23.2 (1 restrained)
12      -928.970           1.0   1100 17:57:57   25.4 (2 restrained)
13      -928.102           1.0   1100 17:58:41   43.7 (1 restrained)
Model fitted using the sigma parameterization.
ASReml 4.1.0 Tue Oct  8 17:58:42 2024
          LogLik        Sigma2     DF     wall    cpu
 1      -991.392           1.0   1099 17:59:01   19.4
 2      -965.873           1.0   1099 17:59:25   24.0
 3      -943.269           1.0   1099 17:59:48   23.1
 4      -934.556           1.0   1099 18:00:11   22.8
 5      -933.012           1.0   1099 18:00:37   25.2
 6      -932.710           1.0   1099 18:01:00   23.8
 7      -932.209           1.0   1099 18:01:23   22.6 (2 restrained)
 8      -933.892           1.0   1099 18:01:44   20.1 (1 restrained)
 9      -932.309           1.0   1099 18:02:08   24.5 (1 restrained)
10      -931.329           1.0   1099 18:02:32   24.1 (2 restrained)
11      -934.294           1.0   1099 18:02:57   24.6 (1 restrained)
12      -932.832           1.0   1099 18:03:23   25.1 (2 restrained)
13      -931.768           1.0   1099 18:04:08   45.6 (1 restrained)
Model fitted using the sigma parameterization.
ASReml 4.1.0 Tue Oct  8 18:04:09 2024
          LogLik        Sigma2     DF     wall    cpu
 1      -963.278           1.0   1093 18:04:32   22.7
 2      -938.615           1.0   1093 18:04:57   25.3
 3      -916.765           1.0   1093 18:05:23   25.7
 4      -908.361           1.0   1093 18:05:47   24.3
 5      -906.929           1.0   1093 18:06:12   24.5
 6      -906.747           1.0   1093 18:06:36   23.7
 7      -906.544           1.0   1093 18:07:02   26.4 (1 restrained)
 8      -906.130           1.0   1093 18:07:28   25.6 (2 restrained)
 9      -907.779           1.0   1093 18:07:52   24.4 (1 restrained)
10      -906.253           1.0   1093 18:08:16   23.5 (1 restrained)
11      -905.325           1.0   1093 18:08:40   23.7 (2 restrained)
12      -908.121           1.0   1093 18:09:04   23.8 (1 restrained)
13      -906.709           1.0   1093 18:09:47   43.0 (2 restrained)
Model fitted using the sigma parameterization.
ASReml 4.1.0 Tue Oct  8 18:09:48 2024
          LogLik        Sigma2     DF     wall    cpu
 1      -959.825           1.0   1091 18:10:09   21.1
 2      -934.574           1.0   1091 18:10:32   23.4
 3      -912.065           1.0   1091 18:10:55   22.8
 4      -903.135           1.0   1091 18:11:18   22.9 (1 restrained)
 5      -901.436           1.0   1091 18:11:38   19.4 (1 restrained)
 6      -900.450           1.0   1091 18:12:03   24.9 (2 restrained)
 7      -902.807           1.0   1091 18:12:26   22.9 (1 restrained)
 8      -900.960           1.0   1091 18:12:49   23.7 (1 restrained)
 9      -899.559           1.0   1091 18:13:14   24.5 (2 restrained)
10      -903.087           1.0   1091 18:13:39   25.3 (2 restrained)
11      -900.525           1.0   1091 18:14:04   24.0 (1 restrained)
12      -899.574           1.0   1091 18:14:28   23.7
13      -899.152           1.0   1091 18:15:13   45.2
Model fitted using the sigma parameterization.
ASReml 4.1.0 Tue Oct  8 18:15:13 2024
          LogLik        Sigma2     DF     wall    cpu
 1      -936.401           1.0   1087 18:15:35   21.8
 2      -911.476           1.0   1087 18:16:00   24.2
 3      -889.449           1.0   1087 18:16:25   25.1
 4      -881.022           1.0   1087 18:16:48   22.7
 5      -879.603           1.0   1087 18:17:13   24.9
 6      -879.441           1.0   1087 18:17:37   24.6 (1 restrained)
 7      -879.281           1.0   1087 18:18:02   24.9
 8      -879.031           1.0   1087 18:18:27   24.3 (1 restrained)
 9      -878.594           1.0   1087 18:18:53   26.1 (2 restrained)
10      -880.724           1.0   1087 18:19:20   26.4 (1 restrained)
11      -879.318           1.0   1087 18:19:45   25.5 (1 restrained)
12      -878.265           1.0   1087 18:20:10   24.3 (2 restrained)
13      -880.961           1.0   1087 18:20:54   44.5 (1 restrained)
Model fitted using the sigma parameterization.
ASReml 4.1.0 Tue Oct  8 18:20:55 2024
          LogLik        Sigma2     DF     wall    cpu
 1     -1014.772           1.0   1105 18:21:20   24.9
 2      -989.924           1.0   1105 18:21:46   26.3
 3      -967.856           1.0   1105 18:22:18   31.6
 4      -959.237           1.0   1105 18:22:47   28.5 (1 restrained)
 5      -957.776           1.0   1105 18:23:18   31.5
 6      -957.211           1.0   1105 18:23:51   32.0 (1 restrained)
 7      -956.612           1.0   1105 18:24:23   32.3 (2 restrained)
 8      -958.823           1.0   1105 18:24:54   31.2 (1 restrained)
 9      -957.212           1.0   1105 18:25:24   29.3 (1 restrained)
10      -956.019           1.0   1105 18:25:53   28.9 (2 restrained)
11      -959.107           1.0   1105 18:26:25   32.1 (1 restrained)
12      -957.601           1.0   1105 18:26:55   30.4 (1 restrained)
13      -956.193           1.0   1105 18:27:54   58.8
Model fitted using the sigma parameterization.
ASReml 4.1.0 Tue Oct  8 18:27:55 2024
          LogLik        Sigma2     DF     wall    cpu
 1      -957.297           1.0   1087 18:28:16   21.2
 2      -931.424           1.0   1087 18:28:41   24.1
 3      -908.473           1.0   1087 18:29:05   24.2 (1 restrained)
 4      -900.901           1.0   1087 18:29:29   24.1
 5      -898.344           1.0   1087 18:29:55   25.4
 6      -897.780           1.0   1087 18:30:19   24.5
 7      -897.348           1.0   1087 18:30:43   23.7 (1 restrained)
 8      -896.783           1.0   1087 18:31:07   23.8 (2 restrained)
 9      -899.199           1.0   1087 18:31:30   23.1 (1 restrained)
10      -897.682           1.0   1087 18:31:54   23.4 (1 restrained)
11      -896.412           1.0   1087 18:32:18   24.0 (1 restrained)
12      -895.968           1.0   1087 18:32:42   23.9 (2 restrained)
13      -898.975           1.0   1087 18:33:26   44.3 (1 restrained)
Model fitted using the sigma parameterization.
ASReml 4.1.0 Tue Oct  8 18:33:27 2024
          LogLik        Sigma2     DF     wall    cpu
 1      -961.964           1.0   1093 18:33:47   20.2
 2      -936.874           1.0   1093 18:34:13   25.6
 3      -914.398           1.0   1093 18:34:37   24.5
 4      -905.409           1.0   1093 18:35:01   23.2 (1 restrained)
 5      -903.888           1.0   1093 18:35:25   24.0
 6      -903.359           1.0   1093 18:35:49   23.7 (1 restrained)
 7      -902.783           1.0   1093 18:36:12   23.0 (1 restrained)
 8      -902.201           1.0   1093 18:36:34   22.0 (1 restrained)
 9      -901.924           1.0   1093 18:37:00   25.5 (2 restrained)
10      -904.806           1.0   1093 18:37:24   24.7 (1 restrained)
11      -903.404           1.0   1093 18:37:49   24.2 (1 restrained)
12      -902.205           1.0   1093 18:38:14   25.2 (1 restrained)
13      -901.779           1.0   1093 18:38:57   42.7
Model fitted using the sigma parameterization.
ASReml 4.1.0 Tue Oct  8 18:38:57 2024
          LogLik        Sigma2     DF     wall    cpu
 1      -972.375           1.0   1094 18:39:17   20.0
 2      -947.497           1.0   1094 18:39:39   21.9
 3      -925.462           1.0   1094 18:40:01   21.8
 4      -916.997           1.0   1094 18:40:24   22.3
 5      -915.609           1.0   1094 18:40:46   22.4
 6      -915.511           1.0   1094 18:41:08   21.6
 7      -915.437           1.0   1094 18:41:27   18.8
 8      -915.354           1.0   1094 18:41:50   22.8
 9      -915.227           1.0   1094 18:42:12   22.3
10      -914.943           1.0   1094 18:42:34   22.1 (2 restrained)
11      -914.492           1.0   1094 18:42:57   22.3 (2 restrained)
12      -916.882           1.0   1094 18:43:20   23.1 (1 restrained)
13      -915.495           1.0   1094 18:44:03   42.9 (2 restrained)
Model fitted using the sigma parameterization.
ASReml 4.1.0 Tue Oct  8 18:44:04 2024
          LogLik        Sigma2     DF     wall    cpu
 1      -994.318           1.0   1102 18:44:23   19.2
 2      -970.415           1.0   1102 18:44:45   22.1
 3      -949.253           1.0   1102 18:45:07   21.9
 4      -941.078           1.0   1102 18:45:29   21.5
 5      -939.527           1.0   1102 18:45:51   21.9 (1 restrained)
 6      -938.979           1.0   1102 18:46:11   20.7 (2 restrained)
 7      -940.133           1.0   1102 18:46:33   21.6 (1 restrained)
 8      -938.369           1.0   1102 18:46:56   22.2 (2 restrained)
 9      -941.202           1.0   1102 18:47:19   23.2 (2 restrained)
10      -939.162           1.0   1102 18:47:42   22.7 (2 restrained)
11      -941.592           1.0   1102 18:48:03   21.1 (2 restrained)
12      -939.694           1.0   1102 18:48:25   21.3 (2 restrained)
13      -941.773           1.0   1102 18:49:06   41.5 (1 restrained)
Model fitted using the sigma parameterization.
ASReml 4.1.0 Tue Oct  8 18:49:08 2024
          LogLik        Sigma2     DF     wall    cpu
 1      -975.932           1.0   1099 18:49:27   18.4
 2      -950.369           1.0   1099 18:49:49   21.9
 3      -927.681           1.0   1099 18:50:10   21.5
 4      -918.888           1.0   1099 18:50:32   22.3
 5      -917.318           1.0   1099 18:50:54   21.4
 6      -917.068           1.0   1099 18:51:13   18.7
 7      -916.757           1.0   1099 18:51:35   21.9 (1 restrained)
 8      -916.270           1.0   1099 18:51:57   22.1 (2 restrained)
 9      -916.079           1.0   1099 18:52:19   21.7 (2 restrained)
10      -918.499           1.0   1099 18:52:41   21.9 (1 restrained)
11      -917.018           1.0   1099 18:53:03   22.2 (1 restrained)
12      -915.928           1.0   1099 18:53:28   24.2 (2 restrained)
13      -915.797           1.0   1099 18:54:11   42.8 (2 restrained)
Model fitted using the sigma parameterization.
ASReml 4.1.0 Tue Oct  8 18:54:11 2024
          LogLik        Sigma2     DF     wall    cpu
 1      -997.843           1.0   1102 18:54:32   20.3
 2      -972.103           1.0   1102 18:54:54   22.0
 3      -949.191           1.0   1102 18:55:15   21.4
 4      -940.159           1.0   1102 18:55:36   20.6 (1 restrained)
 5      -938.496           1.0   1102 18:55:57   20.4 (1 restrained)
 6      -937.491           1.0   1102 18:56:17   20.2 (2 restrained)
 7      -939.610           1.0   1102 18:56:38   20.7 (1 restrained)
 8      -937.770           1.0   1102 18:56:58   20.8 (1 restrained)
 9      -936.484           1.0   1102 18:57:19   20.8 (2 restrained)
10      -939.957           1.0   1102 18:57:40   21.0 (2 restrained)
11      -937.441           1.0   1102 18:58:02   21.5 (1 restrained)
12      -936.532           1.0   1102 18:58:24   22.4
13      -936.148           1.0   1102 18:59:06   40.9
Model fitted using the sigma parameterization.
ASReml 4.1.0 Tue Oct  8 18:59:06 2024
          LogLik        Sigma2     DF     wall    cpu
 1      -968.421           1.0   1092 18:59:28   21.6
 2      -943.163           1.0   1092 18:59:49   20.9
 3      -920.843           1.0   1092 19:00:07   17.7
 4      -912.290           1.0   1092 19:00:25   18.4
 5      -910.803           1.0   1092 19:00:42   17.3
 6      -910.550           1.0   1092 19:00:57   14.4
 7      -910.177           1.0   1092 19:01:18   20.6 (2 restrained)
 8      -909.669           1.0   1092 19:01:40   22.0 (2 restrained)
 9      -912.093           1.0   1092 19:01:59   19.0 (2 restrained)
10      -909.875           1.0   1092 19:02:18   18.6 (2 restrained)
11      -912.658           1.0   1092 19:02:36   18.4 (2 restrained)
12      -910.467           1.0   1092 19:02:55   18.7 (1 restrained)
13      -909.035           1.0   1092 19:03:25   30.4 (2 restrained)
Model fitted using the sigma parameterization.
ASReml 4.1.0 Tue Oct  8 19:03:26 2024
          LogLik        Sigma2     DF     wall    cpu
 1      -950.365           1.0   1090 19:03:45   18.8
 2      -925.595           1.0   1090 19:04:05   19.9
 3      -903.561           1.0   1090 19:04:24   19.0
 4      -894.997           1.0   1090 19:04:44   19.8
 5      -893.515           1.0   1090 19:05:01   17.5
 6      -893.331           1.0   1090 19:05:18   16.5
 7      -893.143           1.0   1090 19:05:38   20.1
 8      -892.830           1.0   1090 19:05:58   19.9 (1 restrained)
 9      -892.386           1.0   1090 19:06:17   18.4 (1 restrained)
10      -892.083           1.0   1090 19:06:35   18.3 (2 restrained)
11      -894.636           1.0   1090 19:06:54   19.0 (1 restrained)
12      -893.350           1.0   1090 19:07:13   19.4 (1 restrained)
13      -892.276           1.0   1090 19:07:44   30.4 (1 restrained)
Model fitted using the sigma parameterization.
ASReml 4.1.0 Tue Oct  8 19:07:44 2024
          LogLik        Sigma2     DF     wall    cpu
 1      -989.525           1.0   1097 19:08:02   17.1
 2      -964.243           1.0   1097 19:08:21   19.6
 3      -941.817           1.0   1097 19:08:41   19.5
 4      -933.166           1.0   1097 19:09:01   19.5
 5      -931.734           1.0   1097 19:09:18   17.5
 6      -931.629           1.0   1097 19:09:33   15.0
 7      -931.539           1.0   1097 19:09:53   19.6
 8      -931.419           1.0   1097 19:10:13   19.9
 9      -931.201           1.0   1097 19:10:33   19.4 (1 restrained)
10      -930.782           1.0   1097 19:10:52   18.9 (1 restrained)
11      -930.375           1.0   1097 19:11:10   18.9 (2 restrained)
12      -932.803           1.0   1097 19:11:30   19.2 (2 restrained)
13      -930.922           1.0   1097 19:11:58   28.5 (1 restrained)
Model fitted using the sigma parameterization.
ASReml 4.1.0 Tue Oct  8 19:11:59 2024
          LogLik        Sigma2     DF     wall    cpu
 1      -957.800           1.0   1094 19:12:16   17.0
 2      -933.377           1.0   1094 19:12:38   22.2
 3      -911.658           1.0   1094 19:13:02   24.1
 4      -903.149           1.0   1094 19:13:26   23.5
 5      -901.450           1.0   1094 19:13:49   22.8
 6      -900.847           1.0   1094 19:14:12   22.7 (2 restrained)
 7      -902.432           1.0   1094 19:14:36   24.2 (2 restrained)
 8      -900.202           1.0   1094 19:14:59   22.5 (2 restrained)
 9      -903.452           1.0   1094 19:15:19   20.5 (2 restrained)
10      -900.961           1.0   1094 19:15:41   21.8 (2 restrained)
11      -904.066           1.0   1094 19:16:04   22.6 (1 restrained)
12      -902.895           1.0   1094 19:16:26   21.6 (2 restrained)
13      -901.884           1.0   1094 19:17:05   39.4
Model fitted using the sigma parameterization.
ASReml 4.1.0 Tue Oct  8 19:17:06 2024
          LogLik        Sigma2     DF     wall    cpu
 1      -979.134           1.0   1097 19:17:29   23.2
 2      -954.658           1.0   1097 19:17:54   25.0
 3      -932.987           1.0   1097 19:18:20   25.9
 4      -924.624           1.0   1097 19:18:42   21.9 (1 restrained)
 5      -923.286           1.0   1097 19:19:06   24.2
 6      -922.869           1.0   1097 19:19:32   25.3
 7      -922.407           1.0   1097 19:19:58   26.4 (2 restrained)
 8      -923.969           1.0   1097 19:20:22   23.5 (1 restrained)
 9      -922.343           1.0   1097 19:20:49   26.5 (1 restrained)
10      -921.401           1.0   1097 19:21:10   21.8 (2 restrained)
11      -924.376           1.0   1097 19:21:35   24.3 (1 restrained)
12      -922.890           1.0   1097 19:22:01   25.8 (1 restrained)
13      -921.584           1.0   1097 19:22:40   38.8 (2 restrained)
Model fitted using the sigma parameterization.
ASReml 4.1.0 Tue Oct  8 19:22:40 2024
          LogLik        Sigma2     DF     wall    cpu
 1      -963.037           1.0   1093 19:23:05   24.7
 2      -936.981           1.0   1093 19:23:31   26.1
 3      -913.847           1.0   1093 19:23:58   26.9
 4      -904.790           1.0   1093 19:24:26   27.1
 5      -902.822           1.0   1093 19:24:53   27.6 (1 restrained)
 6      -902.023           1.0   1093 19:25:19   25.7 (2 restrained)
 7      -904.486           1.0   1093 19:25:46   26.4 (2 restrained)
 8      -902.003           1.0   1093 19:26:13   27.1 (2 restrained)
 9      -905.130           1.0   1093 19:26:40   27.6 (2 restrained)
10      -902.665           1.0   1093 19:27:07   26.4 (2 restrained)
11      -901.043           1.0   1093 19:27:34   26.8 (2 restrained)
12      -904.646           1.0   1093 19:28:00   25.5 (1 restrained)
13      -901.981           1.0   1093 19:28:37   37.6 (1 restrained)
Model fitted using the sigma parameterization.
ASReml 4.1.0 Tue Oct  8 19:28:38 2024
          LogLik        Sigma2     DF     wall    cpu
 1      -994.326           1.0   1100 19:29:01   22.9
 2      -969.209           1.0   1100 19:29:28   26.6
 3      -946.730           1.0   1100 19:29:51   22.8
 4      -937.870           1.0   1100 19:30:12   21.0
 5      -936.332           1.0   1100 19:30:34   22.2
 6      -936.180           1.0   1100 19:30:57   23.1
 7      -936.020           1.0   1100 19:31:20   22.6
 8      -935.741           1.0   1100 19:31:44   23.7 (2 restrained)
 9      -935.282           1.0   1100 19:32:08   24.2 (1 restrained)
10      -934.844           1.0   1100 19:32:33   24.6 (2 restrained)
11      -937.487           1.0   1100 19:32:54   20.6 (1 restrained)
12      -936.121           1.0   1100 19:33:13   19.5 (2 restrained)
13      -935.191           1.0   1100 19:33:43   29.6 (1 restrained)
Model fitted using the sigma parameterization.
ASReml 4.1.0 Tue Oct  8 19:33:43 2024
          LogLik        Sigma2     DF     wall    cpu
 1      -952.350           1.0   1089 19:34:05   21.1
 2      -926.967           1.0   1089 19:34:32   26.7
 3      -904.526           1.0   1089 19:34:56   24.3
 4      -895.923           1.0   1089 19:35:23   26.4
 5      -894.458           1.0   1089 19:35:49   26.6
 6      -894.273           1.0   1089 19:36:14   24.6 (1 restrained)
 7      -894.088           1.0   1089 19:36:40   25.4
 8      -893.711           1.0   1089 19:37:00   20.5 (2 restrained)
 9      -895.322           1.0   1089 19:37:21   20.6 (1 restrained)
10      -893.828           1.0   1089 19:37:39   18.1 (1 restrained)
11      -892.909           1.0   1089 19:37:56   16.9 (2 restrained)
12      -895.719           1.0   1089 19:38:14   17.6 (1 restrained)
13      -894.335           1.0   1089 19:38:45   30.8 (1 restrained)
Model fitted using the sigma parameterization.
ASReml 4.1.0 Tue Oct  8 19:38:45 2024
          LogLik        Sigma2     DF     wall    cpu
 1      -975.163           1.0   1096 19:39:05   19.6
 2      -950.448           1.0   1096 19:39:25   19.9
 3      -928.381           1.0   1096 19:39:45   19.9
 4      -919.665           1.0   1096 19:40:05   20.3
 5      -918.074           1.0   1096 19:40:27   21.7
 6      -917.889           1.0   1096 19:40:45   17.9
 7      -917.695           1.0   1096 19:41:03   17.3 (1 restrained)
 8      -917.391           1.0   1096 19:41:20   17.2 (1 restrained)
 9      -916.895           1.0   1096 19:41:39   18.8 (1 restrained)
10      -916.601           1.0   1096 19:42:01   22.1 (2 restrained)
11      -919.184           1.0   1096 19:42:27   26.1 (2 restrained)
12      -917.287           1.0   1096 19:42:52   24.2 (1 restrained)
13      -916.492           1.0   1096 19:43:28   36.0 (2 restrained)
Model fitted using the sigma parameterization.
ASReml 4.1.0 Tue Oct  8 19:43:28 2024
          LogLik        Sigma2     DF     wall    cpu
 1      -962.858           1.0   1096 19:43:50   21.9
 2      -938.142           1.0   1096 19:44:17   26.3
 3      -916.068           1.0   1096 19:44:37   20.4
 4      -907.370           1.0   1096 19:44:55   17.5
 5      -905.811           1.0   1096 19:45:12   17.0
 6      -905.625           1.0   1096 19:45:30   18.5
 7      -905.430           1.0   1096 19:45:49   19.0 (1 restrained)
 8      -905.095           1.0   1096 19:46:08   18.8 (1 restrained)
 9      -904.618           1.0   1096 19:46:25   16.3 (1 restrained)
10      -904.331           1.0   1096 19:46:41   16.3 (2 restrained)
11      -906.929           1.0   1096 19:46:57   16.2 (2 restrained)
12      -905.035           1.0   1096 19:47:12   15.2 (1 restrained)
13      -904.254           1.0   1096 19:47:44   31.4 (2 restrained)
Model fitted using the sigma parameterization.
ASReml 4.1.0 Tue Oct  8 19:47:44 2024
          LogLik        Sigma2     DF     wall    cpu
 1      -992.171           1.0   1102 19:48:00   15.1
 2      -967.206           1.0   1102 19:48:16   16.1
 3      -945.114           1.0   1102 19:48:33   16.5
 4      -936.608           1.0   1102 19:48:50   17.5
 5      -935.096           1.0   1102 19:49:08   17.9
 6      -934.810           1.0   1102 19:49:26   18.4 (1 restrained)
 7      -934.395           1.0   1102 19:49:45   18.1 (1 restrained)
 8      -933.864           1.0   1102 19:50:02   16.8 (2 restrained)
 9      -936.254           1.0   1102 19:50:18   16.0 (2 restrained)
10      -934.116           1.0   1102 19:50:35   16.9 (2 restrained)
11      -936.928           1.0   1102 19:50:53   18.0 (2 restrained)
12      -934.711           1.0   1102 19:51:08   14.8 (1 restrained)
13      -933.413           1.0   1102 19:51:38   30.4 (2 restrained)
Model fitted using the sigma parameterization.
ASReml 4.1.0 Tue Oct  8 19:51:39 2024
          LogLik        Sigma2     DF     wall    cpu
 1      -977.291           1.0   1094 19:51:54   15.4
 2      -951.726           1.0   1094 19:52:11   16.7
 3      -929.137           1.0   1094 19:52:27   16.4
 4      -920.486           1.0   1094 19:52:44   16.6
 5      -919.024           1.0   1094 19:53:00   16.3
 6      -918.860           1.0   1094 19:53:18   17.9
 7      -918.674           1.0   1094 19:53:36   17.8 (1 restrained)
 8      -918.348           1.0   1094 19:53:56   19.0 (1 restrained)
 9      -917.847           1.0   1094 19:54:13   17.0 (2 restrained)
10      -920.159           1.0   1094 19:54:30   17.0 (2 restrained)
11      -918.147           1.0   1094 19:54:47   17.1 (1 restrained)
12      -917.272           1.0   1094 19:55:03   15.9 (2 restrained)
13      -920.106           1.0   1094 19:55:33   29.5 (2 restrained)
Model fitted using the sigma parameterization.
ASReml 4.1.0 Tue Oct  8 19:55:33 2024
          LogLik        Sigma2     DF     wall    cpu
 1      -951.487           1.0   1087 19:55:49   16.1
 2      -926.100           1.0   1087 19:56:08   18.3
 3      -903.361           1.0   1087 19:56:25   17.2
 4      -894.256           1.0   1087 19:56:43   18.1 (1 restrained)
 5      -892.537           1.0   1087 19:57:01   17.6 (1 restrained)
 6      -891.540           1.0   1087 19:57:18   17.1 (2 restrained)
 7      -893.835           1.0   1087 19:57:35   17.3 (1 restrained)
 8      -891.953           1.0   1087 19:57:52   16.9 (1 restrained)
 9      -890.579           1.0   1087 19:58:09   17.0 (2 restrained)
10      -894.113           1.0   1087 19:58:31   21.2 (2 restrained)
11      -891.551           1.0   1087 19:58:49   18.7 (1 restrained)
12      -890.607           1.0   1087 19:59:06   16.6
13      -890.199           1.0   1087 19:59:34   27.8
Model fitted using the sigma parameterization.
ASReml 4.1.0 Tue Oct  8 19:59:35 2024
          LogLik        Sigma2     DF     wall    cpu
 1      -979.685           1.0   1096 19:59:51   16.2
 2      -954.674           1.0   1096 20:00:08   17.4
 3      -932.529           1.0   1096 20:00:25   16.5
 4      -924.013           1.0   1096 20:00:41   16.3
 5      -922.536           1.0   1096 20:01:00   18.6 (1 restrained)
 6      -922.330           1.0   1096 20:01:23   22.9
 7      -922.070           1.0   1096 20:01:44   21.3 (1 restrained)
 8      -921.593           1.0   1096 20:02:05   20.4 (2 restrained)
 9      -923.609           1.0   1096 20:02:27   22.0 (1 restrained)
10      -922.128           1.0   1096 20:02:48   20.9 (1 restrained)
11      -921.078           1.0   1096 20:03:09   21.1 (2 restrained)
12      -923.893           1.0   1096 20:03:28   18.8 (1 restrained)
13      -922.509           1.0   1096 20:03:58   29.4 (1 restrained)
Model fitted using the sigma parameterization.
ASReml 4.1.0 Tue Oct  8 20:03:58 2024
          LogLik        Sigma2     DF     wall    cpu
 1      -983.114           1.0   1099 20:04:16   17.7
 2      -957.936           1.0   1099 20:04:37   21.3
 3      -935.604           1.0   1099 20:04:59   21.1
 4      -926.908           1.0   1099 20:05:18   19.4
 5      -925.177           1.0   1099 20:05:39   20.8
 6      -924.553           1.0   1099 20:05:58   19.0 (2 restrained)
 7      -926.184           1.0   1099 20:06:18   19.3 (1 restrained)
 8      -924.502           1.0   1099 20:06:40   21.6 (1 restrained)
 9      -923.546           1.0   1099 20:07:00   20.0 (2 restrained)
10      -926.666           1.0   1099 20:07:21   20.9 (1 restrained)
11      -925.081           1.0   1099 20:07:41   19.9 (1 restrained)
12      -923.736           1.0   1099 20:08:00   18.7 (2 restrained)
13      -926.863           1.0   1099 20:08:30   30.5
Model fitted using the sigma parameterization.
ASReml 4.1.0 Tue Oct  8 20:08:31 2024
          LogLik        Sigma2     DF     wall    cpu
 1      -948.056           1.0   1087 20:08:51   20.0
 2      -923.057           1.0   1087 20:09:12   20.9
 3      -900.761           1.0   1087 20:09:35   22.5
 4      -891.991           1.0   1087 20:09:56   21.3
 5      -890.410           1.0   1087 20:10:17   21.3
 6      -890.216           1.0   1087 20:10:38   20.4
 7      -889.996           1.0   1087 20:10:57   19.4
 8      -889.559           1.0   1087 20:11:18   20.9 (1 restrained)
 9      -889.077           1.0   1087 20:11:38   19.8 (2 restrained)
10      -891.754           1.0   1087 20:11:58   19.5 (1 restrained)
11      -890.330           1.0   1087 20:12:17   18.9 (2 restrained)
12      -889.358           1.0   1087 20:12:35   17.6 (1 restrained)
13      -888.777           1.0   1087 20:13:04   29.4 (2 restrained)
Model fitted using the sigma parameterization.
ASReml 4.1.0 Tue Oct  8 20:13:05 2024
          LogLik        Sigma2     DF     wall    cpu
 1      -964.114           1.0   1091 20:13:23   17.8
 2      -939.410           1.0   1091 20:13:41   18.4
 3      -917.533           1.0   1091 20:13:58   17.3
 4      -909.111           1.0   1091 20:14:15   16.6
 5      -907.627           1.0   1091 20:14:34   18.7
 6      -907.351           1.0   1091 20:14:49   15.4
 7      -906.931           1.0   1091 20:15:11   21.4 (2 restrained)
 8      -908.416           1.0   1091 20:15:29   18.5 (1 restrained)
 9      -906.792           1.0   1091 20:15:46   17.1 (1 restrained)
10      -905.924           1.0   1091 20:16:05   18.3 (2 restrained)
11      -908.787           1.0   1091 20:16:23   17.8 (1 restrained)
12      -907.322           1.0   1091 20:16:42   18.6 (2 restrained)
13      -906.316           1.0   1091 20:17:11   29.1 (1 restrained)
Model fitted using the sigma parameterization.
ASReml 4.1.0 Tue Oct  8 20:17:12 2024
          LogLik        Sigma2     DF     wall    cpu
 1      -968.717           1.0   1097 20:17:28   16.6
 2      -943.388           1.0   1097 20:17:48   19.1 (1 restrained)
 3      -928.499           1.0   1097 20:18:07   18.8
 4      -915.891           1.0   1097 20:18:24   17.4
 5      -911.456           1.0   1097 20:18:41   17.1
 6      -910.846           1.0   1097 20:19:01   19.6
 7      -910.828           1.0   1097 20:19:19   18.3
 8      -910.819           1.0   1097 20:19:39   19.0
 9      -910.813           1.0   1097 20:19:58   19.1
10      -910.809           1.0   1097 20:20:17   18.9
11      -910.806           1.0   1097 20:20:33   16.1
12      -910.804           1.0   1097 20:20:49   16.5
13      -910.802           1.0   1097 20:21:16   26.9
Model fitted using the sigma parameterization.
ASReml 4.1.0 Tue Oct  8 20:21:17 2024
          LogLik        Sigma2     DF     wall    cpu
 1      -999.953           1.0   1101 20:21:36   19.4
 2      -974.745           1.0   1101 20:21:58   21.8
 3      -952.322           1.0   1101 20:22:19   20.8
 4      -943.497           1.0   1101 20:22:36   17.0
 5      -941.532           1.0   1101 20:22:57   20.2 (1 restrained)
 6      -940.767           1.0   1101 20:23:18   21.2 (2 restrained)
 7      -943.304           1.0   1101 20:23:40   21.4 (1 restrained)
 8      -941.420           1.0   1101 20:24:00   20.0 (1 restrained)
 9      -939.922           1.0   1101 20:24:21   21.2 (2 restrained)
10      -943.430           1.0   1101 20:24:40   18.8 (1 restrained)
11      -941.675           1.0   1101 20:24:59   18.9 (1 restrained)
12      -940.033           1.0   1101 20:25:18   19.0
13      -939.442           1.0   1101 20:25:48   29.7
Model fitted using the sigma parameterization.
ASReml 4.1.0 Tue Oct  8 20:25:49 2024
          LogLik        Sigma2     DF     wall    cpu
 1      -919.158           1.0   1084 20:26:08   18.8
 2      -894.193           1.0   1084 20:26:30   22.1
 3      -871.991           1.0   1084 20:26:51   20.9 (1 restrained)
 4      -864.686           1.0   1084 20:27:13   21.9
 5      -862.319           1.0   1084 20:27:33   20.1
 6      -862.005           1.0   1084 20:27:54   21.2
 7      -861.967           1.0   1084 20:28:18   23.0 (1 restrained)
 8      -861.953           1.0   1084 20:28:39   21.3
 9      -861.927           1.0   1084 20:29:03   23.9
10      -861.905           1.0   1084 20:29:25   22.3
11      -861.883           1.0   1084 20:29:47   21.5
12      -861.856           1.0   1084 20:30:08   21.1
13      -861.817           1.0   1084 20:30:43   35.1
Model fitted using the sigma parameterization.
ASReml 4.1.0 Tue Oct  8 20:30:44 2024
          LogLik        Sigma2     DF     wall    cpu
 1      -955.452           1.0   1089 20:31:01   17.2
 2      -930.160           1.0   1089 20:31:20   18.5
 3      -907.740           1.0   1089 20:31:42   21.6
 4      -899.028           1.0   1089 20:32:02   20.3 (1 restrained)
 5      -897.587           1.0   1089 20:32:21   19.0
 6      -897.039           1.0   1089 20:32:40   19.0 (1 restrained)
 7      -896.411           1.0   1089 20:33:02   21.2 (2 restrained)
 8      -898.555           1.0   1089 20:33:22   20.5 (1 restrained)
 9      -896.899           1.0   1089 20:33:40   17.9 (1 restrained)
10      -895.699           1.0   1089 20:33:59   18.5 (2 restrained)
11      -898.841           1.0   1089 20:34:16   17.1 (1 restrained)
12      -897.293           1.0   1089 20:34:36   20.4 (1 restrained)
13      -895.866           1.0   1089 20:35:06   28.6
Model fitted using the sigma parameterization.
ASReml 4.1.0 Tue Oct  8 20:35:06 2024
          LogLik        Sigma2     DF     wall    cpu
 1      -979.393           1.0   1097 20:35:23   16.5
 2      -954.767           1.0   1097 20:35:42   18.8
 3      -932.892           1.0   1097 20:36:00   18.2
 4      -924.369           1.0   1097 20:36:18   17.7
 5      -922.732           1.0   1097 20:36:38   19.9
 6      -922.237           1.0   1097 20:36:57   19.3 (1 restrained)
 7      -921.653           1.0   1097 20:37:15   18.2 (2 restrained)
 8      -924.023           1.0   1097 20:37:33   17.2 (1 restrained)
 9      -922.374           1.0   1097 20:37:50   17.6 (1 restrained)
10      -921.161           1.0   1097 20:38:06   15.5 (2 restrained)
11      -924.226           1.0   1097 20:38:26   20.0 (2 restrained)
12      -922.037           1.0   1097 20:38:44   18.0 (2 restrained)
13      -924.833           1.0   1097 20:39:13   28.8 (1 restrained)
Model fitted using the sigma parameterization.
ASReml 4.1.0 Tue Oct  8 20:39:14 2024
          LogLik        Sigma2     DF     wall    cpu
 1     -1012.339           1.0   1105 20:39:31   17.2
 2      -987.412           1.0   1105 20:39:51   19.6
 3      -965.287           1.0   1105 20:40:09   18.8
 4      -956.654           1.0   1105 20:40:28   18.1
 5      -954.920           1.0   1105 20:40:46   17.9 (1 restrained)
 6      -954.300           1.0   1105 20:41:03   17.4 (2 restrained)
 7      -956.050           1.0   1105 20:41:22   18.2 (1 restrained)
 8      -954.213           1.0   1105 20:41:39   17.8 (1 restrained)
 9      -953.075           1.0   1105 20:41:55   15.4 (2 restrained)
10      -956.361           1.0   1105 20:42:14   18.6 (2 restrained)
11      -953.922           1.0   1105 20:42:31   17.4 (1 restrained)
12      -953.103           1.0   1105 20:42:48   17.0 (2 restrained)
13      -956.552           1.0   1105 20:43:16   27.5 (1 restrained)
Model fitted using the sigma parameterization.
ASReml 4.1.0 Tue Oct  8 20:43:16 2024
          LogLik        Sigma2     DF     wall    cpu
 1      -998.694           1.0   1100 20:43:33   17.1
 2      -973.169           1.0   1100 20:43:52   18.7
 3      -950.567           1.0   1100 20:44:11   18.6
 4      -941.823           1.0   1100 20:44:28   17.4 (1 restrained)
 5      -940.419           1.0   1100 20:44:46   17.4
 6      -939.907           1.0   1100 20:45:02   16.6 (1 restrained)
 7      -939.294           1.0   1100 20:45:19   16.4 (2 restrained)
 8      -941.271           1.0   1100 20:45:33   14.5 (1 restrained)
 9      -939.649           1.0   1100 20:45:55   21.2 (1 restrained)
10      -938.534           1.0   1100 20:46:14   19.2 (2 restrained)
11      -941.621           1.0   1100 20:46:32   18.2 (1 restrained)
12      -940.107           1.0   1100 20:46:49   16.7 (1 restrained)
13      -938.722           1.0   1100 20:47:16   26.7
Model fitted using the sigma parameterization.
ASReml 4.1.0 Tue Oct  8 20:47:17 2024
          LogLik        Sigma2     DF     wall    cpu
 1      -976.713           1.0   1094 20:47:33   16.4
 2      -951.358           1.0   1094 20:47:52   18.7
 3      -928.781           1.0   1094 20:48:10   18.6
 4      -919.885           1.0   1094 20:48:29   18.2 (1 restrained)
 5      -918.264           1.0   1094 20:48:46   16.9
 6      -917.343           1.0   1094 20:49:05   19.3 (2 restrained)
 7      -919.368           1.0   1094 20:49:20   14.3 (1 restrained)
 8      -917.572           1.0   1094 20:49:38   18.9 (1 restrained)
 9      -916.328           1.0   1094 20:49:58   19.4 (2 restrained)
10      -919.741           1.0   1094 20:50:17   18.8 (2 restrained)
11      -917.285           1.0   1094 20:50:34   16.9 (1 restrained)
12      -916.393           1.0   1094 20:50:51   16.6
13      -915.993           1.0   1094 20:51:17   26.7
Model fitted using the sigma parameterization.
ASReml 4.1.0 Tue Oct  8 20:51:18 2024
          LogLik        Sigma2     DF     wall    cpu
 1      -961.614           1.0   1092 20:51:35   17.1
 2      -937.130           1.0   1092 20:51:53   17.9
 3      -915.451           1.0   1092 20:52:10   16.6
 4      -907.106           1.0   1092 20:52:28   18.1
 5      -905.668           1.0   1092 20:52:45   16.9
 6      -905.479           1.0   1092 20:53:02   16.6
 7      -905.269           1.0   1092 20:53:20   17.8 (1 restrained)
 8      -904.963           1.0   1092 20:53:37   17.6 (1 restrained)
 9      -904.479           1.0   1092 20:53:55   17.8 (2 restrained)
10      -906.807           1.0   1092 20:54:13   17.8 (1 restrained)
11      -905.398           1.0   1092 20:54:32   18.9 (1 restrained)
12      -904.304           1.0   1092 20:54:49   17.5 (1 restrained)
13      -903.994           1.0   1092 20:55:17   27.0 (2 restrained)
Model fitted using the sigma parameterization.
ASReml 4.1.0 Tue Oct  8 20:55:17 2024
          LogLik        Sigma2     DF     wall    cpu
 1      -976.674           1.0   1097 20:55:32   14.9
 2      -952.545           1.0   1097 20:55:49   17.0
 3      -931.022           1.0   1097 20:56:05   15.8
 4      -922.593           1.0   1097 20:56:23   17.7 (1 restrained)
 5      -921.243           1.0   1097 20:56:40   16.8
 6      -920.841           1.0   1097 20:56:58   18.4
 7      -920.416           1.0   1097 20:57:17   18.9 (2 restrained)
 8      -921.864           1.0   1097 20:57:35   17.1 (1 restrained)
 9      -920.191           1.0   1097 20:57:53   18.0 (1 restrained)
10      -919.320           1.0   1097 20:58:10   17.4 (2 restrained)
11      -922.255           1.0   1097 20:58:29   18.7 (1 restrained)
12      -920.735           1.0   1097 20:58:46   17.3 (1 restrained)
13      -919.471           1.0   1097 20:59:13   26.6 (2 restrained)
Model fitted using the sigma parameterization.
ASReml 4.1.0 Tue Oct  8 20:59:13 2024
          LogLik        Sigma2     DF     wall    cpu
 1      -962.080           1.0   1094 20:59:30   16.4
 2      -936.688           1.0   1094 20:59:48   17.9
 3      -914.245           1.0   1094 21:00:04   15.8
 4      -905.652           1.0   1094 21:00:23   19.0
 5      -904.212           1.0   1094 21:00:45   21.9
 6      -904.047           1.0   1094 21:01:10   24.7
 7      -903.845           1.0   1094 21:01:33   23.1
 8      -903.432           1.0   1094 21:01:56   22.6 (2 restrained)
 9      -905.031           1.0   1094 21:02:18   22.4 (1 restrained)
10      -903.493           1.0   1094 21:02:41   22.5 (1 restrained)
11      -902.549           1.0   1094 21:03:04   22.7 (2 restrained)
12      -905.416           1.0   1094 21:03:28   24.4 (1 restrained)
13      -903.997           1.0   1094 21:04:03   34.4 (1 restrained)
Model fitted using the sigma parameterization.
ASReml 4.1.0 Tue Oct  8 21:04:03 2024
          LogLik        Sigma2     DF     wall    cpu
 1      -986.349           1.0   1098 21:04:24   20.6
 2      -960.281           1.0   1098 21:04:46   21.9
 3      -937.199           1.0   1098 21:05:08   21.9
 4      -928.295           1.0   1098 21:05:30   22.0
 5      -926.687           1.0   1098 21:05:52   21.9
 6      -926.366           1.0   1098 21:06:15   22.6
 7      -925.891           1.0   1098 21:06:39   23.8 (2 restrained)
 8      -925.392           1.0   1098 21:07:01   22.4 (2 restrained)
 9      -928.016           1.0   1098 21:07:24   22.6 (1 restrained)
10      -926.469           1.0   1098 21:07:46   22.3 (2 restrained)
11      -925.618           1.0   1098 21:08:08   21.5 (1 restrained)
12      -924.988           1.0   1098 21:08:32   23.2 (2 restrained)
13      -928.257           1.0   1098 21:09:05   33.1
Model fitted using the sigma parameterization.
ASReml 4.1.0 Tue Oct  8 21:09:05 2024
          LogLik        Sigma2     DF     wall    cpu
 1      -980.032           1.0   1100 21:09:25   19.8
 2      -955.496           1.0   1100 21:09:48   22.8
 3      -933.650           1.0   1100 21:10:11   22.5
 4      -925.131           1.0   1100 21:10:33   21.9
 5      -923.611           1.0   1100 21:10:54   21.5
 6      -923.353           1.0   1100 21:11:16   21.9
 7      -922.968           1.0   1100 21:11:38   21.2 (1 restrained)
 8      -922.459           1.0   1100 21:11:59   21.3 (2 restrained)
 9      -924.822           1.0   1100 21:12:21   22.2 (1 restrained)
10      -923.292           1.0   1100 21:12:44   22.1 (1 restrained)
11      -922.080           1.0   1100 21:13:05   21.6 (2 restrained)
12      -925.007           1.0   1100 21:13:27   22.2 (1 restrained)
13      -923.562           1.0   1100 21:14:00   32.3 (1 restrained)
Model fitted using the sigma parameterization.
ASReml 4.1.0 Tue Oct  8 21:14:00 2024
          LogLik        Sigma2     DF     wall    cpu
 1      -952.565           1.0   1088 21:14:22   21.2
 2      -927.485           1.0   1088 21:14:45   23.0
 3      -905.043           1.0   1088 21:15:07   22.3
 4      -896.141           1.0   1088 21:15:30   22.8
 5      -894.560           1.0   1088 21:15:53   22.2
 6      -894.466           1.0   1088 21:16:15   22.6
 7      -894.405           1.0   1088 21:16:39   23.6
 8      -894.333           1.0   1088 21:17:02   22.8
 9      -894.225           1.0   1088 21:17:24   22.4
10      -894.003           1.0   1088 21:17:46   22.1 (1 restrained)
11      -893.582           1.0   1088 21:18:08   21.1 (1 restrained)
12      -893.248           1.0   1088 21:18:29   21.7 (1 restrained)
13      -893.111           1.0   1088 21:19:00   30.4 (1 restrained)
Model fitted using the sigma parameterization.
ASReml 4.1.0 Tue Oct  8 21:19:00 2024
          LogLik        Sigma2     DF     wall    cpu
 1      -977.415           1.0   1095 21:19:18   17.6
 2      -951.876           1.0   1095 21:19:39   20.3
 3      -929.363           1.0   1095 21:19:58   19.4
 4      -920.787           1.0   1095 21:20:18   19.5
 5      -919.317           1.0   1095 21:20:37   19.1 (1 restrained)
 6      -919.086           1.0   1095 21:20:56   18.9
 7      -918.788           1.0   1095 21:21:16   20.4 (1 restrained)
 8      -918.289           1.0   1095 21:21:37   20.6 (2 restrained)
 9      -920.369           1.0   1095 21:21:58   21.2 (1 restrained)
10      -918.864           1.0   1095 21:22:21   22.2 (1 restrained)
11      -917.789           1.0   1095 21:22:43   22.7 (2 restrained)
12      -920.637           1.0   1095 21:23:06   22.4 (1 restrained)
13      -919.218           1.0   1095 21:23:39   33.1 (1 restrained)
Model fitted using the sigma parameterization.
ASReml 4.1.0 Tue Oct  8 21:23:39 2024
          LogLik        Sigma2     DF     wall    cpu
 1      -968.581           1.0   1094 21:24:01   21.1
 2      -943.733           1.0   1094 21:24:23   22.3
 3      -921.597           1.0   1094 21:24:45   21.8
 4      -912.918           1.0   1094 21:25:08   22.3
 5      -911.210           1.0   1094 21:25:31   22.8 (1 restrained)
 6      -910.624           1.0   1094 21:25:54   22.8 (2 restrained)
 7      -912.096           1.0   1094 21:26:14   20.5 (1 restrained)
 8      -910.331           1.0   1094 21:26:36   21.3 (1 restrained)
 9      -909.419           1.0   1094 21:26:55   19.4 (2 restrained)
10      -912.488           1.0   1094 21:27:14   19.2 (1 restrained)
11      -910.872           1.0   1094 21:27:33   18.7 (2 restrained)
12      -909.803           1.0   1094 21:27:55   21.9 (2 restrained)
13      -913.069           1.0   1094 21:28:28   32.9 (1 restrained)
Model fitted using the sigma parameterization.
ASReml 4.1.0 Tue Oct  8 21:28:29 2024
          LogLik        Sigma2     DF     wall    cpu
 1      -985.101           1.0   1098 21:28:49   20.1
 2      -959.322           1.0   1098 21:29:13   23.7
 3      -936.515           1.0   1098 21:29:34   21.3
 4      -927.700           1.0   1098 21:29:55   21.2
 5      -926.019           1.0   1098 21:30:18   22.1
 6      -925.516           1.0   1098 21:30:39   21.7 (1 restrained)
 7      -924.913           1.0   1098 21:31:03   22.7 (2 restrained)
 8      -927.429           1.0   1098 21:31:26   23.7 (1 restrained)
 9      -925.827           1.0   1098 21:31:50   23.4 (2 restrained)
10      -924.771           1.0   1098 21:32:12   22.3 (1 restrained)
11      -924.194           1.0   1098 21:32:36   23.3 (2 restrained)
12      -927.338           1.0   1098 21:32:59   23.1 (1 restrained)
13      -925.839           1.0   1098 21:33:34   35.0 (1 restrained)
Model fitted using the sigma parameterization.
ASReml 4.1.0 Tue Oct  8 21:33:34 2024
          LogLik        Sigma2     DF     wall    cpu
 1     -1003.810           1.0   1105 21:33:54   19.3
 2      -979.398           1.0   1105 21:34:16   22.2
 3      -957.795           1.0   1105 21:34:37   20.7
 4      -949.475           1.0   1105 21:34:59   22.2
 5      -947.955           1.0   1105 21:35:20   20.1
 6      -947.546           1.0   1105 21:35:40   19.7 (1 restrained)
 7      -946.920           1.0   1105 21:36:02   22.6 (3 restrained)
 8      -949.280           1.0   1105 21:36:23   20.4 (1 restrained)
 9      -947.353           1.0   1105 21:36:45   21.7 (1 restrained)
10      -946.153           1.0   1105 21:37:06   21.0 (2 restrained)
11      -949.498           1.0   1105 21:37:27   20.6 (2 restrained)
12      -947.413           1.0   1105 21:37:47   20.6 (2 restrained)
13      -950.245           1.0   1105 21:38:21   33.4
Model fitted using the sigma parameterization.
ASReml 4.1.0 Tue Oct  8 21:38:21 2024
          LogLik        Sigma2     DF     wall    cpu
 1      -948.309           1.0   1089 21:38:42   20.4
 2      -923.101           1.0   1089 21:39:04   22.1
 3      -900.525           1.0   1089 21:39:26   21.7
 4      -891.571           1.0   1089 21:39:47   21.6
 5      -889.977           1.0   1089 21:40:08   20.7
 6      -889.817           1.0   1089 21:40:31   22.7 (1 restrained)
 7      -889.667           1.0   1089 21:40:52   21.0
 8      -889.437           1.0   1089 21:41:13   20.8 (1 restrained)
 9      -889.022           1.0   1089 21:41:35   21.6 (1 restrained)
10      -888.667           1.0   1089 21:41:57   22.2 (1 restrained)
11      -888.513           1.0   1089 21:42:19   21.1 (2 restrained)
12      -891.122           1.0   1089 21:42:42   22.7
13      -890.005           1.0   1089 21:43:15   33.0 (1 restrained)
Model fitted using the sigma parameterization.
ASReml 4.1.0 Tue Oct  8 21:43:15 2024
          LogLik        Sigma2     DF     wall    cpu
 1      -996.159           1.0   1100 21:43:34   19.0
 2      -970.939           1.0   1100 21:43:55   20.8
 3      -948.448           1.0   1100 21:44:17   21.4
 4      -939.619           1.0   1100 21:44:37   20.6
 5      -938.014           1.0   1100 21:44:58   21.0 (1 restrained)
 6      -937.755           1.0   1100 21:45:19   21.1
 7      -937.363           1.0   1100 21:45:41   21.6 (1 restrained)
 8      -936.838           1.0   1100 21:46:03   22.3 (2 restrained)
 9      -939.282           1.0   1100 21:46:25   21.2 (1 restrained)
10      -937.809           1.0   1100 21:46:46   21.0 (1 restrained)
11      -936.564           1.0   1100 21:47:08   21.4 (1 restrained)
12      -936.131           1.0   1100 21:47:26   18.6 (2 restrained)
13      -939.047           1.0   1100 21:47:59   33.0 (1 restrained)
Model fitted using the sigma parameterization.
ASReml 4.1.0 Tue Oct  8 21:48:00 2024
          LogLik        Sigma2     DF     wall    cpu
 1      -980.979           1.0   1097 21:48:20   19.2
 2      -955.929           1.0   1097 21:48:41   21.4
 3      -933.744           1.0   1097 21:49:01   20.3
 4      -925.170           1.0   1097 21:49:24   22.6
 5      -923.581           1.0   1097 21:49:45   21.2 (1 restrained)
 6      -923.167           1.0   1097 21:50:06   20.9 (1 restrained)
 7      -922.562           1.0   1097 21:50:28   21.2 (2 restrained)
 8      -924.720           1.0   1097 21:50:49   21.0 (1 restrained)
 9      -923.086           1.0   1097 21:51:12   22.8 (1 restrained)
10      -921.919           1.0   1097 21:51:34   22.4 (2 restrained)
11      -924.972           1.0   1097 21:51:57   22.4 (2 restrained)
12      -922.806           1.0   1097 21:52:20   23.3 (2 restrained)
13      -925.592           1.0   1097 21:52:54   33.6 (1 restrained)
Model fitted using the sigma parameterization.
ASReml 4.1.0 Tue Oct  8 21:52:54 2024
          LogLik        Sigma2     DF     wall    cpu
 1      -935.652           1.0   1084 21:53:15   20.9
 2      -910.030           1.0   1084 21:53:39   23.2
 3      -887.384           1.0   1084 21:54:02   22.5
 4      -878.699           1.0   1084 21:54:24   22.3
 5      -877.179           1.0   1084 21:54:47   23.4
 6      -876.927           1.0   1084 21:55:09   21.5 (1 restrained)
 7      -876.626           1.0   1084 21:55:31   22.1 (1 restrained)
 8      -876.117           1.0   1084 21:55:52   20.4 (2 restrained)
 9      -878.282           1.0   1084 21:56:13   21.4 (1 restrained)
10      -876.775           1.0   1084 21:56:35   21.5 (1 restrained)
11      -875.660           1.0   1084 21:56:58   23.2 (2 restrained)
12      -878.544           1.0   1084 21:57:22   23.5 (2 restrained)
13      -876.422           1.0   1084 21:57:56   33.7 (1 restrained)
Model fitted using the sigma parameterization.
ASReml 4.1.0 Tue Oct  8 21:57:56 2024
          LogLik        Sigma2     DF     wall    cpu
 1      -981.315           1.0   1097 21:58:16   20.2
 2      -956.095           1.0   1097 21:58:39   22.3
 3      -933.617           1.0   1097 21:59:01   22.5
 4      -924.799           1.0   1097 21:59:24   22.3
 5      -923.172           1.0   1097 21:59:47   22.8 (1 restrained)
 6      -922.896           1.0   1097 22:00:09   21.9
 7      -922.465           1.0   1097 22:00:32   22.6 (1 restrained)
 8      -921.924           1.0   1097 22:00:53   20.9 (2 restrained)
 9      -924.496           1.0   1097 22:01:15   22.4 (1 restrained)
10      -923.061           1.0   1097 22:01:34   19.1 (1 restrained)
11      -921.830           1.0   1097 22:01:56   22.1 (1 restrained)
12      -921.391           1.0   1097 22:02:16   19.5 (2 restrained)
13      -924.295           1.0   1097 22:02:49   32.4
Model fitted using the sigma parameterization.
ASReml 4.1.0 Tue Oct  8 22:02:49 2024
          LogLik        Sigma2     DF     wall    cpu
 1     -1001.631           1.0   1101 22:03:09   19.6
 2      -976.093           1.0   1101 22:03:31   21.5
 3      -953.508           1.0   1101 22:03:52   21.0
 4      -944.816           1.0   1101 22:04:14   22.3
 5      -943.252           1.0   1101 22:04:35   20.8
 6      -942.934           1.0   1101 22:04:57   20.9 (1 restrained)
 7      -942.476           1.0   1101 22:05:17   20.6 (2 restrained)
 8      -944.223           1.0   1101 22:05:38   21.0 (1 restrained)
 9      -942.646           1.0   1101 22:06:00   21.6 (1 restrained)
10      -941.631           1.0   1101 22:06:21   21.1 (2 restrained)
11      -944.554           1.0   1101 22:06:43   21.4 (1 restrained)
12      -943.115           1.0   1101 22:07:05   22.5 (2 restrained)
13      -942.070           1.0   1101 22:07:38   32.9
Model fitted using the sigma parameterization.
ASReml 4.1.0 Tue Oct  8 22:07:39 2024
          LogLik        Sigma2     DF     wall    cpu
 1      -983.920           1.0   1096 22:07:59   19.5
 2      -959.082           1.0   1096 22:08:21   21.9
 3      -936.966           1.0   1096 22:08:42   21.4
 4      -928.288           1.0   1096 22:09:04   22.1
 5      -926.610           1.0   1096 22:09:25   20.7 (1 restrained)
 6      -926.153           1.0   1096 22:09:47   21.7 (1 restrained)
 7      -925.551           1.0   1096 22:10:09   21.4 (2 restrained)
 8      -927.863           1.0   1096 22:10:31   22.4 (1 restrained)
 9      -926.223           1.0   1096 22:10:53   21.4 (1 restrained)
10      -924.967           1.0   1096 22:11:16   22.7 (2 restrained)
11      -928.116           1.0   1096 22:11:37   21.0 (2 restrained)
12      -925.896           1.0   1096 22:11:58   21.0 (1 restrained)
13      -924.679           1.0   1096 22:12:31   33.2
Model fitted using the sigma parameterization.
ASReml 4.1.0 Tue Oct  8 22:12:31 2024
          LogLik        Sigma2     DF     wall    cpu
 1      -927.039           1.0   1087 22:12:51   19.8
 2      -901.845           1.0   1087 22:13:14   22.3
 3      -879.549           1.0   1087 22:13:35   21.3
 4      -870.969           1.0   1087 22:13:56   20.4
 5      -869.435           1.0   1087 22:14:18   22.3
 6      -869.125           1.0   1087 22:14:40   21.6
 7      -868.641           1.0   1087 22:15:01   20.7 (3 restrained)
 8      -870.915           1.0   1087 22:15:21   20.5 (1 restrained)
 9      -868.887           1.0   1087 22:15:41   19.9 (1 restrained)
10      -867.777           1.0   1087 22:16:03   22.1 (3 restrained)
11      -871.227           1.0   1087 22:16:25   21.7 (1 restrained)
12      -869.610           1.0   1087 22:16:47   21.6 (2 restrained)
13      -868.361           1.0   1087 22:17:21   33.4
Model fitted using the sigma parameterization.
ASReml 4.1.0 Tue Oct  8 22:17:21 2024
          LogLik        Sigma2     DF     wall    cpu
 1      -969.594           1.0   1094 22:17:41   19.7
 2      -944.948           1.0   1094 22:18:04   22.5
 3      -923.048           1.0   1094 22:18:26   22.6
 4      -914.539           1.0   1094 22:18:48   21.7
 5      -913.066           1.0   1094 22:19:09   20.6
 6      -912.886           1.0   1094 22:19:31   22.4
 7      -912.655           1.0   1094 22:19:53   22.3
 8      -912.173           1.0   1094 22:20:13   19.4 (2 restrained)
 9      -914.063           1.0   1094 22:20:36   22.2 (1 restrained)
10      -912.543           1.0   1094 22:20:57   21.5 (1 restrained)
11      -911.491           1.0   1094 22:21:19   21.4 (2 restrained)
12      -914.384           1.0   1094 22:21:40   21.5 (1 restrained)
13      -912.981           1.0   1094 22:22:14   33.1 (1 restrained)
Model fitted using the sigma parameterization.
ASReml 4.1.0 Tue Oct  8 22:22:14 2024
          LogLik        Sigma2     DF     wall    cpu
 1      -959.354           1.0   1090 22:22:35   20.2
 2      -934.360           1.0   1090 22:22:55   20.8
 3      -912.119           1.0   1090 22:23:17   21.4
 4      -903.442           1.0   1090 22:23:40   22.6
 5      -901.919           1.0   1090 22:24:01   21.7 (1 restrained)
 6      -901.745           1.0   1090 22:24:21   19.9
 7      -901.556           1.0   1090 22:24:44   22.4
 8      -901.195           1.0   1090 22:25:06   21.8 (1 restrained)
 9      -900.676           1.0   1090 22:25:29   22.9 (2 restrained)
10      -903.138           1.0   1090 22:25:49   19.9 (1 restrained)
11      -901.756           1.0   1090 22:26:11   22.4 (1 restrained)
12      -900.572           1.0   1090 22:26:34   22.5 (2 restrained)
13      -903.379           1.0   1090 22:27:08   34.0 (1 restrained)
Model fitted using the sigma parameterization.
ASReml 4.1.0 Tue Oct  8 22:27:08 2024
          LogLik        Sigma2     DF     wall    cpu
 1      -965.472           1.0   1093 22:27:29   20.2
 2      -940.611           1.0   1093 22:27:52   22.7
 3      -918.456           1.0   1093 22:28:14   21.9
 4      -909.746           1.0   1093 22:28:36   22.4
 5      -908.031           1.0   1093 22:28:58   22.0
 6      -907.446           1.0   1093 22:29:21   22.8 (2 restrained)
 7      -909.065           1.0   1093 22:29:45   23.5 (1 restrained)
 8      -907.353           1.0   1093 22:30:06   21.5 (1 restrained)
 9      -906.312           1.0   1093 22:30:26   19.7 (2 restrained)
10      -909.536           1.0   1093 22:30:47   20.4 (1 restrained)
11      -907.969           1.0   1093 22:31:09   22.6 (2 restrained)
12      -906.811           1.0   1093 22:31:31   21.4 (1 restrained)
13      -906.122           1.0   1093 22:32:05   33.4
Model fitted using the sigma parameterization.
ASReml 4.1.0 Tue Oct  8 22:32:05 2024
          LogLik        Sigma2     DF     wall    cpu
 1     -1009.498           1.0   1104 22:32:24   18.8
 2      -984.083           1.0   1104 22:32:44   19.8
 3      -961.670           1.0   1104 22:33:04   19.4
 4      -953.134           1.0   1104 22:33:25   21.2
 5      -951.701           1.0   1104 22:33:47   21.7
 6      -951.526           1.0   1104 22:34:09   21.6
 7      -951.328           1.0   1104 22:34:30   20.9
 8      -950.946           1.0   1104 22:34:50   20.9 (2 restrained)
 9      -952.504           1.0   1104 22:35:11   20.6 (1 restrained)
10      -950.974           1.0   1104 22:35:32   21.0 (2 restrained)
11      -950.382           1.0   1104 22:35:55   22.4 (2 restrained)
12      -953.193           1.0   1104 22:36:15   20.1 (1 restrained)
13      -951.790           1.0   1104 22:36:47   31.5 (1 restrained)
Model fitted using the sigma parameterization.
ASReml 4.1.0 Tue Oct  8 22:36:47 2024
          LogLik        Sigma2     DF     wall    cpu
 1      -984.246           1.0   1100 22:37:05   18.1
 2      -958.758           1.0   1100 22:37:27   20.8
 3      -936.083           1.0   1100 22:37:48   21.7 (1 restrained)
 4      -928.648           1.0   1100 22:38:10   21.6
 5      -925.780           1.0   1100 22:38:31   21.3
 6      -924.590           1.0   1100 22:38:54   22.3 (2 restrained)
 7      -926.531           1.0   1100 22:39:15   20.9 (1 restrained)
 8      -924.656           1.0   1100 22:39:36   20.7 (1 restrained)
 9      -923.498           1.0   1100 22:39:57   21.6 (2 restrained)
10      -926.984           1.0   1100 22:40:18   20.7 (1 restrained)
11      -925.219           1.0   1100 22:40:40   21.6 (1 restrained)
12      -923.699           1.0   1100 22:41:01   20.9
13      -923.228           1.0   1100 22:41:34   32.8
Model fitted using the sigma parameterization.
ASReml 4.1.0 Tue Oct  8 22:41:34 2024
          LogLik        Sigma2     DF     wall    cpu
 1      -947.770           1.0   1088 22:41:51   17.1
 2      -922.957           1.0   1088 22:42:14   22.5
 3      -900.961           1.0   1088 22:42:34   19.7 (1 restrained)
 4      -893.774           1.0   1088 22:42:57   22.7
 5      -891.420           1.0   1088 22:43:19   21.9
 6      -891.078           1.0   1088 22:43:39   20.2
 7      -891.010           1.0   1088 22:44:01   22.1
 8      -890.948           1.0   1088 22:44:25   23.4
 9      -890.874           1.0   1088 22:44:48   23.4
10      -890.755           1.0   1088 22:45:10   21.2
11      -890.483           1.0   1088 22:45:31   20.9 (1 restrained)
12      -890.054           1.0   1088 22:45:53   22.5 (2 restrained)
13      -892.335           1.0   1088 22:46:26   32.6 (1 restrained)
Model fitted using the sigma parameterization.
ASReml 4.1.0 Tue Oct  8 22:46:27 2024
          LogLik        Sigma2     DF     wall    cpu
 1      -985.437           1.0   1099 22:46:46   19.1
 2      -960.561           1.0   1099 22:47:07   20.7
 3      -938.455           1.0   1099 22:47:27   20.0
 4      -929.857           1.0   1099 22:47:49   22.2
 5      -928.295           1.0   1099 22:48:08   18.5 (1 restrained)
 6      -927.993           1.0   1099 22:48:24   16.2
 7      -927.542           1.0   1099 22:48:40   16.0 (2 restrained)
 8      -929.206           1.0   1099 22:48:56   15.9 (1 restrained)
 9      -927.636           1.0   1099 22:49:12   15.9 (1 restrained)
10      -926.703           1.0   1099 22:49:28   16.0 (2 restrained)
11      -929.611           1.0   1099 22:49:44   16.1 (1 restrained)
12      -928.155           1.0   1099 22:50:01   16.2 (1 restrained)
13      -926.887           1.0   1099 22:50:24   23.2 (2 restrained)
Model fitted using the sigma parameterization.
ASReml 4.1.0 Tue Oct  8 22:50:24 2024
          LogLik        Sigma2     DF     wall    cpu
 1      -984.590           1.0   1095 22:50:39   14.4
 2      -958.998           1.0   1095 22:50:55   16.5
 3      -936.299           1.0   1095 22:51:12   16.5
 4      -927.483           1.0   1095 22:51:28   16.4
 5      -925.833           1.0   1095 22:51:45   16.4
 6      -925.414           1.0   1095 22:52:01   16.3 (1 restrained)
 7      -924.823           1.0   1095 22:52:18   16.3 (2 restrained)
 8      -927.039           1.0   1095 22:52:34   16.3 (2 restrained)
 9      -924.857           1.0   1095 22:52:50   16.3 (1 restrained)
10      -923.965           1.0   1095 22:53:07   16.3 (2 restrained)
11      -927.038           1.0   1095 22:53:23   16.4 (2 restrained)
12      -924.918           1.0   1095 22:53:39   16.3 (1 restrained)
13      -924.006           1.0   1095 22:54:03   23.6
Model fitted using the sigma parameterization.
ASReml 4.1.0 Tue Oct  8 22:54:04 2024
          LogLik        Sigma2     DF     wall    cpu
 1      -944.079           1.0   1091 22:54:18   14.4
 2      -919.315           1.0   1091 22:54:35   16.6
 3      -897.220           1.0   1091 22:54:51   16.4
 4      -888.590           1.0   1091 22:55:08   16.4
 5      -887.125           1.0   1091 22:55:24   16.3
 6      -886.984           1.0   1091 22:55:41   16.4
 7      -886.847           1.0   1091 22:55:57   16.2
 8      -886.637           1.0   1091 22:56:13   16.3 (1 restrained)
 9      -886.223           1.0   1091 22:56:30   16.2 (1 restrained)
10      -885.780           1.0   1091 22:56:44   13.9 (2 restrained)
11      -888.221           1.0   1091 22:57:02   18.0 (1 restrained)
12      -886.909           1.0   1091 22:57:19   17.6 (1 restrained)
13      -885.821           1.0   1091 22:57:47   27.1 (1 restrained)
Model fitted using the sigma parameterization.
ASReml 4.1.0 Tue Oct  8 22:57:47 2024
          LogLik        Sigma2     DF     wall    cpu
 1      -957.965           1.0   1089 22:58:03   15.5
 2      -933.117           1.0   1089 22:58:20   17.3
 3      -911.113           1.0   1089 22:58:37   16.9
 4      -902.615           1.0   1089 22:58:54   16.7
 5      -901.059           1.0   1089 22:59:10   16.5 (1 restrained)
 6      -900.691           1.0   1089 22:59:27   16.4 (1 restrained)
 7      -900.082           1.0   1089 22:59:43   16.4 (2 restrained)
 8      -902.077           1.0   1089 23:00:00   16.3 (1 restrained)
 9      -900.411           1.0   1089 23:00:14   14.1 (1 restrained)
10      -899.271           1.0   1089 23:00:32   17.9 (2 restrained)
11      -902.376           1.0   1089 23:00:50   17.7 (1 restrained)
12      -900.822           1.0   1089 23:01:07   17.2 (1 restrained)
13      -899.429           1.0   1089 23:01:34   26.4
Model fitted using the sigma parameterization.
ASReml 4.1.0 Tue Oct  8 23:01:34 2024
          LogLik        Sigma2     DF     wall    cpu
 1      -990.666           1.0   1101 23:01:50   15.5
 2      -965.382           1.0   1101 23:02:07   17.0
 3      -942.966           1.0   1101 23:02:23   16.6
 4      -934.277           1.0   1101 23:02:40   16.4
 5      -932.682           1.0   1101 23:02:56   16.3
 6      -932.332           1.0   1101 23:03:13   16.4 (2 restrained)
 7      -931.764           1.0   1101 23:03:29   16.1 (2 restrained)
 8      -933.715           1.0   1101 23:03:43   14.1 (1 restrained)
 9      -932.169           1.0   1101 23:04:00   16.8 (2 restrained)
10      -931.271           1.0   1101 23:04:16   16.3 (1 restrained)
11      -930.824           1.0   1101 23:04:32   16.0 (2 restrained)
12      -933.833           1.0   1101 23:04:48   15.9 (1 restrained)
13      -932.385           1.0   1101 23:05:14   25.3 (1 restrained)
Model fitted using the sigma parameterization.
ASReml 4.1.0 Tue Oct  8 23:05:14 2024
          LogLik        Sigma2     DF     wall    cpu
 1      -974.965           1.0   1097 23:05:30   15.4
 2      -949.341           1.0   1097 23:05:47   17.0
 3      -926.653           1.0   1097 23:06:03   16.7
 4      -917.841           1.0   1097 23:06:20   16.5 (1 restrained)
 5      -916.297           1.0   1097 23:06:37   16.5
 6      -915.435           1.0   1097 23:06:53   16.6 (2 restrained)
 7      -917.060           1.0   1097 23:07:10   16.3 (1 restrained)
 8      -915.274           1.0   1097 23:07:24   14.5 (1 restrained)
 9      -914.240           1.0   1097 23:07:41   16.5 (2 restrained)
10      -917.569           1.0   1097 23:07:57   15.8 (1 restrained)
11      -915.883           1.0   1097 23:08:12   15.7 (1 restrained)
12      -914.443           1.0   1097 23:08:28   15.9 (2 restrained)
13      -917.777           1.0   1097 23:08:54   25.3
Model fitted using the sigma parameterization.
ASReml 4.1.0 Tue Oct  8 23:08:54 2024
          LogLik        Sigma2     DF     wall    cpu
 1     -1011.250           1.0   1105 23:09:10   15.2
 2      -986.592           1.0   1105 23:09:26   16.9
 3      -964.663           1.0   1105 23:09:43   16.6
 4      -956.138           1.0   1105 23:10:00   16.5
 5      -954.671           1.0   1105 23:10:16   16.3
 6      -954.506           1.0   1105 23:10:32   16.2
 7      -954.322           1.0   1105 23:10:49   16.2 (1 restrained)
 8      -954.012           1.0   1105 23:11:04   14.7 (1 restrained)
 9      -953.537           1.0   1105 23:11:17   13.3 (2 restrained)
10      -955.828           1.0   1105 23:11:29   12.2 (2 restrained)
11      -953.810           1.0   1105 23:11:41   12.2 (1 restrained)
12      -952.938           1.0   1105 23:11:54   12.1 (2 restrained)
13      -955.764           1.0   1105 23:12:12   18.7 (2 restrained)
Model fitted using the sigma parameterization.
ASReml 4.1.0 Tue Oct  8 23:12:13 2024
          LogLik        Sigma2     DF     wall    cpu
 1      -967.339           1.0   1092 23:12:24   11.2
 2      -942.334           1.0   1092 23:12:37   12.5
 3      -920.044           1.0   1092 23:12:49   12.5
 4      -911.315           1.0   1092 23:13:02   12.5
 5      -909.789           1.0   1092 23:13:14   12.5
 6      -909.625           1.0   1092 23:13:27   12.5
 7      -909.451           1.0   1092 23:13:39   12.5 (1 restrained)
 8      -909.188           1.0   1092 23:13:52   12.5 (1 restrained)
 9      -908.741           1.0   1092 23:14:05   12.5 (1 restrained)
10      -908.354           1.0   1092 23:14:17   12.5 (2 restrained)
11      -910.875           1.0   1092 23:14:30   12.5 (1 restrained)
12      -909.561           1.0   1092 23:14:42   12.5 (1 restrained)
13      -908.469           1.0   1092 23:15:01   19.1 (1 restrained)
Model fitted using the sigma parameterization.
ASReml 4.1.0 Tue Oct  8 23:15:02 2024
          LogLik        Sigma2     DF     wall    cpu
 1      -967.395           1.0   1091 23:15:13   11.1
 2      -941.738           1.0   1091 23:15:26   12.5
 3      -919.057           1.0   1091 23:15:38   12.5
 4      -910.340           1.0   1091 23:15:51   12.4
 5      -908.788           1.0   1091 23:16:03   12.5
 6      -908.486           1.0   1091 23:16:16   12.4
 7      -907.994           1.0   1091 23:16:28   12.4 (3 restrained)
 8      -909.806           1.0   1091 23:16:41   12.5 (1 restrained)
 9      -908.170           1.0   1091 23:16:53   12.5 (1 restrained)
10      -907.143           1.0   1091 23:17:06   12.5 (2 restrained)
11      -910.287           1.0   1091 23:17:18   12.4 (1 restrained)
12      -908.732           1.0   1091 23:17:31   12.5 (2 restrained)
13      -907.616           1.0   1091 23:17:50   19.2
Model fitted using the sigma parameterization.
ASReml 4.1.0 Tue Oct  8 23:17:50 2024
          LogLik        Sigma2     DF     wall    cpu
 1      -942.851           1.0   1090 23:18:02   11.2
 2      -918.260           1.0   1090 23:18:15   12.6
 3      -896.351           1.0   1090 23:18:27   12.6
 4      -887.797           1.0   1090 23:18:40   12.6
 5      -886.271           1.0   1090 23:18:52   12.6 (1 restrained)
 6      -886.031           1.0   1090 23:19:05   12.2
 7      -885.702           1.0   1090 23:19:17   12.6 (1 restrained)
 8      -885.216           1.0   1090 23:19:30   12.6 (2 restrained)
 9      -887.466           1.0   1090 23:19:43   12.6 (1 restrained)
10      -885.965           1.0   1090 23:19:55   12.6 (1 restrained)
11      -884.808           1.0   1090 23:20:08   12.6 (2 restrained)
12      -887.680           1.0   1090 23:20:20   12.5 (1 restrained)
13      -886.266           1.0   1090 23:20:40   19.2 (1 restrained)
Model fitted using the sigma parameterization.
ASReml 4.1.0 Tue Oct  8 23:20:40 2024
          LogLik        Sigma2     DF     wall    cpu
 1      -986.879           1.0   1099 23:20:51   11.0
 2      -961.768           1.0   1099 23:21:04   12.4
 3      -939.388           1.0   1099 23:21:16   12.3
 4      -930.650           1.0   1099 23:21:28   12.4
 5      -929.177           1.0   1099 23:21:41   12.3
 6      -929.077           1.0   1099 23:21:53   12.3
 7      -929.006           1.0   1099 23:22:06   12.3
 8      -928.931           1.0   1099 23:22:18   12.3
 9      -928.828           1.0   1099 23:22:30   12.3 (1 restrained)
10      -928.621           1.0   1099 23:22:43   12.3 (1 restrained)
11      -928.237           1.0   1099 23:22:55   12.3 (1 restrained)
12      -927.929           1.0   1099 23:23:07   12.3 (2 restrained)
13      -930.342           1.0   1099 23:23:26   18.9 (2 restrained)
Model fitted using the sigma parameterization.
ASReml 4.1.0 Tue Oct  8 23:23:27 2024
          LogLik        Sigma2     DF     wall    cpu
 1      -978.228           1.0   1096 23:23:38   11.0
 2      -953.213           1.0   1096 23:23:51   12.3
 3      -930.993           1.0   1096 23:24:03   12.3
 4      -922.372           1.0   1096 23:24:15   12.3
 5      -920.860           1.0   1096 23:24:28   12.3
 6      -920.648           1.0   1096 23:24:40   12.3 (1 restrained)
 7      -920.405           1.0   1096 23:24:52   12.3 (1 restrained)
 8      -919.944           1.0   1096 23:25:05   12.4 (2 restrained)
 9      -921.968           1.0   1096 23:25:17   12.3 (1 restrained)
10      -920.512           1.0   1096 23:25:29   12.3 (1 restrained)
11      -919.443           1.0   1096 23:25:42   12.3 (1 restrained)
12      -919.131           1.0   1096 23:25:54   12.3 (2 restrained)
13      -921.871           1.0   1096 23:26:13   19.0 (1 restrained)
Model fitted using the sigma parameterization.
ASReml 4.1.0 Tue Oct  8 23:26:14 2024
          LogLik        Sigma2     DF     wall    cpu
 1      -979.454           1.0   1099 23:26:25   11.0
 2      -954.249           1.0   1099 23:26:37   12.3
 3      -931.910           1.0   1099 23:26:49   12.3
 4      -923.283           1.0   1099 23:27:02   12.3
 5      -921.774           1.0   1099 23:27:14   12.3
 6      -921.542           1.0   1099 23:27:26   12.3
