WARNING: ignoring environment value of R_HOME
Online License checked out Tue Oct  8 15:27:24 2024
Model fitted using the sigma parameterization.
ASReml 4.1.0 Tue Oct  8 15:27:28 2024
          LogLik        Sigma2     DF     wall    cpu
 1     -1068.393           1.0    985 15:27:53   24.5
 2     -1046.797           1.0    985 15:28:21   27.7
 3     -1027.641           1.0    985 15:28:50   28.3
 4     -1020.074           1.0    985 15:29:16   25.9
 5     -1018.183           1.0    985 15:29:44   28.7 (2 restrained)
 6     -1018.960           1.0    985 15:30:12   27.6 (2 restrained)
 7     -1017.266           1.0    985 15:30:38   26.0 (2 restrained)
 8     -1019.551           1.0    985 15:31:06   28.1 (3 restrained)
 9     -1020.671           1.0    985 15:31:36   29.1 (2 restrained)
10     -1020.979           1.0    985 15:32:05   29.4 (2 restrained)
11     -1020.986           1.0    985 15:32:32   26.8 (1 restrained)
12     -1020.977           1.0    985 15:33:00   28.0
13     -1020.607           1.0    985 15:33:51   51.2
Model fitted using the sigma parameterization.
ASReml 4.1.0 Tue Oct  8 15:33:52 2024
          LogLik        Sigma2     DF     wall    cpu
 1     -1082.231           1.0    983 15:34:17   24.3
 2     -1061.640           1.0    983 15:34:44   26.8
 3     -1043.365           1.0    983 15:35:11   27.2
 4     -1036.331           1.0    983 15:35:39   27.4
 5     -1035.206           1.0    983 15:36:06   27.7
 6     -1035.157           1.0    983 15:36:33   27.0
 7     -1035.131           1.0    983 15:37:01   27.2
 8     -1035.112           1.0    983 15:37:29   28.4
 9     -1035.095           1.0    983 15:37:55   26.1
10     -1035.076           1.0    983 15:38:20   24.6
11     -1035.053           1.0    983 15:38:43   22.8
12     -1035.015           1.0    983 15:39:09   26.1
13     -1034.937           1.0    983 15:39:55   45.4
Model fitted using the sigma parameterization.
ASReml 4.1.0 Tue Oct  8 15:39:55 2024
          LogLik        Sigma2     DF     wall    cpu
 1     -1084.079           1.0    986 15:40:18   22.9
 2     -1062.004           1.0    986 15:40:43   24.2
 3     -1042.431           1.0    986 15:41:07   23.9
 4     -1034.885           1.0    986 15:41:31   24.8
 5     -1033.661           1.0    986 15:41:56   25.0
 6     -1033.617           1.0    986 15:42:21   24.2
 7     -1033.595           1.0    986 15:42:45   24.1
 8     -1033.574           1.0    986 15:43:10   25.2 (1 restrained)
 9     -1033.565           1.0    986 15:43:35   24.9
10     -1033.538           1.0    986 15:43:59   24.1
11     -1033.502           1.0    986 15:44:23   23.3
12     -1033.435           1.0    986 15:44:48   25.5 (1 restrained)
13     -1033.254           1.0    986 15:45:35   46.8 (1 restrained)
Model fitted using the sigma parameterization.
ASReml 4.1.0 Tue Oct  8 15:45:36 2024
          LogLik        Sigma2     DF     wall    cpu
 1     -1078.650           1.0    988 15:46:00   24.3
 2     -1057.439           1.0    988 15:46:26   25.9
 3     -1038.865           1.0    988 15:46:53   26.9
 4     -1031.941           1.0    988 15:47:21   27.9
 5     -1030.794           1.0    988 15:47:48   26.7
 6     -1030.529           1.0    988 15:48:14   25.7
 7     -1030.039           1.0    988 15:48:40   26.0 (1 restrained)
 8     -1029.422           1.0    988 15:49:06   25.4 (1 restrained)
 9     -1029.085           1.0    988 15:49:31   25.2 (1 restrained)
10     -1028.995           1.0    988 15:49:56   25.6 (1 restrained)
11     -1028.965           1.0    988 15:50:22   25.3 (1 restrained)
12     -1028.955           1.0    988 15:50:48   25.9 (1 restrained)
13     -1028.955           1.0    988 15:51:35   47.1
Model fitted using the sigma parameterization.
ASReml 4.1.0 Tue Oct  8 15:51:36 2024
          LogLik        Sigma2     DF     wall    cpu
 1     -1068.716           1.0    997 15:51:58   22.3
 2     -1045.975           1.0    997 15:52:24   25.1
 3     -1025.283           1.0    997 15:52:48   24.3 (1 restrained)
 4     -1017.846           1.0    997 15:53:14   25.9
 5     -1014.805           1.0    997 15:53:39   24.6 (2 restrained)
 6     -1015.563           1.0    997 15:54:04   25.5 (1 restrained)
 7     -1014.333           1.0    997 15:54:30   25.4 (1 restrained)
 8     -1013.600           1.0    997 15:54:55   25.0 (1 restrained)
 9     -1013.379           1.0    997 15:55:19   24.3 (2 restrained)
10     -1015.287           1.0    997 15:55:43   23.9 (1 restrained)
11     -1014.358           1.0    997 15:56:08   25.0 (1 restrained)
12     -1013.594           1.0    997 15:56:35   26.2
13     -1013.352           1.0    997 15:57:21   46.2
Model fitted using the sigma parameterization.
ASReml 4.1.0 Tue Oct  8 15:57:22 2024
          LogLik        Sigma2     DF     wall    cpu
 1     -1090.031           1.0    980 15:57:44   22.4
 2     -1068.305           1.0    980 15:58:09   24.1
 3     -1048.837           1.0    980 15:58:33   24.4
 4     -1040.756           1.0    980 15:58:58   24.6 (2 restrained)
 5     -1040.566           1.0    980 15:59:22   24.2 (2 restrained)
 6     -1038.494           1.0    980 15:59:46   23.6 (2 restrained)
 7     -1041.617           1.0    980 16:00:12   26.4 (1 restrained)
 8     -1039.677           1.0    980 16:00:37   24.4 (2 restrained)
 9     -1038.590           1.0    980 16:01:00   22.8 (1 restrained)
10     -1037.787           1.0    980 16:01:23   23.4 (2 restrained)
11     -1041.529           1.0    980 16:01:48   24.6
12     -1039.569           1.0    980 16:02:12   24.2
13     -1038.091           1.0    980 16:02:58   45.5
Model fitted using the sigma parameterization.
ASReml 4.1.0 Tue Oct  8 16:02:58 2024
          LogLik        Sigma2     DF     wall    cpu
 1     -1090.549           1.0    990 16:03:21   22.0
 2     -1067.631           1.0    990 16:03:45   24.2
 3     -1046.975           1.0    990 16:04:13   27.5
 4     -1038.287           1.0    990 16:04:39   25.7 (2 restrained)
 5     -1036.624           1.0    990 16:05:04   25.4 (3 restrained)
 6     -1037.559           1.0    990 16:05:28   23.5 (2 restrained)
 7     -1037.754           1.0    990 16:05:53   25.4 (3 restrained)
 8     -1038.076           1.0    990 16:06:19   25.3 (1 restrained)
 9     -1037.873           1.0    990 16:06:47   28.2 (1 restrained)
10     -1037.510           1.0    990 16:07:13   26.0 (1 restrained)
11     -1037.509           1.0    990 16:07:39   25.8 (1 restrained)
12     -1037.509           1.0    990 16:08:28   49.0
Model fitted using the sigma parameterization.
ASReml 4.1.0 Tue Oct  8 16:08:29 2024
          LogLik        Sigma2     DF     wall    cpu
 1     -1082.177           1.0   1003 16:08:54   24.8
 2     -1059.850           1.0   1003 16:09:21   27.2
 3     -1040.010           1.0   1003 16:09:48   26.9
 4     -1032.233           1.0   1003 16:10:15   26.4
 5     -1030.612           1.0   1003 16:10:42   27.1 (2 restrained)
 6     -1030.056           1.0   1003 16:11:09   27.2 (2 restrained)
 7     -1031.242           1.0   1003 16:11:37   27.8 (1 restrained)
 8     -1029.855           1.0   1003 16:12:05   28.0 (1 restrained)
 9     -1028.909           1.0   1003 16:12:33   27.5 (2 restrained)
10     -1031.135           1.0   1003 16:12:58   25.5 (2 restrained)
11     -1029.495           1.0   1003 16:13:23   25.0 (1 restrained)
12     -1028.864           1.0   1003 16:13:49   25.0 (1 restrained)
13     -1028.599           1.0   1003 16:14:33   44.7
Model fitted using the sigma parameterization.
ASReml 4.1.0 Tue Oct  8 16:14:34 2024
          LogLik        Sigma2     DF     wall    cpu
 1     -1058.241           1.0    972 16:14:58   23.3
 2     -1036.790           1.0    972 16:15:24   26.7
 3     -1017.756           1.0    972 16:15:50   25.8
 4     -1010.319           1.0    972 16:16:19   28.2 (1 restrained)
 5     -1009.020           1.0    972 16:16:46   27.4
 6     -1008.329           1.0    972 16:17:11   25.2 (2 restrained)
 7     -1009.056           1.0    972 16:17:39   27.1 (1 restrained)
 8     -1007.810           1.0    972 16:18:07   28.5 (2 restrained)
 9     -1009.583           1.0    972 16:18:35   27.8 (1 restrained)
10     -1008.443           1.0    972 16:19:03   27.4 (1 restrained)
11     -1007.840           1.0    972 16:19:28   25.3 (2 restrained)
12     -1009.702           1.0    972 16:19:54   25.7 (1 restrained)
13     -1008.703           1.0    972 16:20:40   46.3
Model fitted using the sigma parameterization.
ASReml 4.1.0 Tue Oct  8 16:20:41 2024
          LogLik        Sigma2     DF     wall    cpu
 1     -1065.372           1.0    994 16:21:02   20.6
 2     -1045.050           1.0    994 16:21:28   25.8
 3     -1027.139           1.0    994 16:21:53   25.1
 4     -1020.411           1.0    994 16:22:19   25.6 (1 restrained)
 5     -1019.519           1.0    994 16:22:44   24.8
 6     -1019.431           1.0    994 16:23:08   24.6
 7     -1019.430           1.0    994 16:23:33   24.4
 8     -1019.429           1.0    994 16:23:57   24.1
 9     -1019.429           1.0    994 16:24:22   24.5
10     -1019.429           1.0    994 16:25:07   45.2
Model fitted using the sigma parameterization.
ASReml 4.1.0 Tue Oct  8 16:25:08 2024
          LogLik        Sigma2     DF     wall    cpu
 1     -1070.411           1.0    989 16:25:31   23.0
 2     -1048.696           1.0    989 16:25:55   24.6
 3     -1029.483           1.0    989 16:26:19   23.7
 4     -1022.097           1.0    989 16:26:43   24.0
 5     -1020.792           1.0    989 16:27:08   24.3
 6     -1020.561           1.0    989 16:27:32   24.2
 7     -1020.211           1.0    989 16:27:57   24.5 (1 restrained)
 8     -1019.682           1.0    989 16:28:21   24.5 (1 restrained)
 9     -1019.359           1.0    989 16:28:46   25.0 (2 restrained)
10     -1022.982           1.0    989 16:29:11   24.7
11     -1021.431           1.0    989 16:29:35   24.2 (1 restrained)
12     -1019.884           1.0    989 16:30:00   24.5 (1 restrained)
13     -1019.234           1.0    989 16:30:45   45.0 (2 restrained)
Model fitted using the sigma parameterization.
ASReml 4.1.0 Tue Oct  8 16:30:46 2024
          LogLik        Sigma2     DF     wall    cpu
 1     -1077.374           1.0    986 16:31:08   22.2
 2     -1056.619           1.0    986 16:31:33   25.1
 3     -1038.229           1.0    986 16:31:58   25.1
 4     -1031.033           1.0    986 16:32:22   23.7
 5     -1029.322           1.0    986 16:32:47   24.4 (3 restrained)
 6     -1030.100           1.0    986 16:33:11   24.6 (2 restrained)
 7     -1031.166           1.0    986 16:33:36   24.6 (2 restrained)
 8     -1031.484           1.0    986 16:34:00   23.8 (2 restrained)
 9     -1031.521           1.0    986 16:34:24   24.0 (1 restrained)
10     -1031.501           1.0    986 16:34:49   24.8 (1 restrained)
11     -1031.501           1.0    986 16:35:14   24.6 (1 restrained)
12     -1031.501           1.0    986 16:35:59   44.9
Model fitted using the sigma parameterization.
ASReml 4.1.0 Tue Oct  8 16:35:59 2024
          LogLik        Sigma2     DF     wall    cpu
 1     -1065.153           1.0    985 16:36:21   21.3
 2     -1043.893           1.0    985 16:36:45   24.1
 3     -1025.257           1.0    985 16:37:09   24.1
 4     -1018.310           1.0    985 16:37:33   24.4
 5     -1017.269           1.0    985 16:37:58   24.9
 6     -1017.232           1.0    985 16:38:21   22.9
 7     -1017.210           1.0    985 16:38:44   22.7
 8     -1017.190           1.0    985 16:39:09   24.9
 9     -1017.171           1.0    985 16:39:34   24.9
10     -1017.150           1.0    985 16:39:59   24.6
11     -1017.121           1.0    985 16:40:22   23.3
12     -1017.075           1.0    985 16:40:47   25.1
13     -1016.982           1.0    985 16:41:36   48.1
Model fitted using the sigma parameterization.
ASReml 4.1.0 Tue Oct  8 16:41:36 2024
          LogLik        Sigma2     DF     wall    cpu
 1     -1109.625           1.0    994 16:41:57   19.9
 2     -1087.235           1.0    994 16:42:19   22.4 (1 restrained)
 3     -1074.070           1.0    994 16:42:42   22.3
 4     -1062.516           1.0    994 16:43:03   21.5
 5     -1058.216           1.0    994 16:43:24   21.4
 6     -1057.370           1.0    994 16:43:47   22.4 (1 restrained)
 7     -1057.177           1.0    994 16:44:09   22.1 (2 restrained)
 8     -1056.972           1.0    994 16:44:31   22.2 (1 restrained)
 9     -1056.617           1.0    994 16:44:53   21.7 (1 restrained)
10     -1056.388           1.0    994 16:45:15   22.2 (1 restrained)
11     -1056.290           1.0    994 16:45:37   21.4 (2 restrained)
12     -1057.522           1.0    994 16:45:59   21.9
13     -1057.010           1.0    994 16:46:39   40.4 (1 restrained)
Model fitted using the sigma parameterization.
ASReml 4.1.0 Tue Oct  8 16:46:40 2024
          LogLik        Sigma2     DF     wall    cpu
 1     -1061.929           1.0    985 16:47:03   22.9
 2     -1040.012           1.0    985 16:47:28   24.5
 3     -1020.426           1.0    985 16:47:53   24.9 (1 restrained)
 4     -1013.715           1.0    985 16:48:17   24.6
 5     -1011.038           1.0    985 16:48:45   27.2 (2 restrained)
 6     -1011.324           1.0    985 16:49:11   25.9 (1 restrained)
 7     -1009.505           1.0    985 16:49:36   24.9 (2 restrained)
 8     -1011.693           1.0    985 16:49:59   23.5 (1 restrained)
 9     -1010.389           1.0    985 16:50:22   22.3 (1 restrained)
10     -1009.280           1.0    985 16:50:45   23.3 (2 restrained)
11     -1011.732           1.0    985 16:51:09   24.4 (1 restrained)
12     -1010.468           1.0    985 16:51:33   23.8
13     -1009.316           1.0    985 16:52:20   46.2
Model fitted using the sigma parameterization.
ASReml 4.1.0 Tue Oct  8 16:52:20 2024
          LogLik        Sigma2     DF     wall    cpu
 1     -1077.612           1.0    989 16:52:41   20.2
 2     -1055.959           1.0    989 16:53:06   25.4 (1 restrained)
 3     -1043.274           1.0    989 16:53:31   24.9
 4     -1032.447           1.0    989 16:53:56   24.8
 5     -1028.602           1.0    989 16:54:23   26.8
 6     -1028.001           1.0    989 16:54:47   24.3
 7     -1027.899           1.0    989 16:55:11   23.8 (1 restrained)
 8     -1027.829           1.0    989 16:55:37   25.6
 9     -1027.676           1.0    989 16:56:03   25.8 (1 restrained)
10     -1027.431           1.0    989 16:56:27   23.9 (2 restrained)
11     -1028.185           1.0    989 16:56:53   26.2 (1 restrained)
12     -1027.254           1.0    989 16:57:15   21.6 (1 restrained)
13     -1026.780           1.0    989 16:58:00   45.6 (2 restrained)
Model fitted using the sigma parameterization.
ASReml 4.1.0 Tue Oct  8 16:58:01 2024
          LogLik        Sigma2     DF     wall    cpu
 1     -1073.341           1.0    994 16:58:24   23.2
 2     -1052.148           1.0    994 16:58:51   26.4
 3     -1033.318           1.0    994 16:59:15   24.0 (1 restrained)
 4     -1027.141           1.0    994 16:59:41   26.2
 5     -1025.103           1.0    994 17:00:06   24.4
 6     -1024.835           1.0    994 17:00:29   22.9
 7     -1024.812           1.0    994 17:00:53   24.7
 8     -1024.798           1.0    994 17:01:18   24.2
 9     -1024.789           1.0    994 17:01:43   25.2
10     -1024.782           1.0    994 17:02:09   25.5
11     -1024.777           1.0    994 17:02:34   25.3
12     -1024.772           1.0    994 17:02:59   25.0
13     -1024.768           1.0    994 17:03:45   46.2
Model fitted using the sigma parameterization.
ASReml 4.1.0 Tue Oct  8 17:03:46 2024
          LogLik        Sigma2     DF     wall    cpu
 1     -1070.795           1.0    988 17:04:09   22.4
 2     -1048.864           1.0    988 17:04:32   23.6
 3     -1029.256           1.0    988 17:04:56   23.3
 4     -1021.300           1.0    988 17:05:21   25.0 (1 restrained)
 5     -1019.497           1.0    988 17:05:44   22.9 (2 restrained)
 6     -1019.765           1.0    988 17:06:07   23.3 (2 restrained)
 7     -1020.642           1.0    988 17:06:30   23.2 (3 restrained)
 8     -1021.407           1.0    988 17:06:53   22.8 (2 restrained)
 9     -1021.316           1.0    988 17:07:17   23.5 (2 restrained)
10     -1021.341           1.0    988 17:07:40   23.4 (1 restrained)
11     -1021.315           1.0    988 17:08:03   23.0 (2 restrained)
12     -1021.328           1.0    988 17:08:26   22.4
13     -1021.232           1.0    988 17:09:12   45.8
Model fitted using the sigma parameterization.
ASReml 4.1.0 Tue Oct  8 17:09:12 2024
          LogLik        Sigma2     DF     wall    cpu
 1     -1072.167           1.0    983 17:09:34   21.2
 2     -1050.053           1.0    983 17:09:58   23.9
 3     -1030.481           1.0    983 17:10:22   24.1
 4     -1022.880           1.0    983 17:10:44   22.2 (1 restrained)
 5     -1021.422           1.0    983 17:11:07   23.0 (1 restrained)
 6     -1020.583           1.0    983 17:11:30   22.5 (2 restrained)
 7     -1022.342           1.0    983 17:11:52   22.7 (2 restrained)
 8     -1020.229           1.0    983 17:12:17   24.6 (2 restrained)
 9     -1022.774           1.0    983 17:12:40   22.6 (2 restrained)
10     -1020.670           1.0    983 17:13:03   22.8 (1 restrained)
11     -1019.398           1.0    983 17:13:25   22.0 (2 restrained)
12     -1022.131           1.0    983 17:13:46   21.1 (1 restrained)
13     -1020.056           1.0    983 17:14:30   44.0
Model fitted using the sigma parameterization.
ASReml 4.1.0 Tue Oct  8 17:14:31 2024
          LogLik        Sigma2     DF     wall    cpu
 1     -1087.680           1.0    985 17:14:53   22.4
 2     -1066.891           1.0    985 17:15:17   23.1
 3     -1048.560           1.0    985 17:15:40   23.7
 4     -1041.607           1.0    985 17:16:05   24.1
 5     -1040.506           1.0    985 17:16:29   24.4
 6     -1040.449           1.0    985 17:16:54   24.5
 7     -1040.412           1.0    985 17:17:17   23.2
 8     -1040.379           1.0    985 17:17:40   22.9
 9     -1040.340           1.0    985 17:18:04   24.5
10     -1040.282           1.0    985 17:18:29   24.6 (1 restrained)
11     -1040.170           1.0    985 17:18:53   23.9
12     -1039.849           1.0    985 17:19:15   22.0 (1 restrained)
13     -1039.468           1.0    985 17:19:58   43.1 (2 restrained)
Model fitted using the sigma parameterization.
ASReml 4.1.0 Tue Oct  8 17:19:59 2024
          LogLik        Sigma2     DF     wall    cpu
 1     -1070.432           1.0    978 17:20:22   22.4
 2     -1048.221           1.0    978 17:20:46   23.9
 3     -1028.472           1.0    978 17:21:10   24.3
 4     -1020.617           1.0    978 17:21:34   23.8
 5     -1018.638           1.0    978 17:21:59   24.8 (3 restrained)
 6     -1020.070           1.0    978 17:22:25   25.9 (1 restrained)
 7     -1018.267           1.0    978 17:22:50   24.8 (1 restrained)
 8     -1017.402           1.0    978 17:23:14   24.4 (2 restrained)
 9     -1019.786           1.0    978 17:23:40   26.1 (2 restrained)
10     -1018.243           1.0    978 17:24:06   25.5 (1 restrained)
11     -1017.240           1.0    978 17:24:30   24.4 (2 restrained)
12     -1019.612           1.0    978 17:24:55   24.1
13     -1018.372           1.0    978 17:25:40   45.1 (1 restrained)
Model fitted using the sigma parameterization.
ASReml 4.1.0 Tue Oct  8 17:25:40 2024
          LogLik        Sigma2     DF     wall    cpu
 1     -1064.850           1.0    973 17:26:02   21.9
 2     -1042.820           1.0    973 17:26:27   24.3
 3     -1023.209           1.0    973 17:26:52   25.0
 4     -1015.448           1.0    973 17:27:16   24.0 (1 restrained)
 5     -1014.033           1.0    973 17:27:41   24.7 (1 restrained)
 6     -1013.318           1.0    973 17:28:06   25.4 (2 restrained)
 7     -1014.599           1.0    973 17:28:32   26.0 (1 restrained)
 8     -1013.274           1.0    973 17:28:55   23.0 (1 restrained)
 9     -1012.403           1.0    973 17:29:18   22.5 (2 restrained)
10     -1014.674           1.0    973 17:29:41   23.0 (1 restrained)
11     -1013.514           1.0    973 17:30:05   23.6 (1 restrained)
12     -1012.484           1.0    973 17:30:27   22.6 (2 restrained)
13     -1014.756           1.0    973 17:31:11   43.4
Model fitted using the sigma parameterization.
ASReml 4.1.0 Tue Oct  8 17:31:11 2024
          LogLik        Sigma2     DF     wall    cpu
 1     -1096.673           1.0    995 17:31:33   21.2
 2     -1074.608           1.0    995 17:31:54   21.5
 3     -1054.719           1.0    995 17:32:18   23.4 (1 restrained)
 4     -1047.613           1.0    995 17:32:39   21.0 (2 restrained)
 5     -1045.625           1.0    995 17:33:00   20.9 (2 restrained)
 6     -1046.289           1.0    995 17:33:20   20.4 (3 restrained)
 7     -1046.932           1.0    995 17:33:44   23.5 (2 restrained)
 8     -1047.053           1.0    995 17:34:07   23.2 (2 restrained)
 9     -1047.108           1.0    995 17:34:31   23.4 (1 restrained)
10     -1047.051           1.0    995 17:34:53   22.7 (2 restrained)
11     -1047.108           1.0    995 17:35:16   22.4 (1 restrained)
12     -1047.078           1.0    995 17:35:38   21.5
13     -1046.974           1.0    995 17:36:19   41.5
Model fitted using the sigma parameterization.
ASReml 4.1.0 Tue Oct  8 17:36:20 2024
          LogLik        Sigma2     DF     wall    cpu
 1     -1054.541           1.0    998 17:36:41   20.8
 2     -1033.090           1.0    998 17:37:03   22.6
 3     -1013.761           1.0    998 17:37:27   24.0
 4     -1005.942           1.0    998 17:37:50   23.0
 5     -1004.367           1.0    998 17:38:13   22.8
 6     -1003.953           1.0    998 17:38:36   22.7 (1 restrained)
 7     -1003.464           1.0    998 17:38:59   22.8 (1 restrained)
 8     -1003.005           1.0    998 17:39:22   23.5 (2 restrained)
 9     -1005.836           1.0    998 17:39:46   23.1
10     -1004.734           1.0    998 17:40:08   22.4 (1 restrained)
11     -1003.134           1.0    998 17:40:31   22.5 (1 restrained)
12     -1002.763           1.0    998 17:40:52   21.4 (2 restrained)
13     -1005.754           1.0    998 17:41:36   43.8
Model fitted using the sigma parameterization.
ASReml 4.1.0 Tue Oct  8 17:41:37 2024
          LogLik        Sigma2     DF     wall    cpu
 1     -1100.363           1.0    995 17:41:57   20.1
 2     -1079.161           1.0    995 17:42:20   22.5
 3     -1060.508           1.0    995 17:42:43   23.3 (1 restrained)
 4     -1054.562           1.0    995 17:43:08   25.1
 5     -1052.673           1.0    995 17:43:32   23.5
 6     -1052.459           1.0    995 17:43:55   22.9
 7     -1052.454           1.0    995 17:44:19   23.9
 8     -1052.451           1.0    995 17:44:41   22.6
 9     -1052.450           1.0    995 17:45:04   22.9
10     -1052.450           1.0    995 17:45:27   23.0
11     -1052.449           1.0    995 17:45:51   23.4
12     -1052.449           1.0    995 17:46:34   42.9
Model fitted using the sigma parameterization.
ASReml 4.1.0 Tue Oct  8 17:46:34 2024
          LogLik        Sigma2     DF     wall    cpu
 1     -1096.074           1.0    992 17:46:53   18.5
 2     -1074.962           1.0    992 17:47:15   21.7
 3     -1056.415           1.0    992 17:47:35   20.3
 4     -1049.467           1.0    992 17:47:58   22.5
 5     -1048.399           1.0    992 17:48:21   22.9
 6     -1048.326           1.0    992 17:48:43   22.2
 7     -1048.255           1.0    992 17:49:04   21.3
 8     -1048.162           1.0    992 17:49:27   22.1 (1 restrained)
 9     -1047.999           1.0    992 17:49:49   22.2
10     -1047.627           1.0    992 17:50:11   21.6 (1 restrained)
11     -1047.223           1.0    992 17:50:32   21.6 (1 restrained)
12     -1047.038           1.0    992 17:50:54   22.0 (1 restrained)
13     -1046.972           1.0    992 17:51:38   43.1 (1 restrained)
Model fitted using the sigma parameterization.
ASReml 4.1.0 Tue Oct  8 17:51:38 2024
          LogLik        Sigma2     DF     wall    cpu
 1     -1072.224           1.0    981 17:51:59   20.3
 2     -1051.618           1.0    981 17:52:20   21.9
 3     -1033.391           1.0    981 17:52:43   22.2
 4     -1026.352           1.0    981 17:53:03   20.3
 5     -1024.981           1.0    981 17:53:26   22.5
 6     -1024.543           1.0    981 17:53:49   22.8 (1 restrained)
 7     -1024.096           1.0    981 17:54:12   23.1 (1 restrained)
 8     -1023.753           1.0    981 17:54:34   21.9 (1 restrained)
 9     -1023.637           1.0    981 17:54:55   20.7 (1 restrained)
10     -1023.596           1.0    981 17:55:17   22.0 (1 restrained)
11     -1023.583           1.0    981 17:55:40   23.4 (1 restrained)
12     -1023.578           1.0    981 17:56:03   23.2 (1 restrained)
13     -1023.578           1.0    981 17:56:48   44.4
Model fitted using the sigma parameterization.
ASReml 4.1.0 Tue Oct  8 17:56:48 2024
          LogLik        Sigma2     DF     wall    cpu
 1     -1070.667           1.0    982 17:57:09   20.0
 2     -1047.752           1.0    982 17:57:30   21.4
 3     -1026.845           1.0    982 17:57:52   22.1
 4     -1017.554           1.0    982 17:58:14   21.5 (2 restrained)
 5     -1017.157           1.0    982 17:58:34   20.3 (2 restrained)
 6     -1015.399           1.0    982 17:58:55   20.4 (2 restrained)
 7     -1017.478           1.0    982 17:59:16   21.7 (2 restrained)
 8     -1015.726           1.0    982 17:59:38   21.3 (2 restrained)
 9     -1014.936           1.0    982 17:59:59   21.1 (2 restrained)
10     -1017.201           1.0    982 18:00:22   23.0 (2 restrained)
11     -1015.502           1.0    982 18:00:46   23.6 (1 restrained)
12     -1014.913           1.0    982 18:01:08   21.8
13     -1015.240           1.0    982 18:01:50   42.1 (1 restrained)
Model fitted using the sigma parameterization.
ASReml 4.1.0 Tue Oct  8 18:01:51 2024
          LogLik        Sigma2     DF     wall    cpu
 1     -1037.090           1.0    976 18:02:12   21.4
 2     -1016.144           1.0    976 18:02:36   23.2 (1 restrained)
 3     -1003.915           1.0    976 18:02:59   23.5
 4      -993.711           1.0    976 18:03:23   23.8
 5      -990.236           1.0    976 18:03:46   22.5
 6      -989.791           1.0    976 18:04:08   22.1
 7      -989.778           1.0    976 18:04:32   23.8
 8      -989.774           1.0    976 18:04:54   22.7
 9      -989.772           1.0    976 18:05:17   22.3
10      -989.771           1.0    976 18:05:40   22.7
11      -989.771           1.0    976 18:06:03   23.2
12      -989.771           1.0    976 18:06:46   43.0
Model fitted using the sigma parameterization.
ASReml 4.1.0 Tue Oct  8 18:06:47 2024
          LogLik        Sigma2     DF     wall    cpu
 1     -1109.527           1.0   1008 18:07:09   22.1
 2     -1087.085           1.0   1008 18:07:32   23.1
 3     -1067.073           1.0   1008 18:07:55   22.7
 4     -1059.064           1.0   1008 18:08:17   22.3
 5     -1056.883           1.0   1008 18:08:38   21.1 (2 restrained)
 6     -1056.403           1.0   1008 18:08:59   20.8 (2 restrained)
 7     -1056.767           1.0   1008 18:09:20   20.6 (3 restrained)
 8     -1057.296           1.0   1008 18:09:40   19.8 (2 restrained)
 9     -1057.238           1.0   1008 18:10:01   21.4 (1 restrained)
10     -1057.225           1.0   1008 18:10:22   21.0 (2 restrained)
11     -1057.236           1.0   1008 18:10:43   21.1 (1 restrained)
12     -1057.225           1.0   1008 18:11:04   20.6
13     -1057.106           1.0   1008 18:11:45   41.0
Model fitted using the sigma parameterization.
ASReml 4.1.0 Tue Oct  8 18:11:46 2024
          LogLik        Sigma2     DF     wall    cpu
 1     -1067.450           1.0    978 18:12:07   20.9
 2     -1045.127           1.0    978 18:12:29   22.2
 3     -1025.333           1.0    978 18:12:53   23.4
 4     -1017.656           1.0    978 18:13:16   23.0
 5     -1016.236           1.0    978 18:13:39   22.9
 6     -1015.850           1.0    978 18:13:59   20.5 (1 restrained)
 7     -1015.359           1.0    978 18:14:20   21.1 (2 restrained)
 8     -1017.080           1.0    978 18:14:42   21.4 (1 restrained)
 9     -1015.762           1.0    978 18:15:03   21.1 (1 restrained)
10     -1014.723           1.0    978 18:15:25   21.6 (2 restrained)
11     -1017.193           1.0    978 18:15:46   21.8 (1 restrained)
12     -1015.991           1.0    978 18:16:10   23.0 (1 restrained)
13     -1014.827           1.0    978 18:16:53   42.9
Model fitted using the sigma parameterization.
ASReml 4.1.0 Tue Oct  8 18:16:53 2024
          LogLik        Sigma2     DF     wall    cpu
 1     -1073.077           1.0    983 18:17:13   19.8
 2     -1051.793           1.0    983 18:17:34   21.2
 3     -1032.761           1.0    983 18:17:56   21.8
 4     -1025.188           1.0    983 18:18:18   21.3
 5     -1023.704           1.0    983 18:18:40   22.2
 6     -1023.402           1.0    983 18:19:03   23.1
 7     -1023.050           1.0    983 18:19:27   23.5 (1 restrained)
 8     -1022.683           1.0    983 18:19:50   23.4 (1 restrained)
 9     -1022.520           1.0    983 18:20:12   22.3 (1 restrained)
10     -1022.468           1.0    983 18:20:34   21.4 (1 restrained)
11     -1022.450           1.0    983 18:20:56   21.9 (1 restrained)
12     -1022.444           1.0    983 18:21:17   20.6 (1 restrained)
13     -1022.444           1.0    983 18:21:56   39.7
Model fitted using the sigma parameterization.
ASReml 4.1.0 Tue Oct  8 18:21:57 2024
          LogLik        Sigma2     DF     wall    cpu
 1     -1076.393           1.0    988 18:22:14   16.9
 2     -1054.806           1.0    988 18:22:34   20.3 (1 restrained)
 3     -1042.094           1.0    988 18:22:55   20.7
 4     -1031.435           1.0    988 18:23:15   19.8
 5     -1027.728           1.0    988 18:23:34   19.5
 6     -1027.235           1.0    988 18:23:55   20.9
 7     -1027.220           1.0    988 18:24:15   19.5
 8     -1027.213           1.0    988 18:24:36   21.5
 9     -1027.209           1.0    988 18:24:59   22.2
10     -1027.207           1.0    988 18:25:21   22.0
11     -1027.206           1.0    988 18:25:42   21.2
12     -1027.205           1.0    988 18:26:03   20.8
13     -1027.205           1.0    988 18:26:44   40.6
Model fitted using the sigma parameterization.
ASReml 4.1.0 Tue Oct  8 18:26:44 2024
          LogLik        Sigma2     DF     wall    cpu
 1     -1084.304           1.0    997 18:27:03   18.6
 2     -1063.065           1.0    997 18:27:22   19.4
 3     -1044.074           1.0    997 18:27:41   18.4
 4     -1036.141           1.0    997 18:28:01   20.1 (3 restrained)
 5     -1034.446           1.0    997 18:28:23   21.7 (2 restrained)
 6     -1035.075           1.0    997 18:28:45   22.3 (3 restrained)
 7     -1035.932           1.0    997 18:29:08   22.6 (2 restrained)
 8     -1035.813           1.0    997 18:29:30   22.1 (2 restrained)
 9     -1036.118           1.0    997 18:29:52   22.2 (1 restrained)
10     -1035.810           1.0    997 18:30:14   21.6 (2 restrained)
11     -1035.937           1.0    997 18:30:35   21.2 (2 restrained)
12     -1035.937           1.0    997 18:30:58   22.3 (1 restrained)
13     -1035.937           1.0    997 18:31:39   41.1
Model fitted using the sigma parameterization.
ASReml 4.1.0 Tue Oct  8 18:31:40 2024
          LogLik        Sigma2     DF     wall    cpu
 1     -1082.049           1.0    993 18:31:59   19.7
 2     -1060.256           1.0    993 18:32:22   22.2
 3     -1040.926           1.0    993 18:32:44   22.6
 4     -1033.354           1.0    993 18:33:06   22.0
 5     -1031.625           1.0    993 18:33:26   19.6 (1 restrained)
 6     -1031.038           1.0    993 18:33:47   21.2 (2 restrained)
 7     -1030.448           1.0    993 18:34:09   21.9 (2 restrained)
 8     -1033.374           1.0    993 18:34:31   21.2 (1 restrained)
 9     -1031.689           1.0    993 18:34:52   21.4 (1 restrained)
10     -1030.360           1.0    993 18:35:15   22.4 (2 restrained)
11     -1029.997           1.0    993 18:35:36   21.5 (2 restrained)
12     -1033.684           1.0    993 18:35:58   21.7
13     -1031.918           1.0    993 18:36:39   41.1
Model fitted using the sigma parameterization.
ASReml 4.1.0 Tue Oct  8 18:36:40 2024
          LogLik        Sigma2     DF     wall    cpu
 1     -1090.461           1.0   1000 18:37:00   20.6
 2     -1068.373           1.0   1000 18:37:22   21.9
 3     -1048.750           1.0   1000 18:37:44   21.8
 4     -1041.047           1.0   1000 18:38:07   22.4
 5     -1039.367           1.0   1000 18:38:28   21.0 (1 restrained)
 6     -1038.672           1.0   1000 18:38:46   18.1 (2 restrained)
 7     -1041.298           1.0   1000 18:39:06   20.5 (1 restrained)
 8     -1039.566           1.0   1000 18:39:27   20.6 (1 restrained)
 9     -1038.191           1.0   1000 18:39:48   20.4 (2 restrained)
10     -1041.622           1.0   1000 18:40:08   20.3 (1 restrained)
11     -1040.000           1.0   1000 18:40:29   21.3 (1 restrained)
12     -1038.407           1.0   1000 18:40:51   21.5
13     -1037.728           1.0   1000 18:41:31   40.2
Model fitted using the sigma parameterization.
ASReml 4.1.0 Tue Oct  8 18:41:32 2024
          LogLik        Sigma2     DF     wall    cpu
 1     -1084.849           1.0    983 18:41:52   19.9
 2     -1063.655           1.0    983 18:42:14   22.0
 3     -1045.058           1.0    983 18:42:35   21.5
 4     -1038.110           1.0    983 18:42:57   21.4
 5     -1037.066           1.0    983 18:43:18   21.2
 6     -1037.029           1.0    983 18:43:39   20.5
 7     -1037.008           1.0    983 18:43:57   18.5
 8     -1036.992           1.0    983 18:44:18   20.9
 9     -1036.977           1.0    983 18:44:38   20.2
10     -1036.961           1.0    983 18:44:59   20.2
11     -1036.944           1.0    983 18:45:19   20.4
12     -1036.921           1.0    983 18:45:39   20.2
13     -1036.887           1.0    983 18:46:20   40.5
Model fitted using the sigma parameterization.
ASReml 4.1.0 Tue Oct  8 18:46:21 2024
          LogLik        Sigma2     DF     wall    cpu
 1     -1034.335           1.0    985 18:46:40   19.6
 2     -1012.608           1.0    985 18:47:02   21.6
 3      -993.239           1.0    985 18:47:25   23.0
 4      -985.704           1.0    985 18:47:47   21.9
 5      -984.491           1.0    985 18:48:09   21.3
 6      -984.446           1.0    985 18:48:30   21.1
 7      -984.425           1.0    985 18:48:50   20.7
 8      -984.411           1.0    985 18:49:11   20.1
 9      -984.401           1.0    985 18:49:32   21.4
10      -984.392           1.0    985 18:49:54   21.5
11      -984.384           1.0    985 18:50:16   22.1
12      -984.375           1.0    985 18:50:38   22.2 (1 restrained)
13      -984.366           1.0    985 18:51:19   40.4 (1 restrained)
Model fitted using the sigma parameterization.
ASReml 4.1.0 Tue Oct  8 18:51:19 2024
          LogLik        Sigma2     DF     wall    cpu
 1     -1108.708           1.0    990 18:51:39   19.5
 2     -1086.484           1.0    990 18:52:00   21.6
 3     -1066.696           1.0    990 18:52:22   21.2
 4     -1058.860           1.0    990 18:52:43   21.2
 5     -1057.024           1.0    990 18:53:05   21.6 (3 restrained)
 6     -1057.554           1.0    990 18:53:26   21.3 (1 restrained)
 7     -1056.066           1.0    990 18:53:47   20.3 (2 restrained)
 8     -1057.383           1.0    990 18:54:05   18.2 (1 restrained)
 9     -1056.409           1.0    990 18:54:24   19.1 (2 restrained)
10     -1055.653           1.0    990 18:54:44   20.3 (2 restrained)
11     -1057.520           1.0    990 18:55:05   20.2 (2 restrained)
12     -1056.561           1.0    990 18:55:25   20.4 (1 restrained)
13     -1055.521           1.0    990 18:56:06   40.8
Model fitted using the sigma parameterization.
ASReml 4.1.0 Tue Oct  8 18:56:06 2024
          LogLik        Sigma2     DF     wall    cpu
 1     -1064.937           1.0    981 18:56:25   18.4
 2     -1043.820           1.0    981 18:56:45   20.3
 3     -1024.803           1.0    981 18:57:06   20.2
 4     -1016.755           1.0    981 18:57:26   20.3 (3 restrained)
 5     -1016.613           1.0    981 18:57:47   20.6 (1 restrained)
 6     -1014.233           1.0    981 18:58:09   21.8 (3 restrained)
 7     -1017.436           1.0    981 18:58:30   21.4 (1 restrained)
 8     -1015.597           1.0    981 18:58:51   20.2 (1 restrained)
 9     -1014.113           1.0    981 18:59:11   20.4 (2 restrained)
10     -1017.401           1.0    981 18:59:35   24.0 (1 restrained)
11     -1015.684           1.0    981 18:59:57   21.5 (1 restrained)
12     -1014.429           1.0    981 19:00:17   20.2
13     -1013.749           1.0    981 19:00:57   40.1
Model fitted using the sigma parameterization.
ASReml 4.1.0 Tue Oct  8 19:00:58 2024
          LogLik        Sigma2     DF     wall    cpu
 1     -1090.758           1.0    987 19:01:13   15.6
 2     -1069.004           1.0    987 19:01:32   18.9
 3     -1049.566           1.0    987 19:01:51   18.2
 4     -1041.619           1.0    987 19:02:08   17.7 (2 restrained)
 5     -1039.913           1.0    987 19:02:26   18.1 (2 restrained)
 6     -1039.936           1.0    987 19:02:44   18.0 (3 restrained)
 7     -1040.176           1.0    987 19:03:04   19.2 (2 restrained)
 8     -1040.288           1.0    987 19:03:22   18.2 (2 restrained)
 9     -1040.286           1.0    987 19:03:42   19.4 (1 restrained)
10     -1040.285           1.0    987 19:03:59   17.7 (2 restrained)
11     -1040.285           1.0    987 19:04:16   17.1 (1 restrained)
12     -1040.285           1.0    987 19:04:36   18.9 (2 restrained)
13     -1040.285           1.0    987 19:05:15   39.1 (1 restrained)
Model fitted using the sigma parameterization.
ASReml 4.1.0 Tue Oct  8 19:05:15 2024
          LogLik        Sigma2     DF     wall    cpu
 1     -1049.136           1.0    985 19:05:31   15.3
 2     -1027.829           1.0    985 19:05:50   19.7
 3     -1009.106           1.0    985 19:06:08   17.9
 4     -1002.080           1.0    985 19:06:26   17.9 (1 restrained)
 5     -1001.094           1.0    985 19:06:44   18.0
 6     -1000.857           1.0    985 19:07:04   19.8
 7     -1000.745           1.0    985 19:07:23   18.9
 8     -1000.617           1.0    985 19:07:41   17.7
 9     -1000.386           1.0    985 19:07:59   18.4 (1 restrained)
10     -1000.006           1.0    985 19:08:17   17.2 (1 restrained)
11      -999.815           1.0    985 19:08:34   17.6 (2 restrained)
12     -1004.401           1.0    985 19:08:53   18.7 (1 restrained)
13     -1002.270           1.0    985 19:09:32   38.5 (1 restrained)
Model fitted using the sigma parameterization.
ASReml 4.1.0 Tue Oct  8 19:09:32 2024
          LogLik        Sigma2     DF     wall    cpu
 1     -1106.743           1.0    995 19:09:47   15.0
 2     -1085.413           1.0    995 19:10:05   17.9
 3     -1066.423           1.0    995 19:10:24   18.7
 4     -1059.093           1.0    995 19:10:43   19.3
 5     -1057.965           1.0    995 19:11:01   18.2
 6     -1057.947           1.0    995 19:11:21   19.6
 7     -1057.944           1.0    995 19:11:40   18.8
 8     -1057.939           1.0    995 19:11:56   16.4
 9     -1057.935           1.0    995 19:12:15   18.7
10     -1057.933           1.0    995 19:12:36   20.2
11     -1057.931           1.0    995 19:12:58   22.4
12     -1057.929           1.0    995 19:13:21   22.7
13     -1057.928           1.0    995 19:14:04   42.6
Model fitted using the sigma parameterization.
ASReml 4.1.0 Tue Oct  8 19:14:04 2024
          LogLik        Sigma2     DF     wall    cpu
 1     -1050.120           1.0    982 19:14:23   18.6
 2     -1028.461           1.0    982 19:14:44   20.9
 3     -1009.364           1.0    982 19:15:04   20.3
 4     -1002.108           1.0    982 19:15:24   19.5 (1 restrained)
 5     -1001.046           1.0    982 19:15:43   19.8
 6     -1000.829           1.0    982 19:16:01   17.5
 7     -1000.679           1.0    982 19:16:18   16.6
 8     -1000.377           1.0    982 19:16:42   24.3 (1 restrained)
 9      -999.917           1.0    982 19:17:04   21.6 (2 restrained)
10     -1002.126           1.0    982 19:17:28   24.2 (1 restrained)
11     -1000.632           1.0    982 19:17:51   22.9 (1 restrained)
12      -999.437           1.0    982 19:18:15   24.0 (2 restrained)
13     -1002.298           1.0    982 19:18:47   31.8 (1 restrained)
Model fitted using the sigma parameterization.
ASReml 4.1.0 Tue Oct  8 19:18:47 2024
          LogLik        Sigma2     DF     wall    cpu
 1     -1085.803           1.0    990 19:19:08   20.8
 2     -1063.328           1.0    990 19:19:31   22.3
 3     -1042.841           1.0    990 19:19:54   23.3
 4     -1033.794           1.0    990 19:20:17   22.4 (2 restrained)
 5     -1032.250           1.0    990 19:20:41   24.7 (3 restrained)
 6     -1033.114           1.0    990 19:21:02   20.5 (1 restrained)
 7     -1032.001           1.0    990 19:21:25   23.3 (1 restrained)
 8     -1031.049           1.0    990 19:21:48   23.1 (2 restrained)
 9     -1032.485           1.0    990 19:22:11   23.0 (1 restrained)
10     -1031.679           1.0    990 19:22:36   24.6 (2 restrained)
11     -1031.055           1.0    990 19:23:01   24.5 (2 restrained)
12     -1032.627           1.0    990 19:23:25   24.4 (1 restrained)
13     -1031.759           1.0    990 19:24:01   35.9
Model fitted using the sigma parameterization.
ASReml 4.1.0 Tue Oct  8 19:24:02 2024
          LogLik        Sigma2     DF     wall    cpu
 1     -1065.423           1.0    988 19:24:24   22.5
 2     -1044.317           1.0    988 19:24:50   25.1
 3     -1025.487           1.0    988 19:25:14   24.4
 4     -1018.091           1.0    988 19:25:39   25.2
 5     -1016.769           1.0    988 19:26:04   24.5
 6     -1016.595           1.0    988 19:26:28   24.5
 7     -1016.403           1.0    988 19:26:52   23.1
 8     -1016.116           1.0    988 19:27:14   22.2 (2 restrained)
 9     -1015.801           1.0    988 19:27:38   24.3 (1 restrained)
10     -1015.515           1.0    988 19:28:02   23.1 (1 restrained)
11     -1015.392           1.0    988 19:28:24   22.7 (1 restrained)
12     -1015.337           1.0    988 19:28:50   25.4 (1 restrained)
13     -1015.320           1.0    988 19:29:28   38.2 (1 restrained)
Model fitted using the sigma parameterization.
ASReml 4.1.0 Tue Oct  8 19:29:29 2024
          LogLik        Sigma2     DF     wall    cpu
 1     -1090.867           1.0   1005 19:29:47   18.1
 2     -1069.217           1.0   1005 19:30:05   18.0
 3     -1050.151           1.0   1005 19:30:23   17.8
 4     -1042.923           1.0   1005 19:30:44   21.4
 5     -1041.673           1.0   1005 19:31:05   20.7
 6     -1041.364           1.0   1005 19:31:26   20.4
 7     -1040.763           1.0   1005 19:31:47   21.7 (2 restrained)
 8     -1041.647           1.0   1005 19:32:09   21.9 (2 restrained)
 9     -1042.855           1.0   1005 19:32:30   20.9 (3 restrained)
10     -1043.443           1.0   1005 19:32:48   17.4 (2 restrained)
11     -1043.436           1.0   1005 19:33:05   17.0 (2 restrained)
12     -1043.565           1.0   1005 19:33:23   18.1 (1 restrained)
13     -1043.429           1.0   1005 19:33:51   27.7
Model fitted using the sigma parameterization.
ASReml 4.1.0 Tue Oct  8 19:33:51 2024
          LogLik        Sigma2     DF     wall    cpu
 1     -1094.496           1.0    982 19:34:14   22.0
 2     -1071.616           1.0    982 19:34:39   25.4
 3     -1051.192           1.0    982 19:35:03   24.1
 4     -1043.062           1.0    982 19:35:27   24.0
 5     -1041.425           1.0    982 19:35:53   25.2 (1 restrained)
 6     -1041.084           1.0    982 19:36:15   22.8 (2 restrained)
 7     -1040.816           1.0    982 19:36:38   23.0 (2 restrained)
 8     -1041.737           1.0    982 19:36:55   16.8 (1 restrained)
 9     -1041.085           1.0    982 19:37:14   18.6 (2 restrained)
10     -1040.713           1.0    982 19:37:31   17.1 (1 restrained)
11     -1040.536           1.0    982 19:37:47   15.9 (2 restrained)
12     -1041.748           1.0    982 19:38:03   16.0 (1 restrained)
13     -1041.142           1.0    982 19:38:32   28.6 (1 restrained)
Model fitted using the sigma parameterization.
ASReml 4.1.0 Tue Oct  8 19:38:32 2024
          LogLik        Sigma2     DF     wall    cpu
 1     -1046.818           1.0    976 19:38:50   17.6
 2     -1025.532           1.0    976 19:39:11   21.2
 3     -1006.486           1.0    976 19:39:31   19.6
 4      -998.804           1.0    976 19:39:51   19.5
 5      -996.746           1.0    976 19:40:11   20.1 (2 restrained)
 6      -999.706           1.0    976 19:40:32   21.0 (1 restrained)
 7      -997.359           1.0    976 19:40:51   19.2 (1 restrained)
 8      -995.681           1.0    976 19:41:08   17.4 (2 restrained)
 9     -1000.283           1.0    976 19:41:27   18.5 (1 restrained)
10      -998.112           1.0    976 19:41:46   18.6 (1 restrained)
11      -996.023           1.0    976 19:42:08   22.5
12      -995.187           1.0    976 19:42:32   23.7
13      -995.162           1.0    976 19:43:07   34.9
Model fitted using the sigma parameterization.
ASReml 4.1.0 Tue Oct  8 19:43:07 2024
          LogLik        Sigma2     DF     wall    cpu
 1     -1084.129           1.0    988 19:43:28   20.8
 2     -1062.860           1.0    988 19:43:49   21.0
 3     -1044.082           1.0    988 19:44:12   22.8
 4     -1036.927           1.0    988 19:44:31   18.4
 5     -1035.722           1.0    988 19:44:48   17.1
 6     -1035.544           1.0    988 19:45:04   15.7
 7     -1035.310           1.0    988 19:45:20   16.6 (1 restrained)
 8     -1034.861           1.0    988 19:45:38   17.3 (2 restrained)
 9     -1036.664           1.0    988 19:45:55   17.8 (1 restrained)
10     -1035.215           1.0    988 19:46:13   17.7 (1 restrained)
11     -1034.222           1.0    988 19:46:30   16.5 (2 restrained)
12     -1036.873           1.0    988 19:46:46   16.3 (1 restrained)
13     -1035.541           1.0    988 19:47:14   28.0 (1 restrained)
Model fitted using the sigma parameterization.
ASReml 4.1.0 Tue Oct  8 19:47:15 2024
          LogLik        Sigma2     DF     wall    cpu
 1     -1077.125           1.0    992 19:47:29   14.6
 2     -1055.761           1.0    992 19:47:46   16.8
 3     -1036.959           1.0    992 19:48:04   17.7 (1 restrained)
 4     -1030.885           1.0    992 19:48:21   16.5
 5     -1028.972           1.0    992 19:48:38   16.9
 6     -1028.652           1.0    992 19:48:56   18.0
 7     -1028.526           1.0    992 19:49:14   18.1
 8     -1028.378           1.0    992 19:49:32   17.9
 9     -1028.158           1.0    992 19:49:50   17.7
10     -1027.795           1.0    992 19:50:06   16.8 (1 restrained)
11     -1027.611           1.0    992 19:50:23   16.4 (1 restrained)
12     -1027.553           1.0    992 19:50:40   17.4 (1 restrained)
13     -1027.535           1.0    992 19:51:09   28.7 (1 restrained)
Model fitted using the sigma parameterization.
ASReml 4.1.0 Tue Oct  8 19:51:10 2024
          LogLik        Sigma2     DF     wall    cpu
 1     -1040.394           1.0    979 19:51:26   16.2
 2     -1019.055           1.0    979 19:51:41   15.5
 3     -1000.020           1.0    979 19:52:00   18.2
 4      -992.531           1.0    979 19:52:17   16.8
 5      -991.206           1.0    979 19:52:33   16.8
 6      -991.090           1.0    979 19:52:50   16.5
 7      -990.993           1.0    979 19:53:07   16.5
 8      -990.853           1.0    979 19:53:25   18.0 (1 restrained)
 9      -990.532           1.0    979 19:53:42   17.5 (1 restrained)
10      -990.243           1.0    979 19:54:00   18.2 (1 restrained)
11      -990.114           1.0    979 19:54:18   17.4 (2 restrained)
12      -992.598           1.0    979 19:54:35   17.1 (1 restrained)
13      -991.914           1.0    979 19:55:04   28.5 (1 restrained)
Model fitted using the sigma parameterization.
ASReml 4.1.0 Tue Oct  8 19:55:04 2024
          LogLik        Sigma2     DF     wall    cpu
 1     -1080.912           1.0    978 19:55:18   14.1
 2     -1060.157           1.0    978 19:55:32   14.1
 3     -1041.788           1.0    978 19:55:51   18.3
 4     -1034.663           1.0    978 19:56:09   18.1
 5     -1033.159           1.0    978 19:56:27   17.4 (1 restrained)
 6     -1032.602           1.0    978 19:56:45   18.0 (1 restrained)
 7     -1031.986           1.0    978 19:57:02   17.4 (2 restrained)
 8     -1034.298           1.0    978 19:57:19   17.3
 9     -1032.983           1.0    978 19:57:37   17.6 (1 restrained)
10     -1031.657           1.0    978 19:57:54   17.1 (1 restrained)
11     -1031.459           1.0    978 19:58:12   17.6 (2 restrained)
12     -1034.186           1.0    978 19:58:28   16.6
13     -1032.980           1.0    978 19:58:54   25.9 (1 restrained)
Model fitted using the sigma parameterization.
ASReml 4.1.0 Tue Oct  8 19:58:55 2024
          LogLik        Sigma2     DF     wall    cpu
 1     -1081.056           1.0    989 19:59:10   15.0
 2     -1058.543           1.0    989 19:59:27   16.6 (1 restrained)
 3     -1045.302           1.0    989 19:59:43   16.0
 4     -1033.931           1.0    989 20:00:00   17.0
 5     -1029.811           1.0    989 20:00:16   15.7
 6     -1029.124           1.0    989 20:00:32   15.9
 7     -1028.970           1.0    989 20:00:48   16.0 (1 restrained)
 8     -1028.797           1.0    989 20:01:07   19.7 (1 restrained)
 9     -1028.463           1.0    989 20:01:28   20.3 (3 restrained)
10     -1029.552           1.0    989 20:01:47   19.5 (1 restrained)
11     -1028.370           1.0    989 20:02:07   19.5 (2 restrained)
12     -1029.302           1.0    989 20:02:25   18.4 (1 restrained)
13     -1028.675           1.0    989 20:02:55   29.7 (3 restrained)
Model fitted using the sigma parameterization.
ASReml 4.1.0 Tue Oct  8 20:02:56 2024
          LogLik        Sigma2     DF     wall    cpu
 1     -1104.282           1.0   1001 20:03:13   17.4
 2     -1081.967           1.0   1001 20:03:32   18.3
 3     -1061.929           1.0   1001 20:03:50   17.8 (1 restrained)
 4     -1054.869           1.0   1001 20:04:07   17.1 (1 restrained)
 5     -1051.607           1.0   1001 20:04:25   17.9 (2 restrained)
 6     -1053.155           1.0   1001 20:04:44   19.6 (1 restrained)
 7     -1051.411           1.0   1001 20:05:04   19.6 (1 restrained)
 8     -1050.289           1.0   1001 20:05:23   19.0 (2 restrained)
 9     -1053.407           1.0   1001 20:05:43   19.4 (1 restrained)
10     -1051.792           1.0   1001 20:06:01   18.7 (1 restrained)
11     -1050.420           1.0   1001 20:06:20   18.9
12     -1050.019           1.0   1001 20:06:38   17.7
13     -1050.012           1.0   1001 20:07:07   29.2
Model fitted using the sigma parameterization.
ASReml 4.1.0 Tue Oct  8 20:07:08 2024
          LogLik        Sigma2     DF     wall    cpu
 1     -1016.342           1.0    970 20:07:27   18.8
 2      -995.724           1.0    970 20:07:46   18.9
 3      -977.463           1.0    970 20:08:05   18.7
 4      -970.515           1.0    970 20:08:24   19.3
 5      -969.478           1.0    970 20:08:43   19.2
 6      -969.469           1.0    970 20:09:03   20.0
 7      -969.468           1.0    970 20:09:22   18.7
 8      -969.467           1.0    970 20:09:42   19.5
 9      -969.466           1.0    970 20:10:02   19.9
10      -969.466           1.0    970 20:10:22   19.9
11      -969.466           1.0    970 20:10:53   31.3
Model fitted using the sigma parameterization.
ASReml 4.1.0 Tue Oct  8 20:10:54 2024
          LogLik        Sigma2     DF     wall    cpu
 1     -1073.389           1.0    980 20:11:10   16.4
 2     -1050.640           1.0    980 20:11:28   18.0
 3     -1030.174           1.0    980 20:11:45   17.1 (1 restrained)
 4     -1022.898           1.0    980 20:12:04   18.4 (2 restrained)
 5     -1020.008           1.0    980 20:12:22   18.1 (2 restrained)
 6     -1020.103           1.0    980 20:12:40   17.9 (3 restrained)
 7     -1020.545           1.0    980 20:12:58   18.0 (2 restrained)
 8     -1020.662           1.0    980 20:13:14   15.7 (2 restrained)
 9     -1020.676           1.0    980 20:13:31   17.5 (1 restrained)
10     -1020.661           1.0    980 20:13:48   17.1 (2 restrained)
11     -1020.675           1.0    980 20:14:05   16.5 (1 restrained)
12     -1020.661           1.0    980 20:14:21   16.3
13     -1020.581           1.0    980 20:14:51   29.5
Model fitted using the sigma parameterization.
ASReml 4.1.0 Tue Oct  8 20:14:51 2024
          LogLik        Sigma2     DF     wall    cpu
 1     -1085.244           1.0    988 20:15:07   15.3
 2     -1064.225           1.0    988 20:15:23   15.5
 3     -1045.551           1.0    988 20:15:38   15.7
 4     -1038.248           1.0    988 20:15:55   16.4 (1 restrained)
 5     -1036.990           1.0    988 20:16:13   17.8
 6     -1036.492           1.0    988 20:16:29   16.7 (1 restrained)
 7     -1036.000           1.0    988 20:16:47   18.1 (2 restrained)
 8     -1037.836           1.0    988 20:17:04   17.0 (2 restrained)
 9     -1039.006           1.0    988 20:17:21   16.5 (3 restrained)
10     -1039.541           1.0    988 20:17:38   16.7 (2 restrained)
11     -1039.460           1.0    988 20:17:55   17.1 (2 restrained)
12     -1039.645           1.0    988 20:18:13   17.8 (1 restrained)
13     -1039.460           1.0    988 20:18:42   29.2
Model fitted using the sigma parameterization.
ASReml 4.1.0 Tue Oct  8 20:18:43 2024
          LogLik        Sigma2     DF     wall    cpu
 1     -1117.358           1.0   1003 20:18:57   13.9
 2     -1095.318           1.0   1003 20:19:12   15.7
 3     -1075.620           1.0   1003 20:19:29   16.9
 4     -1067.567           1.0   1003 20:19:47   17.6 (1 restrained)
 5     -1065.558           1.0   1003 20:20:04   17.2 (2 restrained)
 6     -1066.324           1.0   1003 20:20:22   17.3 (1 restrained)
 7     -1065.035           1.0   1003 20:20:38   16.4 (1 restrained)
 8     -1064.370           1.0   1003 20:20:55   17.1 (1 restrained)
 9     -1064.242           1.0   1003 20:21:11   16.1 (1 restrained)
10     -1064.228           1.0   1003 20:21:30   18.7 (1 restrained)
11     -1064.224           1.0   1003 20:21:49   19.0 (1 restrained)
12     -1064.224           1.0   1003 20:22:08   18.9
13     -1064.224           1.0   1003 20:22:38   30.0
Model fitted using the sigma parameterization.
ASReml 4.1.0 Tue Oct  8 20:22:39 2024
          LogLik        Sigma2     DF     wall    cpu
 1     -1092.950           1.0    998 20:22:54   15.4
 2     -1071.122           1.0    998 20:23:12   17.6
 3     -1051.897           1.0    998 20:23:31   18.4
 4     -1044.597           1.0    998 20:23:49   18.5
 5     -1043.343           1.0    998 20:24:08   18.5
 6     -1043.125           1.0    998 20:24:28   20.1
 7     -1042.823           1.0    998 20:24:46   18.2 (1 restrained)
 8     -1042.264           1.0    998 20:25:04   18.3 (2 restrained)
 9     -1044.712           1.0    998 20:25:23   18.5 (1 restrained)
10     -1043.223           1.0    998 20:25:41   18.3 (1 restrained)
11     -1042.024           1.0    998 20:25:59   17.7 (2 restrained)
12     -1044.983           1.0    998 20:26:17   17.8 (1 restrained)
13     -1043.554           1.0    998 20:26:48   30.8 (1 restrained)
Model fitted using the sigma parameterization.
ASReml 4.1.0 Tue Oct  8 20:26:49 2024
          LogLik        Sigma2     DF     wall    cpu
 1     -1079.210           1.0    988 20:27:06   17.1
 2     -1056.974           1.0    988 20:27:23   17.5
 3     -1037.076           1.0    988 20:27:42   18.7
 4     -1028.957           1.0    988 20:28:02   19.6
 5     -1026.992           1.0    988 20:28:22   20.1 (1 restrained)
 6     -1026.170           1.0    988 20:28:41   19.2 (1 restrained)
 7     -1025.835           1.0    988 20:29:01   19.5 (1 restrained)
 8     -1025.693           1.0    988 20:29:20   19.0 (1 restrained)
 9     -1025.645           1.0    988 20:29:39   18.8 (1 restrained)
10     -1025.628           1.0    988 20:29:58   18.8 (1 restrained)
11     -1025.623           1.0    988 20:30:17   19.3 (1 restrained)
12     -1025.623           1.0    988 20:30:38   20.6
13     -1025.623           1.0    988 20:31:08   30.1
Model fitted using the sigma parameterization.
ASReml 4.1.0 Tue Oct  8 20:31:08 2024
          LogLik        Sigma2     DF     wall    cpu
 1     -1068.682           1.0    984 20:31:26   17.2
 2     -1048.003           1.0    984 20:31:45   19.7 (1 restrained)
 3     -1035.908           1.0    984 20:32:04   18.9
 4     -1025.769           1.0    984 20:32:23   18.7
 5     -1022.296           1.0    984 20:32:42   18.5
 6     -1021.856           1.0    984 20:33:00   18.1
 7     -1021.850           1.0    984 20:33:16   15.9
 8     -1021.849           1.0    984 20:33:32   16.3
 9     -1021.848           1.0    984 20:33:48   16.0
10     -1021.848           1.0    984 20:34:17   28.7
Model fitted using the sigma parameterization.
ASReml 4.1.0 Tue Oct  8 20:34:18 2024
          LogLik        Sigma2     DF     wall    cpu
 1     -1079.341           1.0    988 20:34:33   14.6
 2     -1058.656           1.0    988 20:34:49   15.8
 3     -1040.100           1.0    988 20:35:04   14.9 (1 restrained)
 4     -1033.846           1.0    988 20:35:20   16.1
 5     -1030.876           1.0    988 20:35:36   16.1 (2 restrained)
 6     -1031.497           1.0    988 20:35:53   16.8 (2 restrained)
 7     -1033.107           1.0    988 20:36:09   16.2 (2 restrained)
 8     -1033.597           1.0    988 20:36:27   17.5 (2 restrained)
 9     -1033.659           1.0    988 20:36:45   17.9 (1 restrained)
10     -1033.643           1.0    988 20:37:03   18.5 (2 restrained)
11     -1033.654           1.0    988 20:37:21   17.4 (1 restrained)
12     -1033.643           1.0    988 20:37:38   16.9
13     -1033.633           1.0    988 20:38:07   29.5
Model fitted using the sigma parameterization.
ASReml 4.1.0 Tue Oct  8 20:38:08 2024
          LogLik        Sigma2     DF     wall    cpu
 1     -1064.659           1.0    986 20:38:24   15.8
 2     -1042.309           1.0    986 20:38:40   15.8
 3     -1022.448           1.0    986 20:38:56   16.1
 4     -1014.572           1.0    986 20:39:11   15.4
 5     -1012.671           1.0    986 20:39:29   18.0 (2 restrained)
 6     -1013.450           1.0    986 20:39:46   16.8 (1 restrained)
 7     -1012.048           1.0    986 20:40:03   17.4 (1 restrained)
 8     -1011.306           1.0    986 20:40:20   16.9 (2 restrained)
 9     -1013.478           1.0    986 20:40:38   17.9 (1 restrained)
10     -1012.348           1.0    986 20:40:54   16.2 (1 restrained)
11     -1011.358           1.0    986 20:41:11   16.5 (2 restrained)
12     -1013.595           1.0    986 20:41:28   17.4 (1 restrained)
13     -1011.950           1.0    986 20:41:57   28.5
Model fitted using the sigma parameterization.
ASReml 4.1.0 Tue Oct  8 20:41:58 2024
          LogLik        Sigma2     DF     wall    cpu
 1     -1092.489           1.0    993 20:42:12   14.5
 2     -1070.172           1.0    993 20:42:27   15.1
 3     -1050.498           1.0    993 20:42:42   15.0
 4     -1043.024           1.0    993 20:42:58   15.7
 5     -1041.777           1.0    993 20:43:14   15.8
 6     -1041.621           1.0    993 20:43:31   16.7
 7     -1041.444           1.0    993 20:43:47   16.1
 8     -1041.127           1.0    993 20:44:03   16.0 (2 restrained)
 9     -1040.717           1.0    993 20:44:20   17.2 (2 restrained)
10     -1042.804           1.0    993 20:44:37   16.7 (1 restrained)
11     -1041.523           1.0    993 20:44:53   16.4 (2 restrained)
12     -1040.867           1.0    993 20:45:09   15.9 (1 restrained)
13     -1040.384           1.0    993 20:45:36   26.8 (1 restrained)
Model fitted using the sigma parameterization.
ASReml 4.1.0 Tue Oct  8 20:45:37 2024
          LogLik        Sigma2     DF     wall    cpu
 1     -1085.838           1.0    999 20:45:52   15.5
 2     -1064.789           1.0    999 20:46:09   16.5
 3     -1046.027           1.0    999 20:46:25   15.9
 4     -1038.607           1.0    999 20:46:41   15.8 (1 restrained)
 5     -1037.219           1.0    999 20:46:56   15.7
 6     -1036.442           1.0    999 20:47:12   15.6 (2 restrained)
 7     -1038.338           1.0    999 20:47:28   15.9 (1 restrained)
 8     -1036.650           1.0    999 20:47:44   16.0 (1 restrained)
 9     -1035.515           1.0    999 20:48:01   16.5 (2 restrained)
10     -1038.533           1.0    999 20:48:18   16.9 (1 restrained)
11     -1037.033           1.0    999 20:48:35   17.2 (1 restrained)
12     -1035.674           1.0    999 20:48:52   17.5
13     -1035.209           1.0    999 20:49:21   28.4
Model fitted using the sigma parameterization.
ASReml 4.1.0 Tue Oct  8 20:49:21 2024
          LogLik        Sigma2     DF     wall    cpu
 1     -1040.867           1.0    979 20:49:36   14.2
 2     -1019.937           1.0    979 20:49:52   16.4
 3     -1001.265           1.0    979 20:50:09   16.6
 4      -993.932           1.0    979 20:50:25   16.4
 5      -992.691           1.0    979 20:50:42   16.2
 6      -992.662           1.0    979 20:50:58   16.3
 7      -992.660           1.0    979 20:51:14   15.8
 8      -992.659           1.0    979 20:51:31   16.8
 9      -992.659           1.0    979 20:51:47   15.9
10      -992.659           1.0    979 20:52:14   27.1
Model fitted using the sigma parameterization.
ASReml 4.1.0 Tue Oct  8 20:52:14 2024
          LogLik        Sigma2     DF     wall    cpu
 1     -1092.356           1.0    983 20:52:31   16.4
 2     -1069.977           1.0    983 20:52:48   17.6
 3     -1050.295           1.0    983 20:53:06   17.1
 4     -1042.902           1.0    983 20:53:24   18.3
 5     -1041.803           1.0    983 20:53:42   17.6
 6     -1041.790           1.0    983 20:54:00   18.6
 7     -1041.786           1.0    983 20:54:18   17.8
 8     -1041.782           1.0    983 20:54:37   18.7
 9     -1041.779           1.0    983 20:54:55   17.7
10     -1041.777           1.0    983 20:55:11   16.2
11     -1041.774           1.0    983 20:55:26   15.0
12     -1041.772           1.0    983 20:55:41   15.4
13     -1041.769           1.0    983 20:56:08   26.9
Model fitted using the sigma parameterization.
ASReml 4.1.0 Tue Oct  8 20:56:09 2024
          LogLik        Sigma2     DF     wall    cpu
 1     -1071.324           1.0    986 20:56:25   16.0
 2     -1050.137           1.0    986 20:56:43   17.8
 3     -1030.942           1.0    986 20:57:02   18.9 (1 restrained)
 4     -1023.850           1.0    986 20:57:20   18.4 (2 restrained)
 5     -1024.269           1.0    986 20:57:38   17.9 (1 restrained)
 6     -1020.499           1.0    986 20:57:56   18.0 (1 restrained)
 7     -1019.498           1.0    986 20:58:15   18.4 (2 restrained)
 8     -1024.294           1.0    986 20:58:33   18.5 (1 restrained)
 9     -1021.948           1.0    986 20:58:51   17.6 (1 restrained)
10     -1020.863           1.0    986 20:59:08   16.6 (1 restrained)
11     -1019.762           1.0    986 20:59:23   15.6
12     -1019.323           1.0    986 20:59:39   16.1
13     -1019.316           1.0    986 21:00:07   27.4
Model fitted using the sigma parameterization.
ASReml 4.1.0 Tue Oct  8 21:00:07 2024
          LogLik        Sigma2     DF     wall    cpu
 1     -1091.085           1.0    992 21:00:26   18.2
 2     -1068.157           1.0    992 21:00:47   20.9
 3     -1047.746           1.0    992 21:01:08   20.5
 4     -1039.636           1.0    992 21:01:27   19.1
 5     -1037.823           1.0    992 21:01:46   19.4 (2 restrained)
 6     -1037.402           1.0    992 21:02:06   19.6 (2 restrained)
 7     -1038.635           1.0    992 21:02:26   19.9 (1 restrained)
 8     -1037.555           1.0    992 21:02:46   20.2 (2 restrained)
 9     -1036.958           1.0    992 21:03:07   20.4 (1 restrained)
10     -1036.652           1.0    992 21:03:27   20.3 (2 restrained)
11     -1038.662           1.0    992 21:03:47   19.4 (1 restrained)
12     -1037.648           1.0    992 21:04:06   19.1 (1 restrained)
13     -1036.996           1.0    992 21:04:39   33.1
Model fitted using the sigma parameterization.
ASReml 4.1.0 Tue Oct  8 21:04:40 2024
          LogLik        Sigma2     DF     wall    cpu
 1     -1108.294           1.0   1007 21:04:57   17.4
 2     -1086.679           1.0   1007 21:05:17   19.5
 3     -1067.416           1.0   1007 21:05:37   19.9
 4     -1059.694           1.0   1007 21:05:57   20.2
 5     -1057.733           1.0   1007 21:06:18   20.8 (3 restrained)
 6     -1059.655           1.0   1007 21:06:38   19.9 (1 restrained)
 7     -1057.497           1.0   1007 21:06:56   18.5 (1 restrained)
 8     -1056.517           1.0   1007 21:07:15   18.8 (3 restrained)
 9     -1059.249           1.0   1007 21:07:35   19.9 (1 restrained)
10     -1057.714           1.0   1007 21:07:55   19.5 (3 restrained)
11     -1059.992           1.0   1007 21:08:15   19.9 (1 restrained)
12     -1058.492           1.0   1007 21:08:36   20.9
13     -1056.661           1.0   1007 21:09:07   31.7 (1 restrained)
Model fitted using the sigma parameterization.
ASReml 4.1.0 Tue Oct  8 21:09:08 2024
          LogLik        Sigma2     DF     wall    cpu
 1     -1052.413           1.0    976 21:09:27   19.3
 2     -1031.032           1.0    976 21:09:48   20.2
 3     -1011.905           1.0    976 21:10:07   19.5
 4     -1004.369           1.0    976 21:10:27   19.6
 5     -1003.110           1.0    976 21:10:46   19.1
 6     -1003.064           1.0    976 21:11:06   19.9 (1 restrained)
 7     -1003.047           1.0    976 21:11:26   19.8
 8     -1003.028           1.0    976 21:11:46   19.9
 9     -1003.011           1.0    976 21:12:06   20.2
10     -1002.995           1.0    976 21:12:27   21.2
11     -1002.977           1.0    976 21:12:48   20.8
12     -1002.953           1.0    976 21:13:09   20.6
13     -1002.918           1.0    976 21:13:42   32.8
Model fitted using the sigma parameterization.
ASReml 4.1.0 Tue Oct  8 21:13:42 2024
          LogLik        Sigma2     DF     wall    cpu
 1     -1107.689           1.0    995 21:13:59   16.6
 2     -1085.632           1.0    995 21:14:19   19.5
 3     -1065.959           1.0    995 21:14:38   19.3
 4     -1058.207           1.0    995 21:14:58   19.5
 5     -1056.652           1.0    995 21:15:17   19.7
 6     -1055.931           1.0    995 21:15:37   19.8 (2 restrained)
 7     -1056.326           1.0    995 21:15:57   20.0 (1 restrained)
 8     -1054.929           1.0    995 21:16:18   20.3 (2 restrained)
 9     -1056.365           1.0    995 21:16:37   19.0 (2 restrained)
10     -1055.121           1.0    995 21:16:55   18.3 (2 restrained)
11     -1056.621           1.0    995 21:17:15   19.3 (2 restrained)
12     -1055.361           1.0    995 21:17:34   19.3 (2 restrained)
13     -1054.664           1.0    995 21:18:06   31.6 (1 restrained)
Model fitted using the sigma parameterization.
ASReml 4.1.0 Tue Oct  8 21:18:06 2024
          LogLik        Sigma2     DF     wall    cpu
 1     -1081.959           1.0    988 21:18:23   16.4
 2     -1060.124           1.0    988 21:18:40   17.3
 3     -1040.642           1.0    988 21:18:57   16.7
 4     -1032.680           1.0    988 21:19:14   17.3 (2 restrained)
 5     -1031.582           1.0    988 21:19:32   17.4 (1 restrained)
 6     -1029.655           1.0    988 21:19:49   17.8 (2 restrained)
 7     -1032.181           1.0    988 21:20:07   18.0 (2 restrained)
 8     -1030.089           1.0    988 21:20:26   18.2 (2 restrained)
 9     -1032.721           1.0    988 21:20:44   18.2 (2 restrained)
10     -1030.614           1.0    988 21:21:04   19.5 (1 restrained)
11     -1029.203           1.0    988 21:21:23   19.7
12     -1029.025           1.0    988 21:21:43   19.6
13     -1029.023           1.0    988 21:22:15   31.6
Model fitted using the sigma parameterization.
ASReml 4.1.0 Tue Oct  8 21:22:15 2024
          LogLik        Sigma2     DF     wall    cpu
 1     -1035.060           1.0    973 21:22:34   18.7
 2     -1013.679           1.0    973 21:22:54   19.6
 3      -994.910           1.0    973 21:23:14   20.5
 4      -987.879           1.0    973 21:23:34   19.9
 5      -986.777           1.0    973 21:23:56   21.9
 6      -986.698           1.0    973 21:24:17   20.7
 7      -986.642           1.0    973 21:24:38   20.7
 8      -986.588           1.0    973 21:24:58   20.4
 9      -986.525           1.0    973 21:25:18   19.5
10      -986.428           1.0    973 21:25:39   20.8
11      -986.231           1.0    973 21:26:01   21.9 (1 restrained)
12      -985.924           1.0    973 21:26:20   18.9 (2 restrained)
13      -988.656           1.0    973 21:26:52   32.3 (1 restrained)
Model fitted using the sigma parameterization.
ASReml 4.1.0 Tue Oct  8 21:26:53 2024
          LogLik        Sigma2     DF     wall    cpu
 1     -1080.079           1.0    994 21:27:07   14.1
 2     -1058.704           1.0    994 21:27:25   18.2
 3     -1039.720           1.0    994 21:27:42   16.7
 4     -1032.351           1.0    994 21:28:02   20.3
 5     -1031.012           1.0    994 21:28:23   20.4
 6     -1030.720           1.0    994 21:28:40   17.4
 7     -1030.249           1.0    994 21:29:00   19.8 (1 restrained)
 8     -1029.743           1.0    994 21:29:19   19.4 (1 restrained)
 9     -1029.483           1.0    994 21:29:40   20.7 (1 restrained)
10     -1029.388           1.0    994 21:30:00   20.2 (1 restrained)
11     -1029.353           1.0    994 21:30:21   20.4 (1 restrained)
12     -1029.341           1.0    994 21:30:41   20.4 (1 restrained)
13     -1029.341           1.0    994 21:31:13   31.9
Model fitted using the sigma parameterization.
ASReml 4.1.0 Tue Oct  8 21:31:14 2024
          LogLik        Sigma2     DF     wall    cpu
 1     -1113.954           1.0    994 21:31:33   18.6
 2     -1091.463           1.0    994 21:31:54   20.8
 3     -1071.410           1.0    994 21:32:14   20.5
 4     -1063.283           1.0    994 21:32:35   20.5 (1 restrained)
 5     -1061.419           1.0    994 21:32:54   19.1 (2 restrained)
 6     -1062.143           1.0    994 21:33:15   20.6 (1 restrained)
 7     -1060.859           1.0    994 21:33:33   17.9 (1 restrained)
 8     -1060.162           1.0    994 21:33:51   18.6 (2 restrained)
 9     -1062.199           1.0    994 21:34:12   20.3 (1 restrained)
10     -1061.109           1.0    994 21:34:30   18.3 (1 restrained)
11     -1060.226           1.0    994 21:34:49   18.9 (2 restrained)
12     -1062.307           1.0    994 21:35:10   20.7
13     -1061.215           1.0    994 21:35:43   32.5
Model fitted using the sigma parameterization.
ASReml 4.1.0 Tue Oct  8 21:35:43 2024
          LogLik        Sigma2     DF     wall    cpu
 1     -1091.807           1.0    986 21:36:01   18.2
 2     -1069.589           1.0    986 21:36:19   18.0
 3     -1049.413           1.0    986 21:36:37   17.9
 4     -1040.495           1.0    986 21:36:57   19.5 (2 restrained)
 5     -1039.646           1.0    986 21:37:16   18.7 (2 restrained)
 6     -1040.636           1.0    986 21:37:35   19.8 (3 restrained)
 7     -1041.585           1.0    986 21:37:55   19.2 (2 restrained)
 8     -1041.251           1.0    986 21:38:14   18.8 (2 restrained)
 9     -1041.736           1.0    986 21:38:32   18.3 (1 restrained)
10     -1041.251           1.0    986 21:38:51   19.3 (2 restrained)
11     -1041.736           1.0    986 21:39:11   19.5 (1 restrained)
12     -1041.437           1.0    986 21:39:32   20.5
13     -1041.172           1.0    986 21:40:03   31.9
Model fitted using the sigma parameterization.
ASReml 4.1.0 Tue Oct  8 21:40:04 2024
          LogLik        Sigma2     DF     wall    cpu
 1     -1025.631           1.0    976 21:40:22   17.0
 2     -1004.594           1.0    976 21:40:40   18.6
 3      -986.109           1.0    976 21:41:01   20.4
 4      -979.178           1.0    976 21:41:20   19.0
 5      -978.102           1.0    976 21:41:39   19.6
 6      -978.026           1.0    976 21:42:01   21.1
 7      -977.966           1.0    976 21:42:20   19.6
 8      -977.903           1.0    976 21:42:40   19.3
 9      -977.817           1.0    976 21:42:58   18.6
10      -977.666           1.0    976 21:43:16   17.9
11      -977.284           1.0    976 21:43:37   20.4 (2 restrained)
12      -979.919           1.0    976 21:43:57   20.3 (2 restrained)
13      -977.615           1.0    976 21:44:30   32.5 (2 restrained)
Model fitted using the sigma parameterization.
ASReml 4.1.0 Tue Oct  8 21:44:30 2024
          LogLik        Sigma2     DF     wall    cpu
 1     -1072.549           1.0    989 21:44:50   18.8
 2     -1051.285           1.0    989 21:45:10   20.2 (1 restrained)
 3     -1038.869           1.0    989 21:45:30   20.0
 4     -1028.255           1.0    989 21:45:49   19.6
 5     -1024.537           1.0    989 21:46:10   20.6
 6     -1024.041           1.0    989 21:46:30   20.2
 7     -1024.034           1.0    989 21:46:51   20.3
 8     -1024.031           1.0    989 21:47:11   20.6
 9     -1024.029           1.0    989 21:47:32   20.6
10     -1024.027           1.0    989 21:47:52   19.8
11     -1024.026           1.0    989 21:48:12   19.5
12     -1024.025           1.0    989 21:48:32   20.4
13     -1024.025           1.0    989 21:49:01   29.4
Model fitted using the sigma parameterization.
ASReml 4.1.0 Tue Oct  8 21:49:02 2024
          LogLik        Sigma2     DF     wall    cpu
 1     -1066.815           1.0    982 21:49:19   17.0
 2     -1045.023           1.0    982 21:49:38   19.1
 3     -1025.493           1.0    982 21:49:58   19.2
 4     -1017.470           1.0    982 21:50:16   18.9 (1 restrained)
 5     -1015.702           1.0    982 21:50:36   19.6 (2 restrained)
 6     -1016.806           1.0    982 21:50:56   19.9 (1 restrained)
 7     -1015.424           1.0    982 21:51:17   20.3 (1 restrained)
 8     -1014.217           1.0    982 21:51:37   20.5 (2 restrained)
 9     -1016.540           1.0    982 21:51:57   20.2 (1 restrained)
10     -1015.318           1.0    982 21:52:16   18.6 (1 restrained)
11     -1014.155           1.0    982 21:52:36   19.9 (2 restrained)
12     -1016.524           1.0    982 21:52:55   18.8
13     -1015.306           1.0    982 21:53:26   31.3
Model fitted using the sigma parameterization.
ASReml 4.1.0 Tue Oct  8 21:53:27 2024
          LogLik        Sigma2     DF     wall    cpu
 1     -1064.283           1.0    985 21:53:46   18.9
 2     -1043.479           1.0    985 21:54:06   20.4
 3     -1025.046           1.0    985 21:54:27   20.2
 4     -1017.972           1.0    985 21:54:45   18.1
 5     -1016.808           1.0    985 21:55:03   18.1
 6     -1016.705           1.0    985 21:55:21   18.6
 7     -1016.613           1.0    985 21:55:42   20.2
 8     -1016.483           1.0    985 21:56:01   18.8 (1 restrained)
 9     -1016.209           1.0    985 21:56:20   19.1 (1 restrained)
10     -1015.747           1.0    985 21:56:39   19.4 (2 restrained)
11     -1018.306           1.0    985 21:57:00   20.5 (1 restrained)
12     -1016.897           1.0    985 21:57:19   19.4 (2 restrained)
13     -1015.941           1.0    985 21:57:49   29.9 (1 restrained)
Model fitted using the sigma parameterization.
ASReml 4.1.0 Tue Oct  8 21:57:50 2024
          LogLik        Sigma2     DF     wall    cpu
 1     -1111.092           1.0   1001 21:58:07   16.7
 2     -1088.862           1.0   1001 21:58:27   20.4
 3     -1069.326           1.0   1001 21:58:46   18.6
 4     -1061.977           1.0   1001 21:59:05   19.6
 5     -1060.823           1.0   1001 21:59:25   19.7
 6     -1060.743           1.0   1001 21:59:44   18.7
 7     -1060.683           1.0   1001 22:00:02   18.2
 8     -1060.620           1.0   1001 22:00:19   17.0
 9     -1060.540           1.0   1001 22:00:40   20.4
10     -1060.412           1.0   1001 22:01:00   19.9
11     -1060.137           1.0   1001 22:01:20   20.1 (2 restrained)
12     -1060.580           1.0   1001 22:01:39   19.4 (2 restrained)
13     -1061.069           1.0   1001 22:02:11   31.1 (2 restrained)
Model fitted using the sigma parameterization.
ASReml 4.1.0 Tue Oct  8 22:02:11 2024
          LogLik        Sigma2     DF     wall    cpu
 1     -1079.235           1.0    998 22:02:27   16.3
 2     -1057.231           1.0    998 22:02:46   18.9
 3     -1037.562           1.0    998 22:03:06   19.2
 4     -1029.558           1.0    998 22:03:25   19.7 (1 restrained)
 5     -1027.708           1.0    998 22:03:44   18.6 (1 restrained)
 6     -1026.876           1.0    998 22:04:05   20.5 (1 restrained)
 7     -1026.609           1.0    998 22:04:25   20.1 (1 restrained)
 8     -1026.505           1.0    998 22:04:45   20.4 (1 restrained)
 9     -1026.471           1.0    998 22:05:06   20.5 (1 restrained)
10     -1026.459           1.0    998 22:05:26   19.8 (1 restrained)
11     -1026.459           1.0    998 22:05:46   20.3
12     -1026.459           1.0    998 22:06:18   31.8
Model fitted using the sigma parameterization.
ASReml 4.1.0 Tue Oct  8 22:06:18 2024
          LogLik        Sigma2     DF     wall    cpu
 1     -1065.262           1.0    973 22:06:37   18.2
 2     -1043.711           1.0    973 22:06:58   20.8
 3     -1024.486           1.0    973 22:07:17   19.4
 4     -1016.806           1.0    973 22:07:35   18.2
 5     -1014.972           1.0    973 22:07:56   20.9 (3 restrained)
 6     -1015.915           1.0    973 22:08:16   19.7 (1 restrained)
 7     -1014.331           1.0    973 22:08:37   20.7 (1 restrained)
 8     -1013.600           1.0    973 22:08:55   17.7 (2 restrained)
 9     -1015.667           1.0    973 22:09:14   19.2 (1 restrained)
10     -1014.558           1.0    973 22:09:34   20.2 (1 restrained)
11     -1013.626           1.0    973 22:09:55   20.9 (2 restrained)
12     -1015.771           1.0    973 22:10:15   19.9
13     -1014.673           1.0    973 22:10:48   33.1 (1 restrained)
Model fitted using the sigma parameterization.
ASReml 4.1.0 Tue Oct  8 22:10:49 2024
          LogLik        Sigma2     DF     wall    cpu
 1     -1083.751           1.0    992 22:11:07   17.4
 2     -1063.246           1.0    992 22:11:27   19.9
 3     -1045.162           1.0    992 22:11:47   20.2
 4     -1038.313           1.0    992 22:12:07   20.0 (1 restrained)
 5     -1037.339           1.0    992 22:12:27   19.6
 6     -1037.129           1.0    992 22:12:46   19.5
 7     -1037.026           1.0    992 22:13:05   18.5
 8     -1036.901           1.0    992 22:13:25   20.4
 9     -1036.667           1.0    992 22:13:45   20.1 (1 restrained)
10     -1036.167           1.0    992 22:14:05   19.9 (2 restrained)
11     -1039.576           1.0    992 22:14:23   17.9 (1 restrained)
12     -1037.746           1.0    992 22:14:43   19.9 (1 restrained)
13     -1036.250           1.0    992 22:15:14   30.7 (1 restrained)
Model fitted using the sigma parameterization.
ASReml 4.1.0 Tue Oct  8 22:15:14 2024
          LogLik        Sigma2     DF     wall    cpu
 1     -1088.994           1.0    990 22:15:31   16.7
 2     -1066.634           1.0    990 22:15:51   19.6
 3     -1046.740           1.0    990 22:16:11   20.2
 4     -1038.851           1.0    990 22:16:31   19.7
 5     -1037.069           1.0    990 22:16:51   19.9 (1 restrained)
 6     -1036.529           1.0    990 22:17:11   20.0 (1 restrained)
 7     -1035.993           1.0    990 22:17:30   18.6 (2 restrained)
 8     -1038.084           1.0    990 22:17:51   21.0 (1 restrained)
 9     -1036.935           1.0    990 22:18:10   19.7 (2 restrained)
10     -1036.184           1.0    990 22:18:31   20.2 (1 restrained)
11     -1035.738           1.0    990 22:18:51   20.2 (2 restrained)
12     -1038.153           1.0    990 22:19:11   19.9
13     -1037.027           1.0    990 22:19:43   31.5 (1 restrained)
Model fitted using the sigma parameterization.
ASReml 4.1.0 Tue Oct  8 22:19:43 2024
          LogLik        Sigma2     DF     wall    cpu
 1     -1050.803           1.0    982 22:20:03   19.6
 2     -1029.321           1.0    982 22:20:23   20.6
 3     -1010.075           1.0    982 22:20:44   20.7 (1 restrained)
 4     -1003.588           1.0    982 22:21:04   19.5 (1 restrained)
 5     -1001.672           1.0    982 22:21:24   20.6
 6     -1000.826           1.0    982 22:21:45   20.2
 7     -1000.478           1.0    982 22:22:05   20.1 (1 restrained)
 8     -1000.163           1.0    982 22:22:24   19.2 (1 restrained)
 9      -999.881           1.0    982 22:22:45   20.5 (1 restrained)
10      -999.767           1.0    982 22:23:06   20.9 (1 restrained)
11      -999.728           1.0    982 22:23:25   19.6 (1 restrained)
12      -999.714           1.0    982 22:23:46   20.3 (1 restrained)
13      -999.710           1.0    982 22:24:18   31.8 (1 restrained)
Model fitted using the sigma parameterization.
ASReml 4.1.0 Tue Oct  8 22:24:18 2024
          LogLik        Sigma2     DF     wall    cpu
 1     -1067.342           1.0    979 22:24:35   16.8
 2     -1046.503           1.0    979 22:24:55   19.9
 3     -1028.148           1.0    979 22:25:14   19.0
 4     -1021.201           1.0    979 22:25:35   20.4
 5     -1020.076           1.0    979 22:25:54   19.0
 6     -1019.967           1.0    979 22:26:14   20.3
 7     -1019.858           1.0    979 22:26:33   19.0
 8     -1019.696           1.0    979 22:26:51   18.1
 9     -1019.338           1.0    979 22:27:10   18.6 (2 restrained)
10     -1020.989           1.0    979 22:27:30   20.4 (1 restrained)
11     -1019.575           1.0    979 22:27:50   19.6 (1 restrained)
12     -1018.738           1.0    979 22:28:10   19.4 (2 restrained)
13     -1021.332           1.0    979 22:28:40   30.6 (1 restrained)
Model fitted using the sigma parameterization.
ASReml 4.1.0 Tue Oct  8 22:28:41 2024
          LogLik        Sigma2     DF     wall    cpu
 1     -1091.280           1.0    996 22:28:59   18.4
 2     -1068.479           1.0    996 22:29:19   19.7
 3     -1048.066           1.0    996 22:29:38   18.6
 4     -1039.719           1.0    996 22:29:56   18.0
 5     -1037.710           1.0    996 22:30:16   19.8 (3 restrained)
 6     -1038.629           1.0    996 22:30:36   19.8 (2 restrained)
 7     -1039.029           1.0    996 22:30:55   19.8 (3 restrained)
 8     -1039.357           1.0    996 22:31:15   20.0 (1 restrained)
 9     -1039.202           1.0    996 22:31:36   20.1 (2 restrained)
10     -1039.353           1.0    996 22:31:55   19.4 (1 restrained)
11     -1039.202           1.0    996 22:32:14   19.0 (2 restrained)
12     -1039.274           1.0    996 22:32:34   20.1
13     -1038.959           1.0    996 22:33:06   31.5
Model fitted using the sigma parameterization.
ASReml 4.1.0 Tue Oct  8 22:33:07 2024
          LogLik        Sigma2     DF     wall    cpu
 1     -1074.287           1.0    989 22:33:26   18.9
 2     -1053.207           1.0    989 22:33:45   19.9
 3     -1034.767           1.0    989 22:34:04   18.7
 4     -1027.948           1.0    989 22:34:24   19.6
 5     -1026.945           1.0    989 22:34:44   19.8
 6     -1026.904           1.0    989 22:35:04   20.2
 7     -1026.879           1.0    989 22:35:24   19.9
 8     -1026.858           1.0    989 22:35:43   19.4
 9     -1026.837           1.0    989 22:36:02   18.2
10     -1026.815           1.0    989 22:36:21   19.6
11     -1026.785           1.0    989 22:36:41   19.6
12     -1026.738           1.0    989 22:37:00   18.5
13     -1026.645           1.0    989 22:37:30   30.3
Model fitted using the sigma parameterization.
ASReml 4.1.0 Tue Oct  8 22:37:30 2024
          LogLik        Sigma2     DF     wall    cpu
 1     -1105.236           1.0   1004 22:37:47   16.7
 2     -1083.515           1.0   1004 22:38:05   18.0
 3     -1064.157           1.0   1004 22:38:24   18.3
 4     -1056.576           1.0   1004 22:38:43   19.2
 5     -1055.231           1.0   1004 22:39:02   19.4
 6     -1055.061           1.0   1004 22:39:22   20.0
 7     -1054.882           1.0   1004 22:39:42   19.0 (1 restrained)
 8     -1054.596           1.0   1004 22:40:01   19.6 (2 restrained)
 9     -1055.457           1.0   1004 22:40:21   20.1 (1 restrained)
10     -1054.567           1.0   1004 22:40:42   20.4 (2 restrained)
11     -1055.911           1.0   1004 22:41:02   19.9 (1 restrained)
12     -1055.160           1.0   1004 22:41:20   18.4 (1 restrained)
13     -1054.354           1.0   1004 22:41:48   27.9 (2 restrained)
Model fitted using the sigma parameterization.
ASReml 4.1.0 Tue Oct  8 22:41:49 2024
          LogLik        Sigma2     DF     wall    cpu
 1     -1081.610           1.0    984 22:42:06   16.7
 2     -1059.874           1.0    984 22:42:27   20.8
 3     -1040.439           1.0    984 22:42:46   19.3
 4     -1032.633           1.0    984 22:43:05   18.6
 5     -1030.643           1.0    984 22:43:24   19.4 (2 restrained)
 6     -1030.993           1.0    984 22:43:43   18.9 (1 restrained)
 7     -1029.387           1.0    984 22:44:03   20.2 (2 restrained)
 8     -1031.192           1.0    984 22:44:23   19.4 (2 restrained)
 9     -1029.609           1.0    984 22:44:42   19.3 (1 restrained)
10     -1029.069           1.0    984 22:45:01   19.1 (2 restrained)
11     -1031.244           1.0    984 22:45:21   19.7 (1 restrained)
12     -1030.154           1.0    984 22:45:41   19.7
13     -1029.165           1.0    984 22:46:12   31.4
Model fitted using the sigma parameterization.
ASReml 4.1.0 Tue Oct  8 22:46:13 2024
          LogLik        Sigma2     DF     wall    cpu
 1     -1075.399           1.0    983 22:46:31   17.9
 2     -1052.447           1.0    983 22:46:51   19.9
 3     -1031.882           1.0    983 22:47:11   19.3
 4     -1023.258           1.0    983 22:47:31   19.9 (2 restrained)
 5     -1022.017           1.0    983 22:47:51   20.3 (2 restrained)
 6     -1020.586           1.0    983 22:48:09   18.2 (2 restrained)
 7     -1022.495           1.0    983 22:48:26   17.1 (1 restrained)
 8     -1021.271           1.0    983 22:48:43   16.9 (2 restrained)
 9     -1020.484           1.0    983 22:49:00   16.8 (1 restrained)
10     -1019.980           1.0    983 22:49:17   16.6 (2 restrained)
11     -1022.338           1.0    983 22:49:33   16.5 (1 restrained)
12     -1021.174           1.0    983 22:49:50   16.3
13     -1020.206           1.0    983 22:50:17   26.7
Model fitted using the sigma parameterization.
ASReml 4.1.0 Tue Oct  8 22:50:17 2024
          LogLik        Sigma2     DF     wall    cpu
 1     -1047.288           1.0    979 22:50:30   13.2
 2     -1026.435           1.0    979 22:50:46   16.0
 3     -1007.842           1.0    979 22:51:03   16.1
 4     -1000.568           1.0    979 22:51:19   16.2
 5      -999.278           1.0    979 22:51:35   16.2
 6      -999.081           1.0    979 22:51:51   16.3
 7      -998.814           1.0    979 22:52:08   16.2 (1 restrained)
 8      -998.420           1.0    979 22:52:24   16.2 (1 restrained)
 9      -998.031           1.0    979 22:52:40   16.3 (2 restrained)
10     -1000.700           1.0    979 22:52:57   16.3
11      -999.541           1.0    979 22:53:13   16.5 (1 restrained)
12      -998.084           1.0    979 22:53:30   16.3 (1 restrained)
13      -997.824           1.0    979 22:53:56   26.6 (2 restrained)
Model fitted using the sigma parameterization.
ASReml 4.1.0 Tue Oct  8 22:53:57 2024
          LogLik        Sigma2     DF     wall    cpu
 1     -1096.548           1.0    992 22:54:10   12.9
 2     -1075.427           1.0    992 22:54:25   15.6
 3     -1056.665           1.0    992 22:54:41   15.8
 4     -1049.434           1.0    992 22:54:57   15.9
 5     -1048.307           1.0    992 22:55:13   16.1
 6     -1048.293           1.0    992 22:55:30   16.1
 7     -1048.290           1.0    992 22:55:46   16.2
 8     -1048.289           1.0    992 22:56:02   16.2
 9     -1048.289           1.0    992 22:56:18   16.2
10     -1048.289           1.0    992 22:56:45   27.0
Model fitted using the sigma parameterization.
ASReml 4.1.0 Tue Oct  8 22:56:46 2024
          LogLik        Sigma2     DF     wall    cpu
 1     -1094.689           1.0    986 22:57:00   13.8
 2     -1073.068           1.0    986 22:57:15   14.7
 3     -1053.799           1.0    986 22:57:30   15.0
 4     -1046.101           1.0    986 22:57:44   14.2
 5     -1044.064           1.0    986 22:57:59   15.6 (2 restrained)
 6     -1045.128           1.0    986 22:58:14   15.0 (1 restrained)
 7     -1043.518           1.0    986 22:58:30   15.2 (1 restrained)
 8     -1042.618           1.0    986 22:58:45   15.5 (1 restrained)
 9     -1042.366           1.0    986 22:59:01   15.7 (2 restrained)
10     -1044.857           1.0    986 22:59:17   15.9 (1 restrained)
11     -1043.601           1.0    986 22:59:33   16.0 (1 restrained)
12     -1042.592           1.0    986 22:59:49   16.0
13     -1042.317           1.0    986 23:00:16   26.8
Model fitted using the sigma parameterization.
ASReml 4.1.0 Tue Oct  8 23:00:16 2024
          LogLik        Sigma2     DF     wall    cpu
 1     -1074.752           1.0    992 23:00:31   14.2
 2     -1052.440           1.0    992 23:00:45   14.7
 3     -1032.544           1.0    992 23:01:00   14.9
 4     -1024.577           1.0    992 23:01:16   15.2
 5     -1022.596           1.0    992 23:01:30   14.5 (3 restrained)
 6     -1023.836           1.0    992 23:01:46   15.3 (1 restrained)
 7     -1022.141           1.0    992 23:02:00   14.8 (1 restrained)
 8     -1021.435           1.0    992 23:02:16   15.2 (3 restrained)
 9     -1023.706           1.0    992 23:02:31   15.5 (1 restrained)
10     -1022.542           1.0    992 23:02:47   15.7 (2 restrained)
11     -1021.798           1.0    992 23:03:03   15.9 (1 restrained)
12     -1021.361           1.0    992 23:03:19   15.9
13     -1021.288           1.0    992 23:03:46   26.7 (1 restrained)
Model fitted using the sigma parameterization.
ASReml 4.1.0 Tue Oct  8 23:03:46 2024
          LogLik        Sigma2     DF     wall    cpu
 1     -1060.809           1.0    990 23:04:02   15.5
 2     -1039.859           1.0    990 23:04:19   17.2
 3     -1021.425           1.0    990 23:04:36   17.2
 4     -1014.463           1.0    990 23:04:53   16.9
 5     -1013.333           1.0    990 23:05:09   15.9
 6     -1013.213           1.0    990 23:05:24   15.3 (1 restrained)
 7     -1013.098           1.0    990 23:05:40   15.5
 8     -1012.916           1.0    990 23:05:56   15.8
 9     -1012.477           1.0    990 23:06:12   16.0 (2 restrained)
10     -1014.277           1.0    990 23:06:28   16.1 (1 restrained)
11     -1012.885           1.0    990 23:06:44   16.1 (1 restrained)
12     -1011.967           1.0    990 23:07:00   16.2 (2 restrained)
13     -1014.577           1.0    990 23:07:27   27.0 (2 restrained)
Model fitted using the sigma parameterization.
ASReml 4.1.0 Tue Oct  8 23:07:28 2024
          LogLik        Sigma2     DF     wall    cpu
 1     -1053.593           1.0    979 23:07:43   15.5
 2     -1031.971           1.0    979 23:08:01   17.1
 3     -1012.757           1.0    979 23:08:17   16.7
 4     -1005.196           1.0    979 23:08:34   16.6
 5     -1003.521           1.0    979 23:08:50   15.6 (1 restrained)
 6     -1002.925           1.0    979 23:09:06   15.9 (2 restrained)
 7     -1004.759           1.0    979 23:09:21   15.3 (1 restrained)
 8     -1003.289           1.0    979 23:09:37   15.6 (1 restrained)
 9     -1002.233           1.0    979 23:09:52   15.7 (2 restrained)
10     -1004.870           1.0    979 23:10:08   15.9 (1 restrained)
11     -1003.514           1.0    979 23:10:24   15.9 (1 restrained)
12     -1002.320           1.0    979 23:10:40   16.0
13     -1001.959           1.0    979 23:11:07   26.4
