WARNING: ignoring environment value of R_HOME
Online License checked out Wed Oct  9 09:00:28 2024
Model fitted using the sigma parameterization.
ASReml 4.1.0 Wed Oct  9 09:00:33 2024
          LogLik        Sigma2     DF     wall    cpu
 1      -972.487           1.0   1093 09:00:54   20.6
 2      -947.632           1.0   1093 09:01:17   22.9
 3      -925.651           1.0   1093 09:01:40   22.8
 4      -917.169           1.0   1093 09:02:03   23.1
 5      -915.538           1.0   1093 09:02:26   22.9
 6      -914.953           1.0   1093 09:02:49   22.6 (3 restrained)
 7      -916.399           1.0   1093 09:03:11   22.3 (1 restrained)
 8      -914.569           1.0   1093 09:03:33   22.2 (1 restrained)
 9      -913.663           1.0   1093 09:03:55   22.0 (2 restrained)
10      -916.911           1.0   1093 09:04:17   21.9 (2 restrained)
11      -914.900           1.0   1093 09:04:39   21.9 (2 restrained)
12      -917.704           1.0   1093 09:05:01   21.8 (1 restrained)
13      -915.964           1.0   1093 09:05:37   35.8
Model fitted using the sigma parameterization.
ASReml 4.1.0 Wed Oct  9 09:05:38 2024
          LogLik        Sigma2     DF     wall    cpu
 1      -970.843           1.0   1096 09:05:57   19.0
 2      -946.224           1.0   1096 09:06:19   21.8
 3      -924.285           1.0   1096 09:06:41   21.7
 4      -915.717           1.0   1096 09:07:03   21.7
 5      -914.246           1.0   1096 09:07:24   21.6
 6      -914.110           1.0   1096 09:07:46   21.6
 7      -913.984           1.0   1096 09:08:08   21.7
 8      -913.799           1.0   1096 09:08:30   22.0 (1 restrained)
 9      -913.461           1.0   1096 09:08:52   21.9 (1 restrained)
10      -912.985           1.0   1096 09:09:14   22.0 (2 restrained)
11      -915.391           1.0   1096 09:09:36   21.8 (2 restrained)
12      -913.462           1.0   1096 09:09:58   21.9 (1 restrained)
13      -912.639           1.0   1096 09:10:35   36.8 (2 restrained)
Model fitted using the sigma parameterization.
ASReml 4.1.0 Wed Oct  9 09:10:36 2024
          LogLik        Sigma2     DF     wall    cpu
 1      -978.456           1.0   1094 09:10:55   18.9
 2      -953.038           1.0   1094 09:11:17   22.0
 3      -930.490           1.0   1094 09:11:39   22.0 (1 restrained)
 4      -923.087           1.0   1094 09:12:01   21.9
 5      -920.637           1.0   1094 09:12:23   22.0 (1 restrained)
 6      -920.313           1.0   1094 09:12:45   21.9
 7      -920.211           1.0   1094 09:13:07   22.0
 8      -920.127           1.0   1094 09:13:29   22.0
 9      -920.002           1.0   1094 09:13:51   21.9
10      -919.731           1.0   1094 09:14:12   21.5 (1 restrained)
11      -919.255           1.0   1094 09:14:34   21.5 (2 restrained)
12      -921.501           1.0   1094 09:14:55   21.5 (1 restrained)
13      -920.121           1.0   1094 09:15:32   36.1 (1 restrained)
Model fitted using the sigma parameterization.
ASReml 4.1.0 Wed Oct  9 09:15:32 2024
          LogLik        Sigma2     DF     wall    cpu
 1      -977.712           1.0   1095 09:15:51   18.8
 2      -952.311           1.0   1095 09:16:14   22.4
 3      -929.876           1.0   1095 09:16:37   22.8
 4      -921.266           1.0   1095 09:17:01   24.1
 5      -919.686           1.0   1095 09:17:23   22.0
 6      -919.298           1.0   1095 09:17:45   21.6 (2 restrained)
 7      -918.707           1.0   1095 09:18:06   21.6 (2 restrained)
 8      -920.727           1.0   1095 09:18:28   21.6 (1 restrained)
 9      -919.113           1.0   1095 09:18:50   21.6 (2 restrained)
10      -918.229           1.0   1095 09:19:11   21.6 (2 restrained)
11      -921.389           1.0   1095 09:19:33   21.6 (2 restrained)
12      -919.766           1.0   1095 09:19:55   21.6 (1 restrained)
13      -918.291           1.0   1095 09:20:31   35.9
Model fitted using the sigma parameterization.
ASReml 4.1.0 Wed Oct  9 09:20:32 2024
          LogLik        Sigma2     DF     wall    cpu
 1      -965.212           1.0   1097 09:20:51   18.9
 2      -939.921           1.0   1097 09:21:13   21.8
 3      -917.221           1.0   1097 09:21:34   21.7 (1 restrained)
 4      -909.514           1.0   1097 09:21:56   21.7
 5      -906.759           1.0   1097 09:22:18   21.6
 6      -905.975           1.0   1097 09:22:39   21.6 (1 restrained)
 7      -905.373           1.0   1097 09:23:01   21.6 (1 restrained)
 8      -904.803           1.0   1097 09:23:23   21.6 (2 restrained)
 9      -907.663           1.0   1097 09:23:45   21.7 (1 restrained)
10      -906.174           1.0   1097 09:24:07   21.9 (1 restrained)
11      -904.910           1.0   1097 09:24:28   21.6 (1 restrained)
12      -904.453           1.0   1097 09:24:50   21.6 (2 restrained)
13      -907.616           1.0   1097 09:25:26   35.8
Model fitted using the sigma parameterization.
ASReml 4.1.0 Wed Oct  9 09:25:27 2024
          LogLik        Sigma2     DF     wall    cpu
 1      -974.727           1.0   1093 09:25:46   18.9
 2      -949.624           1.0   1093 09:26:08   21.8
 3      -927.387           1.0   1093 09:26:30   21.8
 4      -918.775           1.0   1093 09:26:51   21.8
 5      -917.115           1.0   1093 09:27:13   21.7
 6      -916.564           1.0   1093 09:27:35   21.7 (2 restrained)
 7      -917.962           1.0   1093 09:27:57   21.7 (1 restrained)
 8      -916.280           1.0   1093 09:28:19   21.9 (2 restrained)
 9      -915.825           1.0   1093 09:28:40   21.6 (2 restrained)
10      -918.774           1.0   1093 09:29:02   21.7 (1 restrained)
11      -917.216           1.0   1093 09:29:24   21.7 (1 restrained)
12      -915.745           1.0   1093 09:29:46   21.6 (3 restrained)
13      -919.908           1.0   1093 09:30:22   35.8
Model fitted using the sigma parameterization.
ASReml 4.1.0 Wed Oct  9 09:30:22 2024
          LogLik        Sigma2     DF     wall    cpu
 1      -981.778           1.0   1096 09:30:41   18.7
 2      -956.414           1.0   1096 09:31:03   21.7
 3      -933.874           1.0   1096 09:31:27   23.5
 4      -925.065           1.0   1096 09:31:50   23.4
 5      -923.370           1.0   1096 09:32:14   23.5
 6      -922.851           1.0   1096 09:32:37   23.4 (1 restrained)
 7      -922.237           1.0   1096 09:33:00   23.3 (2 restrained)
 8      -924.671           1.0   1096 09:33:24   23.4 (1 restrained)
 9      -923.069           1.0   1096 09:33:47   23.3 (2 restrained)
10      -921.996           1.0   1096 09:34:11   23.3 (1 restrained)
11      -921.369           1.0   1096 09:34:34   23.3 (2 restrained)
12      -924.553           1.0   1096 09:34:54   19.6 (1 restrained)
13      -923.061           1.0   1096 09:35:37   43.2 (1 restrained)
Model fitted using the sigma parameterization.
ASReml 4.1.0 Wed Oct  9 09:35:38 2024
          LogLik        Sigma2     DF     wall    cpu
 1      -988.204           1.0   1103 09:35:58   19.8
 2      -962.891           1.0   1103 09:36:22   23.8
 3      -940.454           1.0   1103 09:36:45   23.0 (1 restrained)
 4      -933.111           1.0   1103 09:37:10   25.3
 5      -930.693           1.0   1103 09:37:34   23.8 (1 restrained)
 6      -930.376           1.0   1103 09:37:57   23.1
 7      -930.270           1.0   1103 09:38:20   22.8
 8      -930.190           1.0   1103 09:38:43   22.9
 9      -930.088           1.0   1103 09:39:06   22.9 (1 restrained)
10      -929.942           1.0   1103 09:39:29   23.0 (1 restrained)
11      -929.556           1.0   1103 09:39:52   22.9 (1 restrained)
12      -929.151           1.0   1103 09:40:12   19.4 (2 restrained)
13      -931.533           1.0   1103 09:40:54   42.7 (1 restrained)
Model fitted using the sigma parameterization.
ASReml 4.1.0 Wed Oct  9 09:40:55 2024
          LogLik        Sigma2     DF     wall    cpu
 1      -946.702           1.0   1086 09:41:16   20.7
 2      -921.763           1.0   1086 09:41:40   23.9
 3      -899.651           1.0   1086 09:42:04   23.9
 4      -891.071           1.0   1086 09:42:28   23.8 (1 restrained)
 5      -889.668           1.0   1086 09:42:52   23.8
 6      -889.163           1.0   1086 09:43:16   23.9 (1 restrained)
 7      -888.542           1.0   1086 09:43:40   23.8 (2 restrained)
 8      -890.535           1.0   1086 09:44:04   24.0 (1 restrained)
 9      -888.880           1.0   1086 09:44:28   24.1 (1 restrained)
10      -887.755           1.0   1086 09:44:52   23.9 (2 restrained)
11      -890.856           1.0   1086 09:45:16   24.1 (1 restrained)
12      -889.306           1.0   1086 09:45:36   20.2 (1 restrained)
13      -887.921           1.0   1086 09:46:21   45.0
Model fitted using the sigma parameterization.
ASReml 4.1.0 Wed Oct  9 09:46:22 2024
          LogLik        Sigma2     DF     wall    cpu
 1      -972.633           1.0   1097 09:46:43   20.6
 2      -948.003           1.0   1097 09:47:07   23.7
 3      -926.084           1.0   1097 09:47:30   23.5
 4      -917.544           1.0   1097 09:47:54   23.4 (1 restrained)
 5      -916.194           1.0   1097 09:48:18   23.5
 6      -915.840           1.0   1097 09:48:41   23.5
 7      -915.545           1.0   1097 09:49:05   23.5 (1 restrained)
 8      -915.051           1.0   1097 09:49:28   23.5 (2 restrained)
 9      -917.160           1.0   1097 09:49:48   19.3 (1 restrained)
10      -915.649           1.0   1097 09:50:11   23.7 (1 restrained)
11      -914.549           1.0   1097 09:50:35   23.2 (1 restrained)
12      -914.242           1.0   1097 09:50:58   23.2 (2 restrained)
13      -917.032           1.0   1097 09:51:42   43.7 (1 restrained)
Model fitted using the sigma parameterization.
ASReml 4.1.0 Wed Oct  9 09:51:42 2024
          LogLik        Sigma2     DF     wall    cpu
 1      -973.703           1.0   1095 09:52:03   20.1
 2      -947.926           1.0   1095 09:52:26   23.7
 3      -925.019           1.0   1095 09:52:51   24.1
 4      -916.074           1.0   1095 09:53:15   24.0
 5      -914.355           1.0   1095 09:53:39   24.1
 6      -913.836           1.0   1095 09:54:03   23.8 (1 restrained)
 7      -913.219           1.0   1095 09:54:26   23.3 (2 restrained)
 8      -915.726           1.0   1095 09:54:50   23.4 (1 restrained)
 9      -914.133           1.0   1095 09:55:10   20.8 (1 restrained)
10      -912.787           1.0   1095 09:55:34   23.2 (1 restrained)
11      -912.294           1.0   1095 09:55:58   23.8 (2 restrained)
12      -915.412           1.0   1095 09:56:22   24.1 (1 restrained)
13      -913.935           1.0   1095 09:57:07   44.7
Model fitted using the sigma parameterization.
ASReml 4.1.0 Wed Oct  9 09:57:08 2024
          LogLik        Sigma2     DF     wall    cpu
 1      -959.123           1.0   1095 09:57:28   20.5
 2      -934.847           1.0   1095 09:57:53   24.7
 3      -913.346           1.0   1095 09:58:17   24.1
 4      -905.053           1.0   1095 09:58:42   24.5
 5      -903.555           1.0   1095 09:59:06   24.1
 6      -903.209           1.0   1095 09:59:31   25.1
 7      -902.632           1.0   1095 09:59:56   24.6 (3 restrained)
 8      -904.660           1.0   1095 10:00:16   20.5 (1 restrained)
 9      -902.910           1.0   1095 10:00:41   24.1 (2 restrained)
10      -902.034           1.0   1095 10:01:04   23.7 (1 restrained)
11      -901.698           1.0   1095 10:01:29   24.2 (2 restrained)
12      -904.769           1.0   1095 10:01:53   24.0 (1 restrained)
13      -903.175           1.0   1095 10:02:37   44.5 (1 restrained)
Model fitted using the sigma parameterization.
ASReml 4.1.0 Wed Oct  9 10:02:38 2024
          LogLik        Sigma2     DF     wall    cpu
 1      -973.849           1.0   1093 10:02:59   20.6
 2      -948.798           1.0   1093 10:03:22   23.4
 3      -926.672           1.0   1093 10:03:46   23.4
 4      -918.157           1.0   1093 10:04:10   23.6
 5      -916.542           1.0   1093 10:04:33   23.7
 6      -916.043           1.0   1093 10:04:58   24.8 (1 restrained)
 7      -915.434           1.0   1093 10:05:23   24.4 (3 restrained)
 8      -918.744           1.0   1093 10:05:43   20.2 (1 restrained)
 9      -916.462           1.0   1093 10:06:07   24.0 (2 restrained)
10      -915.262           1.0   1093 10:06:32   24.8 (2 restrained)
11      -918.816           1.0   1093 10:06:57   24.6 (1 restrained)
12      -917.024           1.0   1093 10:07:21   24.4 (2 restrained)
13      -915.871           1.0   1093 10:08:07   45.6
Model fitted using the sigma parameterization.
ASReml 4.1.0 Wed Oct  9 10:08:08 2024
          LogLik        Sigma2     DF     wall    cpu
 1     -1000.829           1.0   1101 10:08:29   21.4
 2      -975.791           1.0   1101 10:08:54   25.0
 3      -953.532           1.0   1101 10:09:18   23.7 (1 restrained)
 4      -946.202           1.0   1101 10:09:43   24.9
 5      -943.779           1.0   1101 10:10:08   24.5 (1 restrained)
 6      -943.462           1.0   1101 10:10:32   24.9
 7      -943.367           1.0   1101 10:10:57   24.2
 8      -943.301           1.0   1101 10:11:17   20.6
 9      -943.225           1.0   1101 10:11:43   25.5
10      -943.105           1.0   1101 10:12:07   24.4
11      -942.840           1.0   1101 10:12:32   24.5 (1 restrained)
12      -942.405           1.0   1101 10:12:58   25.8 (2 restrained)
13      -944.723           1.0   1101 10:13:44   46.5 (1 restrained)
Model fitted using the sigma parameterization.
ASReml 4.1.0 Wed Oct  9 10:13:45 2024
          LogLik        Sigma2     DF     wall    cpu
 1      -956.685           1.0   1091 10:14:08   22.2
 2      -931.660           1.0   1091 10:14:33   25.0
 3      -909.413           1.0   1091 10:14:59   26.1
 4      -900.724           1.0   1091 10:15:24   25.1
 5      -899.054           1.0   1091 10:15:50   25.7
 6      -898.547           1.0   1091 10:16:16   25.6 (1 restrained)
 7      -897.949           1.0   1091 10:16:41   25.5 (2 restrained)
 8      -900.361           1.0   1091 10:17:04   22.4 (1 restrained)
 9      -898.727           1.0   1091 10:17:30   25.8 (1 restrained)
10      -897.467           1.0   1091 10:17:56   25.9 (2 restrained)
11      -900.588           1.0   1091 10:18:21   25.2 (1 restrained)
12      -899.042           1.0   1091 10:18:46   25.4 (1 restrained)
13      -897.604           1.0   1091 10:19:32   46.0
Model fitted using the sigma parameterization.
ASReml 4.1.0 Wed Oct  9 10:19:33 2024
          LogLik        Sigma2     DF     wall    cpu
 1      -967.030           1.0   1095 10:19:56   21.9
 2      -942.198           1.0   1095 10:20:20   24.9
 3      -920.184           1.0   1095 10:20:46   25.1
 4      -911.710           1.0   1095 10:21:11   25.4
 5      -910.328           1.0   1095 10:21:36   24.9
 6      -910.244           1.0   1095 10:22:01   24.5
 7      -910.181           1.0   1095 10:22:23   22.0
 8      -910.113           1.0   1095 10:22:47   24.4 (1 restrained)
 9      -910.027           1.0   1095 10:23:11   24.2
10      -909.847           1.0   1095 10:23:36   24.7 (1 restrained)
11      -909.453           1.0   1095 10:24:00   24.0 (2 restrained)
12      -911.477           1.0   1095 10:24:25   24.9 (1 restrained)
13      -910.108           1.0   1095 10:25:10   45.1 (1 restrained)
Model fitted using the sigma parameterization.
ASReml 4.1.0 Wed Oct  9 10:25:11 2024
          LogLik        Sigma2     DF     wall    cpu
 1      -972.434           1.0   1096 10:25:33   21.6
 2      -947.546           1.0   1096 10:25:58   24.7
 3      -925.403           1.0   1096 10:26:22   24.2
 4      -916.796           1.0   1096 10:26:47   24.7
 5      -915.334           1.0   1096 10:27:12   24.5
 6      -915.209           1.0   1096 10:27:37   25.7
 7      -915.103           1.0   1096 10:27:59   21.8
 8      -914.964           1.0   1096 10:28:25   25.6 (1 restrained)
 9      -914.691           1.0   1096 10:28:50   25.1 (1 restrained)
10      -914.252           1.0   1096 10:29:15   25.4 (1 restrained)
11      -913.936           1.0   1096 10:29:41   25.5 (2 restrained)
12      -916.396           1.0   1096 10:30:06   24.8 (2 restrained)
13      -914.555           1.0   1096 10:30:52   46.0 (1 restrained)
Model fitted using the sigma parameterization.
ASReml 4.1.0 Wed Oct  9 10:30:53 2024
          LogLik        Sigma2     DF     wall    cpu
 1      -983.098           1.0   1096 10:31:16   22.6
 2      -958.208           1.0   1096 10:31:41   25.4
 3      -936.050           1.0   1096 10:32:06   24.8
 4      -927.281           1.0   1096 10:32:31   25.2
 5      -925.261           1.0   1096 10:32:56   25.1 (1 restrained)
 6      -924.517           1.0   1096 10:33:21   24.8 (2 restrained)
 7      -927.241           1.0   1096 10:33:42   20.9 (1 restrained)
 8      -925.399           1.0   1096 10:34:08   25.6 (1 restrained)
 9      -923.900           1.0   1096 10:34:33   24.9 (2 restrained)
10      -927.388           1.0   1096 10:34:58   25.1 (2 restrained)
11      -924.801           1.0   1096 10:35:23   24.9 (1 restrained)
12      -923.853           1.0   1096 10:35:47   24.2
13      -923.439           1.0   1096 10:36:33   45.3
Model fitted using the sigma parameterization.
ASReml 4.1.0 Wed Oct  9 10:36:34 2024
          LogLik        Sigma2     DF     wall    cpu
 1      -962.991           1.0   1092 10:36:56   21.9
 2      -937.092           1.0   1092 10:37:21   25.3
 3      -914.089           1.0   1092 10:37:48   26.4
 4      -905.091           1.0   1092 10:38:13   25.2
 5      -903.234           1.0   1092 10:38:38   25.0 (1 restrained)
 6      -902.457           1.0   1092 10:39:00   21.4 (2 restrained)
 7      -904.655           1.0   1092 10:39:24   24.4 (1 restrained)
 8      -902.939           1.0   1092 10:39:50   25.5 (1 restrained)
 9      -901.668           1.0   1092 10:40:14   24.0 (2 restrained)
10      -904.998           1.0   1092 10:40:39   24.8 (2 restrained)
11      -902.609           1.0   1092 10:41:04   24.9 (1 restrained)
12      -901.714           1.0   1092 10:41:29   25.3
13      -901.300           1.0   1092 10:42:15   45.9
Model fitted using the sigma parameterization.
ASReml 4.1.0 Wed Oct  9 10:42:16 2024
          LogLik        Sigma2     DF     wall    cpu
 1      -977.935           1.0   1096 10:42:38   21.6
 2      -952.999           1.0   1096 10:43:02   24.0
 3      -930.888           1.0   1096 10:43:26   23.9
 4      -922.347           1.0   1096 10:43:49   23.7
 5      -920.880           1.0   1096 10:44:14   24.0
 6      -920.714           1.0   1096 10:44:33   19.9
 7      -920.531           1.0   1096 10:44:58   24.9
 8      -920.195           1.0   1096 10:45:25   26.1 (1 restrained)
 9      -919.707           1.0   1096 10:45:50   25.2 (2 restrained)
10      -922.014           1.0   1096 10:46:15   25.3 (1 restrained)
11      -920.603           1.0   1096 10:46:40   24.5 (2 restrained)
12      -919.675           1.0   1096 10:47:05   25.5 (1 restrained)
13      -919.163           1.0   1096 10:47:52   46.8 (2 restrained)
Model fitted using the sigma parameterization.
ASReml 4.1.0 Wed Oct  9 10:47:53 2024
          LogLik        Sigma2     DF     wall    cpu
 1      -960.395           1.0   1089 10:48:16   22.2
 2      -934.928           1.0   1089 10:48:41   25.4
 3      -912.404           1.0   1089 10:49:06   24.7
 4      -903.735           1.0   1089 10:49:31   25.2
 5      -902.147           1.0   1089 10:49:57   25.4
 6      -901.750           1.0   1089 10:50:17   20.0 (2 restrained)
 7      -901.185           1.0   1089 10:50:42   25.5 (2 restrained)
 8      -903.120           1.0   1089 10:51:08   25.3 (1 restrained)
 9      -901.513           1.0   1089 10:51:33   25.0 (2 restrained)
10      -900.641           1.0   1089 10:51:58   24.7 (2 restrained)
11      -903.833           1.0   1089 10:52:23   25.3 (1 restrained)
12      -902.332           1.0   1089 10:52:48   25.3 (2 restrained)
13      -901.190           1.0   1089 10:53:35   46.2
Model fitted using the sigma parameterization.
ASReml 4.1.0 Wed Oct  9 10:53:36 2024
          LogLik        Sigma2     DF     wall    cpu
 1      -954.791           1.0   1086 10:53:59   22.8
 2      -929.427           1.0   1086 10:54:25   25.9
 3      -906.943           1.0   1086 10:54:51   26.0
 4      -898.262           1.0   1086 10:55:17   25.9
 5      -896.769           1.0   1086 10:55:42   25.6
 6      -896.589           1.0   1086 10:56:06   23.6
 7      -896.387           1.0   1086 10:56:33   26.9
 8      -896.001           1.0   1086 10:56:59   26.0 (1 restrained)
 9      -895.476           1.0   1086 10:57:25   26.1 (2 restrained)
10      -897.967           1.0   1086 10:57:50   25.0 (1 restrained)
11      -896.583           1.0   1086 10:58:16   25.6 (1 restrained)
12      -895.390           1.0   1086 10:58:42   25.6 (1 restrained)
13      -894.973           1.0   1086 10:59:28   46.2 (2 restrained)
Model fitted using the sigma parameterization.
ASReml 4.1.0 Wed Oct  9 10:59:29 2024
          LogLik        Sigma2     DF     wall    cpu
 1      -992.562           1.0   1100 10:59:50   21.2
 2      -967.719           1.0   1100 11:00:15   25.0
 3      -945.632           1.0   1100 11:00:40   24.2 (1 restrained)
 4      -938.227           1.0   1100 11:01:04   24.5
 5      -935.368           1.0   1100 11:01:24   20.0 (1 restrained)
 6      -934.187           1.0   1100 11:01:48   24.3 (2 restrained)
 7      -936.817           1.0   1100 11:02:13   24.9 (1 restrained)
 8      -934.850           1.0   1100 11:02:38   24.6 (1 restrained)
 9      -933.406           1.0   1100 11:03:04   25.6 (2 restrained)
10      -937.014           1.0   1100 11:03:29   24.8 (1 restrained)
11      -935.172           1.0   1100 11:03:53   24.5 (1 restrained)
12      -933.540           1.0   1100 11:04:18   24.6
13      -932.990           1.0   1100 11:05:03   45.0
Model fitted using the sigma parameterization.
ASReml 4.1.0 Wed Oct  9 11:05:04 2024
          LogLik        Sigma2     DF     wall    cpu
 1      -970.712           1.0   1100 11:05:26   21.6
 2      -945.777           1.0   1100 11:05:50   24.5
 3      -923.347           1.0   1100 11:06:15   24.2
 4      -914.368           1.0   1100 11:06:39   24.3
 5      -912.747           1.0   1100 11:06:59   20.1
 6      -912.582           1.0   1100 11:07:24   25.3 (1 restrained)
 7      -912.413           1.0   1100 11:07:50   25.6
 8      -912.126           1.0   1100 11:08:15   24.8 (1 restrained)
 9      -911.672           1.0   1100 11:08:40   25.2 (1 restrained)
10      -911.287           1.0   1100 11:09:06   25.2 (2 restrained)
11      -913.854           1.0   1100 11:09:31   25.5 (1 restrained)
12      -912.553           1.0   1100 11:09:57   25.6 (1 restrained)
13      -911.446           1.0   1100 11:10:42   45.2 (1 restrained)
Model fitted using the sigma parameterization.
ASReml 4.1.0 Wed Oct  9 11:10:43 2024
          LogLik        Sigma2     DF     wall    cpu
 1      -986.180           1.0   1100 11:11:06   22.0
 2      -961.191           1.0   1100 11:11:32   25.9
 3      -939.080           1.0   1100 11:11:54   22.4
 4      -930.606           1.0   1100 11:12:17   23.2
 5      -929.206           1.0   1100 11:12:42   24.9
 6      -929.087           1.0   1100 11:13:07   24.3
 7      -928.987           1.0   1100 11:13:32   24.8
 8      -928.861           1.0   1100 11:13:57   24.9
 9      -928.624           1.0   1100 11:14:21   24.0 (2 restrained)
10      -928.214           1.0   1100 11:14:45   24.2 (2 restrained)
11      -930.383           1.0   1100 11:15:10   24.9 (1 restrained)
12      -928.970           1.0   1100 11:15:35   24.6 (2 restrained)
13      -928.102           1.0   1100 11:16:20   45.0 (1 restrained)
Model fitted using the sigma parameterization.
ASReml 4.1.0 Wed Oct  9 11:16:21 2024
          LogLik        Sigma2     DF     wall    cpu
 1      -991.392           1.0   1099 11:16:43   21.7
 2      -965.873           1.0   1099 11:17:07   24.8
 3      -943.269           1.0   1099 11:17:29   21.2
 4      -934.556           1.0   1099 11:17:53   24.4
 5      -933.012           1.0   1099 11:18:19   25.5
 6      -932.710           1.0   1099 11:18:44   24.7
 7      -932.209           1.0   1099 11:19:09   25.5 (2 restrained)
 8      -933.892           1.0   1099 11:19:35   25.2 (1 restrained)
 9      -932.309           1.0   1099 11:19:59   24.6 (1 restrained)
10      -931.329           1.0   1099 11:20:25   25.2 (2 restrained)
11      -934.294           1.0   1099 11:20:49   24.5 (1 restrained)
12      -932.832           1.0   1099 11:21:14   24.7 (2 restrained)
13      -931.768           1.0   1099 11:22:01   47.4 (1 restrained)
Model fitted using the sigma parameterization.
ASReml 4.1.0 Wed Oct  9 11:22:02 2024
          LogLik        Sigma2     DF     wall    cpu
 1      -963.278           1.0   1093 11:22:25   22.3
 2      -938.615           1.0   1093 11:22:50   24.9
 3      -916.765           1.0   1093 11:23:11   21.3
 4      -908.361           1.0   1093 11:23:37   26.2
 5      -906.929           1.0   1093 11:24:04   26.2
 6      -906.747           1.0   1093 11:24:29   25.5
 7      -906.544           1.0   1093 11:24:55   25.6 (1 restrained)
 8      -906.130           1.0   1093 11:25:20   25.3 (2 restrained)
 9      -907.779           1.0   1093 11:25:45   24.6 (1 restrained)
10      -906.253           1.0   1093 11:26:09   24.1 (1 restrained)
11      -905.325           1.0   1093 11:26:33   24.2 (2 restrained)
12      -908.121           1.0   1093 11:26:58   25.0 (1 restrained)
13      -906.709           1.0   1093 11:27:43   44.8 (2 restrained)
Model fitted using the sigma parameterization.
ASReml 4.1.0 Wed Oct  9 11:27:44 2024
          LogLik        Sigma2     DF     wall    cpu
 1      -959.825           1.0   1091 11:28:06   21.2
 2      -934.574           1.0   1091 11:28:28   21.9
 3      -912.065           1.0   1091 11:28:51   23.6
 4      -903.135           1.0   1091 11:29:15   24.0 (1 restrained)
 5      -901.436           1.0   1091 11:29:41   25.3 (1 restrained)
 6      -900.450           1.0   1091 11:30:06   25.2 (2 restrained)
 7      -902.807           1.0   1091 11:30:30   24.1 (1 restrained)
 8      -900.960           1.0   1091 11:30:55   25.0 (1 restrained)
 9      -899.559           1.0   1091 11:31:20   24.4 (2 restrained)
10      -903.087           1.0   1091 11:31:45   25.2 (2 restrained)
11      -900.525           1.0   1091 11:32:10   25.0 (1 restrained)
12      -899.574           1.0   1091 11:32:35   24.3
13      -899.152           1.0   1091 11:33:20   44.9
Model fitted using the sigma parameterization.
ASReml 4.1.0 Wed Oct  9 11:33:20 2024
          LogLik        Sigma2     DF     wall    cpu
 1      -936.401           1.0   1087 11:33:39   18.6
 2      -911.476           1.0   1087 11:34:04   24.6
 3      -889.449           1.0   1087 11:34:28   24.5
 4      -881.022           1.0   1087 11:34:52   23.9
 5      -879.603           1.0   1087 11:35:17   24.6
 6      -879.441           1.0   1087 11:35:42   24.4 (1 restrained)
 7      -879.281           1.0   1087 11:36:06   24.2
 8      -879.031           1.0   1087 11:36:31   24.8 (1 restrained)
 9      -878.594           1.0   1087 11:36:56   25.3 (2 restrained)
10      -880.724           1.0   1087 11:37:21   24.7 (1 restrained)
11      -879.318           1.0   1087 11:37:46   24.7 (1 restrained)
12      -878.265           1.0   1087 11:38:11   25.3 (2 restrained)
13      -880.961           1.0   1087 11:38:57   45.9 (1 restrained)
Model fitted using the sigma parameterization.
ASReml 4.1.0 Wed Oct  9 11:38:58 2024
          LogLik        Sigma2     DF     wall    cpu
 1     -1014.772           1.0   1105 11:39:16   18.0
 2      -989.924           1.0   1105 11:39:42   25.5
 3      -967.856           1.0   1105 11:40:07   25.7
 4      -959.237           1.0   1105 11:40:33   25.5 (1 restrained)
 5      -957.776           1.0   1105 11:40:58   25.3
 6      -957.211           1.0   1105 11:41:24   25.5 (1 restrained)
 7      -956.612           1.0   1105 11:41:49   25.0 (2 restrained)
 8      -958.823           1.0   1105 11:42:14   25.3 (1 restrained)
 9      -957.212           1.0   1105 11:42:39   24.7 (1 restrained)
10      -956.019           1.0   1105 11:43:03   24.2 (2 restrained)
11      -959.107           1.0   1105 11:43:27   23.7 (1 restrained)
12      -957.601           1.0   1105 11:43:51   24.1 (1 restrained)
13      -956.193           1.0   1105 11:44:37   45.4
Model fitted using the sigma parameterization.
ASReml 4.1.0 Wed Oct  9 11:44:38 2024
          LogLik        Sigma2     DF     wall    cpu
 1      -957.297           1.0   1087 11:44:57   18.9
 2      -931.424           1.0   1087 11:45:21   24.6
 3      -908.473           1.0   1087 11:45:47   25.7 (1 restrained)
 4      -900.901           1.0   1087 11:46:13   25.6
 5      -898.344           1.0   1087 11:46:39   25.9
 6      -897.780           1.0   1087 11:47:04   25.2
 7      -897.348           1.0   1087 11:47:29   25.0 (1 restrained)
 8      -896.783           1.0   1087 11:47:57   27.6 (2 restrained)
 9      -899.199           1.0   1087 11:48:23   25.5 (1 restrained)
10      -897.682           1.0   1087 11:48:48   25.6 (1 restrained)
11      -896.412           1.0   1087 11:49:15   26.4 (1 restrained)
12      -895.968           1.0   1087 11:49:40   25.4 (2 restrained)
13      -898.975           1.0   1087 11:50:25   44.5 (1 restrained)
Model fitted using the sigma parameterization.
ASReml 4.1.0 Wed Oct  9 11:50:26 2024
          LogLik        Sigma2     DF     wall    cpu
 1      -961.964           1.0   1093 11:50:46   19.9
 2      -936.874           1.0   1093 11:51:12   26.2
 3      -914.398           1.0   1093 11:51:38   26.0
 4      -905.409           1.0   1093 11:52:04   25.6 (1 restrained)
 5      -903.888           1.0   1093 11:52:30   26.1
 6      -903.359           1.0   1093 11:52:54   24.3 (1 restrained)
 7      -902.783           1.0   1093 11:53:19   25.0 (1 restrained)
 8      -902.201           1.0   1093 11:53:44   24.8 (1 restrained)
 9      -901.924           1.0   1093 11:54:09   24.8 (2 restrained)
10      -904.806           1.0   1093 11:54:34   24.8 (1 restrained)
11      -903.404           1.0   1093 11:55:00   25.5 (1 restrained)
12      -902.205           1.0   1093 11:55:25   25.0 (1 restrained)
13      -901.779           1.0   1093 11:56:09   43.9
Model fitted using the sigma parameterization.
ASReml 4.1.0 Wed Oct  9 11:56:09 2024
          LogLik        Sigma2     DF     wall    cpu
 1      -972.375           1.0   1094 11:56:32   22.5
 2      -947.497           1.0   1094 11:56:56   23.9
 3      -925.462           1.0   1094 11:57:20   24.1
 4      -916.997           1.0   1094 11:57:45   24.4
 5      -915.609           1.0   1094 11:58:09   24.2
 6      -915.511           1.0   1094 11:58:34   24.9
 7      -915.437           1.0   1094 11:59:01   27.0
 8      -915.354           1.0   1094 11:59:27   26.3
 9      -915.227           1.0   1094 11:59:54   26.2
10      -914.943           1.0   1094 12:00:20   26.1 (2 restrained)
11      -914.492           1.0   1094 12:00:45   25.4 (2 restrained)
12      -916.882           1.0   1094 12:01:11   25.4 (1 restrained)
13      -915.495           1.0   1094 12:01:55   43.8 (2 restrained)
Model fitted using the sigma parameterization.
ASReml 4.1.0 Wed Oct  9 12:01:56 2024
          LogLik        Sigma2     DF     wall    cpu
 1      -994.318           1.0   1102 12:02:17   20.8
 2      -970.415           1.0   1102 12:02:41   24.0
 3      -949.253           1.0   1102 12:03:05   24.4
 4      -941.078           1.0   1102 12:03:30   24.6
 5      -939.527           1.0   1102 12:03:54   24.2 (1 restrained)
 6      -938.979           1.0   1102 12:04:18   23.9 (2 restrained)
 7      -940.133           1.0   1102 12:04:42   24.2 (1 restrained)
 8      -938.369           1.0   1102 12:05:07   24.1 (2 restrained)
 9      -941.202           1.0   1102 12:05:30   23.8 (2 restrained)
10      -939.162           1.0   1102 12:05:55   24.0 (2 restrained)
11      -941.592           1.0   1102 12:06:18   23.1 (2 restrained)
12      -939.694           1.0   1102 12:06:41   23.5 (2 restrained)
13      -941.773           1.0   1102 12:07:26   44.5 (1 restrained)
Model fitted using the sigma parameterization.
ASReml 4.1.0 Wed Oct  9 12:07:27 2024
          LogLik        Sigma2     DF     wall    cpu
 1      -975.932           1.0   1099 12:07:49   21.9
 2      -950.369           1.0   1099 12:08:14   25.0
 3      -927.681           1.0   1099 12:08:39   24.6
 4      -918.888           1.0   1099 12:09:04   25.0
 5      -917.318           1.0   1099 12:09:29   25.7
 6      -917.068           1.0   1099 12:09:54   24.8
 7      -916.757           1.0   1099 12:10:19   24.8 (1 restrained)
 8      -916.270           1.0   1099 12:10:44   25.0 (2 restrained)
 9      -916.079           1.0   1099 12:11:09   25.0 (2 restrained)
10      -918.499           1.0   1099 12:11:34   24.8 (1 restrained)
11      -917.018           1.0   1099 12:12:00   25.9 (1 restrained)
12      -915.928           1.0   1099 12:12:26   25.4 (2 restrained)
13      -915.797           1.0   1099 12:13:07   41.6 (2 restrained)
Model fitted using the sigma parameterization.
ASReml 4.1.0 Wed Oct  9 12:13:08 2024
          LogLik        Sigma2     DF     wall    cpu
 1      -997.843           1.0   1102 12:13:31   22.1
 2      -972.103           1.0   1102 12:13:56   25.2
 3      -949.191           1.0   1102 12:14:21   24.9
 4      -940.159           1.0   1102 12:14:46   25.1 (1 restrained)
 5      -938.496           1.0   1102 12:15:11   24.8 (1 restrained)
 6      -937.491           1.0   1102 12:15:37   25.5 (2 restrained)
 7      -939.610           1.0   1102 12:16:02   25.6 (1 restrained)
 8      -937.770           1.0   1102 12:16:28   25.4 (1 restrained)
 9      -936.484           1.0   1102 12:16:54   25.6 (2 restrained)
10      -939.957           1.0   1102 12:17:19   25.5 (2 restrained)
11      -937.441           1.0   1102 12:17:44   24.6 (1 restrained)
12      -936.532           1.0   1102 12:18:07   23.1
13      -936.148           1.0   1102 12:18:49   42.2
Model fitted using the sigma parameterization.
ASReml 4.1.0 Wed Oct  9 12:18:50 2024
          LogLik        Sigma2     DF     wall    cpu
 1      -968.421           1.0   1092 12:19:13   22.5
 2      -943.163           1.0   1092 12:19:40   26.3
 3      -920.843           1.0   1092 12:20:05   25.5
 4      -912.290           1.0   1092 12:20:30   25.3
 5      -910.803           1.0   1092 12:20:56   25.1
 6      -910.550           1.0   1092 12:21:20   24.2
 7      -910.177           1.0   1092 12:21:47   27.0 (2 restrained)
 8      -909.669           1.0   1092 12:22:15   27.9 (2 restrained)
 9      -912.093           1.0   1092 12:22:41   25.8 (2 restrained)
10      -909.875           1.0   1092 12:23:07   25.7 (2 restrained)
11      -912.658           1.0   1092 12:23:33   25.9 (2 restrained)
12      -910.467           1.0   1092 12:23:55   21.8 (1 restrained)
13      -909.035           1.0   1092 12:24:42   47.3 (2 restrained)
Model fitted using the sigma parameterization.
ASReml 4.1.0 Wed Oct  9 12:24:43 2024
          LogLik        Sigma2     DF     wall    cpu
 1      -950.365           1.0   1090 12:25:07   23.7
 2      -925.595           1.0   1090 12:25:34   26.7
 3      -903.561           1.0   1090 12:26:00   26.4
 4      -894.997           1.0   1090 12:26:26   26.1
 5      -893.515           1.0   1090 12:26:52   25.9
 6      -893.331           1.0   1090 12:27:18   25.6
 7      -893.143           1.0   1090 12:27:43   25.2
 8      -892.830           1.0   1090 12:28:09   25.6 (1 restrained)
 9      -892.386           1.0   1090 12:28:35   25.8 (1 restrained)
10      -892.083           1.0   1090 12:29:00   25.3 (2 restrained)
11      -894.636           1.0   1090 12:29:22   22.1 (1 restrained)
12      -893.350           1.0   1090 12:29:47   24.5 (1 restrained)
13      -892.276           1.0   1090 12:30:34   46.7 (1 restrained)
Model fitted using the sigma parameterization.
ASReml 4.1.0 Wed Oct  9 12:30:35 2024
          LogLik        Sigma2     DF     wall    cpu
 1      -989.525           1.0   1097 12:30:56   21.6
 2      -964.243           1.0   1097 12:31:21   24.7
 3      -941.817           1.0   1097 12:31:47   25.5
 4      -933.166           1.0   1097 12:32:12   25.1
 5      -931.734           1.0   1097 12:32:38   25.5
 6      -931.629           1.0   1097 12:33:03   25.6
 7      -931.539           1.0   1097 12:33:29   25.3
 8      -931.419           1.0   1097 12:33:55   26.4
 9      -931.201           1.0   1097 12:34:21   26.2 (1 restrained)
10      -930.782           1.0   1097 12:34:45   23.7 (1 restrained)
11      -930.375           1.0   1097 12:35:08   23.2 (2 restrained)
12      -932.803           1.0   1097 12:35:34   25.8 (2 restrained)
13      -930.922           1.0   1097 12:36:20   46.0 (1 restrained)
Model fitted using the sigma parameterization.
ASReml 4.1.0 Wed Oct  9 12:36:21 2024
          LogLik        Sigma2     DF     wall    cpu
 1      -957.800           1.0   1094 12:36:44   22.2
 2      -933.377           1.0   1094 12:37:09   24.9
 3      -911.658           1.0   1094 12:37:34   24.8
 4      -903.149           1.0   1094 12:37:58   24.9
 5      -901.450           1.0   1094 12:38:23   24.8
 6      -900.847           1.0   1094 12:38:48   24.2 (2 restrained)
 7      -902.432           1.0   1094 12:39:12   24.4 (2 restrained)
 8      -900.202           1.0   1094 12:39:37   25.2 (2 restrained)
 9      -903.452           1.0   1094 12:40:03   25.2 (2 restrained)
10      -900.961           1.0   1094 12:40:24   21.4 (2 restrained)
11      -904.066           1.0   1094 12:40:50   25.2 (1 restrained)
12      -902.895           1.0   1094 12:41:14   24.4 (2 restrained)
13      -901.884           1.0   1094 12:42:00   45.8
Model fitted using the sigma parameterization.
ASReml 4.1.0 Wed Oct  9 12:42:01 2024
          LogLik        Sigma2     DF     wall    cpu
 1      -979.134           1.0   1097 12:42:22   20.7
 2      -954.658           1.0   1097 12:42:47   24.1
 3      -932.987           1.0   1097 12:43:11   24.9
 4      -924.624           1.0   1097 12:43:36   24.7 (1 restrained)
 5      -923.286           1.0   1097 12:44:01   24.7
 6      -922.869           1.0   1097 12:44:25   23.8
 7      -922.407           1.0   1097 12:44:49   24.3 (2 restrained)
 8      -923.969           1.0   1097 12:45:14   25.1 (1 restrained)
 9      -922.343           1.0   1097 12:45:40   25.2 (1 restrained)
10      -921.401           1.0   1097 12:46:01   21.6 (2 restrained)
11      -924.376           1.0   1097 12:46:25   24.1 (1 restrained)
12      -922.890           1.0   1097 12:46:49   23.5 (1 restrained)
13      -921.584           1.0   1097 12:47:34   44.8 (2 restrained)
Model fitted using the sigma parameterization.
ASReml 4.1.0 Wed Oct  9 12:47:35 2024
          LogLik        Sigma2     DF     wall    cpu
 1      -963.037           1.0   1093 12:47:57   21.9
 2      -936.981           1.0   1093 12:48:22   25.0
 3      -913.847           1.0   1093 12:48:47   25.0
 4      -904.790           1.0   1093 12:49:13   25.7
 5      -902.822           1.0   1093 12:49:39   25.7 (1 restrained)
 6      -902.023           1.0   1093 12:50:04   25.1 (2 restrained)
 7      -904.486           1.0   1093 12:50:29   25.1 (2 restrained)
 8      -902.003           1.0   1093 12:50:55   25.8 (2 restrained)
 9      -905.130           1.0   1093 12:51:20   25.4 (2 restrained)
10      -902.665           1.0   1093 12:51:41   20.8 (2 restrained)
11      -901.043           1.0   1093 12:52:08   26.6 (2 restrained)
12      -904.646           1.0   1093 12:52:34   25.8 (1 restrained)
13      -901.981           1.0   1093 12:53:20   46.7 (1 restrained)
Model fitted using the sigma parameterization.
ASReml 4.1.0 Wed Oct  9 12:53:21 2024
          LogLik        Sigma2     DF     wall    cpu
 1      -994.326           1.0   1100 12:53:45   23.3
 2      -969.209           1.0   1100 12:54:10   25.1
 3      -946.730           1.0   1100 12:54:35   25.0
 4      -937.870           1.0   1100 12:55:03   27.1
 5      -936.332           1.0   1100 12:55:28   25.2
 6      -936.180           1.0   1100 12:55:53   25.5
 7      -936.020           1.0   1100 12:56:18   24.7
 8      -935.741           1.0   1100 12:56:44   25.4 (2 restrained)
 9      -935.282           1.0   1100 12:57:06   21.9 (1 restrained)
10      -934.844           1.0   1100 12:57:30   24.1 (2 restrained)
11      -937.487           1.0   1100 12:57:55   24.6 (1 restrained)
12      -936.121           1.0   1100 12:58:19   24.1 (2 restrained)
13      -935.191           1.0   1100 12:59:04   44.6 (1 restrained)
Model fitted using the sigma parameterization.
ASReml 4.1.0 Wed Oct  9 12:59:04 2024
          LogLik        Sigma2     DF     wall    cpu
 1      -952.350           1.0   1089 12:59:27   22.1
 2      -926.967           1.0   1089 12:59:52   25.1
 3      -904.526           1.0   1089 13:00:17   24.9
 4      -895.923           1.0   1089 13:00:41   24.0
 5      -894.458           1.0   1089 13:01:05   24.2
 6      -894.273           1.0   1089 13:01:30   24.3 (1 restrained)
 7      -894.088           1.0   1089 13:01:54   24.9
 8      -893.711           1.0   1089 13:02:19   24.7 (2 restrained)
 9      -895.322           1.0   1089 13:02:40   20.9 (1 restrained)
10      -893.828           1.0   1089 13:03:05   25.0 (1 restrained)
11      -892.909           1.0   1089 13:03:30   24.4 (2 restrained)
12      -895.719           1.0   1089 13:03:54   23.9 (1 restrained)
13      -894.335           1.0   1089 13:04:39   45.4 (1 restrained)
Model fitted using the sigma parameterization.
ASReml 4.1.0 Wed Oct  9 13:04:40 2024
          LogLik        Sigma2     DF     wall    cpu
 1      -975.163           1.0   1096 13:05:03   22.1
 2      -950.448           1.0   1096 13:05:28   25.1
 3      -928.381           1.0   1096 13:05:52   24.4
 4      -919.665           1.0   1096 13:06:16   23.7
 5      -918.074           1.0   1096 13:06:40   24.1
 6      -917.889           1.0   1096 13:07:06   25.3
 7      -917.695           1.0   1096 13:07:31   24.9 (1 restrained)
 8      -917.391           1.0   1096 13:07:56   25.3 (1 restrained)
 9      -916.895           1.0   1096 13:08:18   22.1 (1 restrained)
10      -916.601           1.0   1096 13:08:44   26.0 (2 restrained)
11      -919.184           1.0   1096 13:09:10   25.9 (2 restrained)
12      -917.287           1.0   1096 13:09:36   25.8 (1 restrained)
13      -916.492           1.0   1096 13:10:23   47.0 (2 restrained)
Model fitted using the sigma parameterization.
ASReml 4.1.0 Wed Oct  9 13:10:24 2024
          LogLik        Sigma2     DF     wall    cpu
 1      -962.858           1.0   1096 13:10:48   23.5
 2      -938.142           1.0   1096 13:11:14   26.1
 3      -916.068           1.0   1096 13:11:40   25.9
 4      -907.370           1.0   1096 13:12:05   24.7
 5      -905.811           1.0   1096 13:12:30   24.8
 6      -905.625           1.0   1096 13:12:54   24.8
 7      -905.430           1.0   1096 13:13:20   25.4 (1 restrained)
 8      -905.095           1.0   1096 13:13:42   21.9 (1 restrained)
 9      -904.618           1.0   1096 13:14:06   23.9 (1 restrained)
10      -904.331           1.0   1096 13:14:32   25.8 (2 restrained)
11      -906.929           1.0   1096 13:14:57   25.7 (2 restrained)
12      -905.035           1.0   1096 13:15:23   25.7 (1 restrained)
13      -904.254           1.0   1096 13:16:10   46.9 (2 restrained)
Model fitted using the sigma parameterization.
ASReml 4.1.0 Wed Oct  9 13:16:11 2024
          LogLik        Sigma2     DF     wall    cpu
 1      -992.171           1.0   1102 13:16:33   21.9
 2      -967.206           1.0   1102 13:16:58   24.9
 3      -945.114           1.0   1102 13:17:23   24.7
 4      -936.608           1.0   1102 13:17:48   24.7
 5      -935.096           1.0   1102 13:18:16   27.8
 6      -934.810           1.0   1102 13:18:41   24.9 (1 restrained)
 7      -934.395           1.0   1102 13:19:05   24.0 (1 restrained)
 8      -933.864           1.0   1102 13:19:26   21.3 (2 restrained)
 9      -936.254           1.0   1102 13:19:50   24.1 (2 restrained)
10      -934.116           1.0   1102 13:20:15   24.2 (2 restrained)
11      -936.928           1.0   1102 13:20:39   24.4 (2 restrained)
12      -934.711           1.0   1102 13:21:05   25.9 (1 restrained)
13      -933.413           1.0   1102 13:21:51   45.4 (2 restrained)
Model fitted using the sigma parameterization.
ASReml 4.1.0 Wed Oct  9 13:21:52 2024
          LogLik        Sigma2     DF     wall    cpu
 1      -977.291           1.0   1094 13:22:15   22.1
 2      -951.726           1.0   1094 13:22:40   24.9
 3      -929.137           1.0   1094 13:23:05   25.3
 4      -920.486           1.0   1094 13:23:29   24.1
 5      -919.024           1.0   1094 13:23:54   24.4
 6      -918.860           1.0   1094 13:24:18   24.4
 7      -918.674           1.0   1094 13:24:42   24.2 (1 restrained)
 8      -918.348           1.0   1094 13:25:04   21.2 (1 restrained)
 9      -917.847           1.0   1094 13:25:30   26.2 (2 restrained)
10      -920.159           1.0   1094 13:25:56   25.8 (2 restrained)
11      -918.147           1.0   1094 13:26:23   27.0 (1 restrained)
12      -917.272           1.0   1094 13:26:50   26.8 (2 restrained)
13      -920.106           1.0   1094 13:27:37   47.4 (2 restrained)
Model fitted using the sigma parameterization.
ASReml 4.1.0 Wed Oct  9 13:27:38 2024
          LogLik        Sigma2     DF     wall    cpu
 1      -951.487           1.0   1087 13:28:03   23.7
 2      -926.100           1.0   1087 13:28:29   26.1
 3      -903.361           1.0   1087 13:28:55   26.2
 4      -894.256           1.0   1087 13:29:22   26.5 (1 restrained)
 5      -892.537           1.0   1087 13:29:48   26.3 (1 restrained)
 6      -891.540           1.0   1087 13:30:15   26.5 (2 restrained)
 7      -893.835           1.0   1087 13:30:38   23.0 (1 restrained)
 8      -891.953           1.0   1087 13:31:04   26.7 (1 restrained)
 9      -890.579           1.0   1087 13:31:31   26.7 (2 restrained)
10      -894.113           1.0   1087 13:31:59   27.2 (2 restrained)
11      -891.551           1.0   1087 13:32:25   26.9 (1 restrained)
12      -890.607           1.0   1087 13:32:52   26.3
13      -890.199           1.0   1087 13:33:38   45.6
Model fitted using the sigma parameterization.
ASReml 4.1.0 Wed Oct  9 13:33:38 2024
          LogLik        Sigma2     DF     wall    cpu
 1      -979.685           1.0   1096 13:34:02   23.0
 2      -954.674           1.0   1096 13:34:26   24.5
 3      -932.529           1.0   1096 13:34:51   24.6
 4      -924.013           1.0   1096 13:35:17   25.5
 5      -922.536           1.0   1096 13:35:42   25.3 (1 restrained)
 6      -922.330           1.0   1096 13:36:04   22.3
 7      -922.070           1.0   1096 13:36:28   23.9 (1 restrained)
 8      -921.593           1.0   1096 13:36:52   24.1 (2 restrained)
 9      -923.609           1.0   1096 13:37:17   24.4 (1 restrained)
10      -922.128           1.0   1096 13:37:43   25.8 (1 restrained)
11      -921.078           1.0   1096 13:38:08   25.2 (2 restrained)
12      -923.893           1.0   1096 13:38:33   24.9 (1 restrained)
13      -922.509           1.0   1096 13:39:19   46.0 (1 restrained)
Model fitted using the sigma parameterization.
ASReml 4.1.0 Wed Oct  9 13:39:20 2024
          LogLik        Sigma2     DF     wall    cpu
 1      -983.114           1.0   1099 13:39:43   22.1
 2      -957.936           1.0   1099 13:40:10   26.7
 3      -935.604           1.0   1099 13:40:35   25.3
 4      -926.908           1.0   1099 13:41:00   25.3
 5      -925.177           1.0   1099 13:41:26   25.2
 6      -924.553           1.0   1099 13:41:46   20.4 (2 restrained)
 7      -926.184           1.0   1099 13:42:11   24.5 (1 restrained)
 8      -924.502           1.0   1099 13:42:35   24.6 (1 restrained)
 9      -923.546           1.0   1099 13:43:00   24.6 (2 restrained)
10      -926.666           1.0   1099 13:43:27   27.2 (1 restrained)
11      -925.081           1.0   1099 13:43:52   24.2 (1 restrained)
12      -923.736           1.0   1099 13:44:17   25.1 (2 restrained)
13      -926.863           1.0   1099 13:45:03   45.7
Model fitted using the sigma parameterization.
ASReml 4.1.0 Wed Oct  9 13:45:03 2024
          LogLik        Sigma2     DF     wall    cpu
 1      -948.056           1.0   1087 13:45:27   23.2
 2      -923.057           1.0   1087 13:45:54   26.8
 3      -900.761           1.0   1087 13:46:21   26.7
 4      -891.991           1.0   1087 13:46:48   27.1
 5      -890.410           1.0   1087 13:47:15   26.8
 6      -890.216           1.0   1087 13:47:38   23.7
 7      -889.996           1.0   1087 13:48:05   26.6
 8      -889.559           1.0   1087 13:48:32   26.5 (1 restrained)
 9      -889.077           1.0   1087 13:48:59   27.5 (2 restrained)
10      -891.754           1.0   1087 13:49:26   26.8 (1 restrained)
11      -890.330           1.0   1087 13:49:53   26.7 (2 restrained)
12      -889.358           1.0   1087 13:50:19   26.4 (1 restrained)
13      -888.777           1.0   1087 13:51:06   46.8 (2 restrained)
Model fitted using the sigma parameterization.
ASReml 4.1.0 Wed Oct  9 13:51:07 2024
          LogLik        Sigma2     DF     wall    cpu
 1      -964.114           1.0   1091 13:51:31   23.5
 2      -939.410           1.0   1091 13:51:58   26.9
 3      -917.533           1.0   1091 13:52:25   26.5
 4      -909.111           1.0   1091 13:52:51   26.7
 5      -907.627           1.0   1091 13:53:15   23.2
 6      -907.351           1.0   1091 13:53:43   28.6
 7      -906.931           1.0   1091 13:54:12   28.4 (2 restrained)
 8      -908.416           1.0   1091 13:54:40   27.9 (1 restrained)
 9      -906.792           1.0   1091 13:55:07   27.1 (1 restrained)
10      -905.924           1.0   1091 13:55:34   27.0 (2 restrained)
11      -908.787           1.0   1091 13:56:01   26.8 (1 restrained)
12      -907.322           1.0   1091 13:56:28   27.0 (2 restrained)
13      -906.316           1.0   1091 13:57:15   47.2 (1 restrained)
Model fitted using the sigma parameterization.
ASReml 4.1.0 Wed Oct  9 13:57:16 2024
          LogLik        Sigma2     DF     wall    cpu
 1      -968.717           1.0   1097 13:57:40   23.7
 2      -943.388           1.0   1097 13:58:07   26.5 (1 restrained)
 3      -928.499           1.0   1097 13:58:33   26.1
 4      -915.891           1.0   1097 13:58:57   23.9
 5      -911.456           1.0   1097 13:59:23   25.7
 6      -910.846           1.0   1097 13:59:49   25.9
 7      -910.828           1.0   1097 14:00:15   26.5
 8      -910.819           1.0   1097 14:00:42   26.5
 9      -910.813           1.0   1097 14:01:08   25.8
10      -910.809           1.0   1097 14:01:34   26.0
11      -910.806           1.0   1097 14:02:02   27.8
12      -910.804           1.0   1097 14:02:29   27.0
13      -910.802           1.0   1097 14:03:17   48.0
Model fitted using the sigma parameterization.
ASReml 4.1.0 Wed Oct  9 14:03:18 2024
          LogLik        Sigma2     DF     wall    cpu
 1      -999.953           1.0   1101 14:03:42   23.7
 2      -974.745           1.0   1101 14:04:06   23.5
 3      -952.322           1.0   1101 14:04:33   26.7
 4      -943.497           1.0   1101 14:05:00   27.2
 5      -941.532           1.0   1101 14:05:27   27.2 (1 restrained)
 6      -940.767           1.0   1101 14:05:54   27.0 (2 restrained)
 7      -943.304           1.0   1101 14:06:21   26.7 (1 restrained)
 8      -941.420           1.0   1101 14:06:48   26.6 (1 restrained)
 9      -939.922           1.0   1101 14:07:14   26.4 (2 restrained)
10      -943.430           1.0   1101 14:07:40   26.2 (1 restrained)
11      -941.675           1.0   1101 14:08:07   26.7 (1 restrained)
12      -940.033           1.0   1101 14:08:33   25.8
13      -939.442           1.0   1101 14:09:20   46.6
Model fitted using the sigma parameterization.
ASReml 4.1.0 Wed Oct  9 14:09:21 2024
          LogLik        Sigma2     DF     wall    cpu
 1      -919.158           1.0   1084 14:09:44   22.4
 2      -894.193           1.0   1084 14:10:09   25.6
 3      -871.991           1.0   1084 14:10:37   27.2 (1 restrained)
 4      -864.686           1.0   1084 14:11:04   27.2
 5      -862.319           1.0   1084 14:11:30   26.4
 6      -862.005           1.0   1084 14:11:57   26.8
 7      -861.967           1.0   1084 14:12:25   27.9 (1 restrained)
 8      -861.953           1.0   1084 14:12:53   27.9
 9      -861.927           1.0   1084 14:13:22   28.4
10      -861.905           1.0   1084 14:13:50   28.6
11      -861.883           1.0   1084 14:14:18   27.7
12      -861.856           1.0   1084 14:14:47   28.7
13      -861.817           1.0   1084 14:15:35   48.3
Model fitted using the sigma parameterization.
ASReml 4.1.0 Wed Oct  9 14:15:36 2024
          LogLik        Sigma2     DF     wall    cpu
 1      -955.452           1.0   1089 14:15:59   22.6
 2      -930.160           1.0   1089 14:16:25   26.2
 3      -907.740           1.0   1089 14:16:51   25.9
 4      -899.028           1.0   1089 14:17:18   26.5 (1 restrained)
 5      -897.587           1.0   1089 14:17:44   25.9
 6      -897.039           1.0   1089 14:18:11   27.2 (1 restrained)
 7      -896.411           1.0   1089 14:18:38   26.6 (2 restrained)
 8      -898.555           1.0   1089 14:19:05   26.8 (1 restrained)
 9      -896.899           1.0   1089 14:19:31   26.7 (1 restrained)
10      -895.699           1.0   1089 14:19:58   26.5 (2 restrained)
11      -898.841           1.0   1089 14:20:25   27.2 (1 restrained)
12      -897.293           1.0   1089 14:20:53   27.3 (1 restrained)
13      -895.866           1.0   1089 14:21:38   45.6
Model fitted using the sigma parameterization.
ASReml 4.1.0 Wed Oct  9 14:21:39 2024
          LogLik        Sigma2     DF     wall    cpu
 1      -979.393           1.0   1097 14:22:03   23.6
 2      -954.767           1.0   1097 14:22:30   26.5
 3      -932.892           1.0   1097 14:22:56   26.5
 4      -924.369           1.0   1097 14:23:23   26.4
 5      -922.732           1.0   1097 14:23:48   25.7
 6      -922.237           1.0   1097 14:24:15   26.1 (1 restrained)
 7      -921.653           1.0   1097 14:24:41   26.1 (2 restrained)
 8      -924.023           1.0   1097 14:25:07   25.8 (1 restrained)
 9      -922.374           1.0   1097 14:25:33   26.1 (1 restrained)
10      -921.161           1.0   1097 14:25:59   25.8 (2 restrained)
11      -924.226           1.0   1097 14:26:25   26.2 (2 restrained)
12      -922.037           1.0   1097 14:26:51   25.5 (2 restrained)
13      -924.833           1.0   1097 14:27:35   44.1 (1 restrained)
Model fitted using the sigma parameterization.
ASReml 4.1.0 Wed Oct  9 14:27:36 2024
          LogLik        Sigma2     DF     wall    cpu
 1     -1012.339           1.0   1105 14:27:59   23.6
 2      -987.412           1.0   1105 14:28:26   26.1
 3      -965.287           1.0   1105 14:28:51   25.8
 4      -956.654           1.0   1105 14:29:18   26.3
 5      -954.920           1.0   1105 14:29:44   26.2 (1 restrained)
 6      -954.300           1.0   1105 14:30:10   25.6 (2 restrained)
 7      -956.050           1.0   1105 14:30:35   25.5 (1 restrained)
 8      -954.213           1.0   1105 14:31:02   26.3 (1 restrained)
 9      -953.075           1.0   1105 14:31:28   25.9 (2 restrained)
10      -956.361           1.0   1105 14:31:55   27.4 (2 restrained)
11      -953.922           1.0   1105 14:32:22   26.2 (1 restrained)
12      -953.103           1.0   1105 14:32:48   26.2 (2 restrained)
13      -956.552           1.0   1105 14:33:33   44.6 (1 restrained)
Model fitted using the sigma parameterization.
ASReml 4.1.0 Wed Oct  9 14:33:33 2024
          LogLik        Sigma2     DF     wall    cpu
 1      -998.694           1.0   1100 14:33:58   23.9
 2      -973.169           1.0   1100 14:34:25   27.1
 3      -950.567           1.0   1100 14:34:52   26.7
 4      -941.823           1.0   1100 14:35:18   26.4 (1 restrained)
 5      -940.419           1.0   1100 14:35:45   26.9
 6      -939.907           1.0   1100 14:36:12   27.1 (1 restrained)
 7      -939.294           1.0   1100 14:36:39   27.0 (2 restrained)
 8      -941.271           1.0   1100 14:37:05   26.0 (1 restrained)
 9      -939.649           1.0   1100 14:37:30   24.4 (1 restrained)
10      -938.534           1.0   1100 14:37:54   23.9 (2 restrained)
11      -941.621           1.0   1100 14:38:21   26.8 (1 restrained)
12      -940.107           1.0   1100 14:38:47   26.7 (1 restrained)
13      -938.722           1.0   1100 14:39:35   47.3
Model fitted using the sigma parameterization.
ASReml 4.1.0 Wed Oct  9 14:39:36 2024
          LogLik        Sigma2     DF     wall    cpu
 1      -976.713           1.0   1094 14:39:59   22.5
 2      -951.358           1.0   1094 14:40:26   26.4
 3      -928.781           1.0   1094 14:40:52   26.5
 4      -919.885           1.0   1094 14:41:19   26.2 (1 restrained)
 5      -918.264           1.0   1094 14:41:45   26.1
 6      -917.343           1.0   1094 14:42:11   26.3 (2 restrained)
 7      -919.368           1.0   1094 14:42:38   26.4 (1 restrained)
 8      -917.572           1.0   1094 14:43:04   26.2 (1 restrained)
 9      -916.328           1.0   1094 14:43:26   22.4 (2 restrained)
10      -919.741           1.0   1094 14:43:53   26.7 (2 restrained)
11      -917.285           1.0   1094 14:44:20   26.6 (1 restrained)
12      -916.393           1.0   1094 14:44:48   27.9
13      -915.993           1.0   1094 14:45:37   48.7
Model fitted using the sigma parameterization.
ASReml 4.1.0 Wed Oct  9 14:45:37 2024
          LogLik        Sigma2     DF     wall    cpu
 1      -961.614           1.0   1092 14:46:01   23.4
 2      -937.130           1.0   1092 14:46:28   27.0
 3      -915.451           1.0   1092 14:46:55   26.9
 4      -907.106           1.0   1092 14:47:24   28.1
 5      -905.668           1.0   1092 14:47:52   28.6
 6      -905.479           1.0   1092 14:48:21   28.2
 7      -905.269           1.0   1092 14:48:49   28.1 (1 restrained)
 8      -904.963           1.0   1092 14:49:15   25.8 (1 restrained)
 9      -904.479           1.0   1092 14:49:42   27.1 (2 restrained)
10      -906.807           1.0   1092 14:50:09   27.5 (1 restrained)
11      -905.398           1.0   1092 14:50:37   27.2 (1 restrained)
12      -904.304           1.0   1092 14:51:04   27.0 (1 restrained)
13      -903.994           1.0   1092 14:51:52   48.4 (2 restrained)
Model fitted using the sigma parameterization.
ASReml 4.1.0 Wed Oct  9 14:51:53 2024
          LogLik        Sigma2     DF     wall    cpu
 1      -976.674           1.0   1097 14:52:17   23.2
 2      -952.545           1.0   1097 14:52:44   27.0
 3      -931.022           1.0   1097 14:53:11   27.3
 4      -922.593           1.0   1097 14:53:38   26.6 (1 restrained)
 5      -921.243           1.0   1097 14:54:05   27.1
 6      -920.841           1.0   1097 14:54:32   27.2
 7      -920.416           1.0   1097 14:54:58   25.3 (2 restrained)
 8      -921.864           1.0   1097 14:55:22   24.5 (1 restrained)
 9      -920.191           1.0   1097 14:55:50   27.7 (1 restrained)
10      -919.320           1.0   1097 14:56:17   27.0 (2 restrained)
11      -922.255           1.0   1097 14:56:44   26.8 (1 restrained)
12      -920.735           1.0   1097 14:57:11   27.4 (1 restrained)
13      -919.471           1.0   1097 14:58:00   48.0 (2 restrained)
Model fitted using the sigma parameterization.
ASReml 4.1.0 Wed Oct  9 14:58:00 2024
          LogLik        Sigma2     DF     wall    cpu
 1      -962.080           1.0   1094 14:58:25   24.2
 2      -936.688           1.0   1094 14:58:53   27.4
 3      -914.245           1.0   1094 14:59:20   27.1
 4      -905.652           1.0   1094 14:59:49   28.3
 5      -904.212           1.0   1094 15:00:17   27.9
 6      -904.047           1.0   1094 15:00:43   25.9
 7      -903.845           1.0   1094 15:01:08   25.5
 8      -903.432           1.0   1094 15:01:35   27.2 (2 restrained)
 9      -905.031           1.0   1094 15:02:02   26.9 (1 restrained)
10      -903.493           1.0   1094 15:02:30   27.0 (1 restrained)
11      -902.549           1.0   1094 15:02:57   27.1 (2 restrained)
12      -905.416           1.0   1094 15:03:24   27.1 (1 restrained)
13      -903.997           1.0   1094 15:04:12   47.9 (1 restrained)
Model fitted using the sigma parameterization.
ASReml 4.1.0 Wed Oct  9 15:04:13 2024
          LogLik        Sigma2     DF     wall    cpu
 1      -986.349           1.0   1098 15:04:37   23.8
 2      -960.281           1.0   1098 15:05:04   26.5
 3      -937.199           1.0   1098 15:05:27   23.0
 4      -928.295           1.0   1098 15:05:53   26.1
 5      -926.687           1.0   1098 15:06:20   26.5
 6      -926.366           1.0   1098 15:06:46   26.7
 7      -925.891           1.0   1098 15:07:14   27.2 (2 restrained)
 8      -925.392           1.0   1098 15:07:42   28.2 (2 restrained)
 9      -928.016           1.0   1098 15:08:10   27.7 (1 restrained)
10      -926.469           1.0   1098 15:08:37   27.1 (2 restrained)
11      -925.618           1.0   1098 15:09:04   26.8 (1 restrained)
12      -924.988           1.0   1098 15:09:32   28.4 (2 restrained)
13      -928.257           1.0   1098 15:10:22   49.2
Model fitted using the sigma parameterization.
ASReml 4.1.0 Wed Oct  9 15:10:23 2024
          LogLik        Sigma2     DF     wall    cpu
 1      -980.032           1.0   1100 15:10:48   25.0
 2      -955.496           1.0   1100 15:11:14   25.8
 3      -933.650           1.0   1100 15:11:41   26.9
 4      -925.131           1.0   1100 15:12:09   27.6
 5      -923.611           1.0   1100 15:12:36   27.4
 6      -923.353           1.0   1100 15:13:04   27.6
 7      -922.968           1.0   1100 15:13:31   27.4 (1 restrained)
 8      -922.459           1.0   1100 15:13:59   27.1 (2 restrained)
 9      -924.822           1.0   1100 15:14:27   28.0 (1 restrained)
10      -923.292           1.0   1100 15:14:54   27.0 (1 restrained)
11      -922.080           1.0   1100 15:15:21   26.8 (2 restrained)
12      -925.007           1.0   1100 15:15:47   26.1 (1 restrained)
13      -923.562           1.0   1100 15:16:33   46.3 (1 restrained)
Model fitted using the sigma parameterization.
ASReml 4.1.0 Wed Oct  9 15:16:34 2024
          LogLik        Sigma2     DF     wall    cpu
 1      -952.565           1.0   1088 15:16:58   23.4
 2      -927.485           1.0   1088 15:17:20   21.8
 3      -905.043           1.0   1088 15:17:47   26.3
 4      -896.141           1.0   1088 15:18:14   27.1
 5      -894.560           1.0   1088 15:18:43   29.0
 6      -894.466           1.0   1088 15:19:11   28.2
 7      -894.405           1.0   1088 15:19:39   27.9
 8      -894.333           1.0   1088 15:20:07   27.8
 9      -894.225           1.0   1088 15:20:35   27.7
10      -894.003           1.0   1088 15:21:03   27.9 (1 restrained)
11      -893.582           1.0   1088 15:21:31   28.2 (1 restrained)
12      -893.248           1.0   1088 15:21:59   27.8 (1 restrained)
13      -893.111           1.0   1088 15:22:49   49.7 (1 restrained)
Model fitted using the sigma parameterization.
ASReml 4.1.0 Wed Oct  9 15:22:50 2024
          LogLik        Sigma2     DF     wall    cpu
 1      -977.415           1.0   1095 15:23:12   22.0
 2      -951.876           1.0   1095 15:23:40   27.9
 3      -929.363           1.0   1095 15:24:08   27.8
 4      -920.787           1.0   1095 15:24:36   28.1
 5      -919.317           1.0   1095 15:25:04   28.2 (1 restrained)
 6      -919.086           1.0   1095 15:25:32   28.1
 7      -918.788           1.0   1095 15:26:00   28.0 (1 restrained)
 8      -918.289           1.0   1095 15:26:28   27.5 (2 restrained)
 9      -920.369           1.0   1095 15:26:55   27.5 (1 restrained)
10      -918.864           1.0   1095 15:27:23   27.7 (1 restrained)
11      -917.789           1.0   1095 15:27:51   27.7 (2 restrained)
12      -920.637           1.0   1095 15:28:18   27.1 (1 restrained)
13      -919.218           1.0   1095 15:29:06   48.0 (1 restrained)
Model fitted using the sigma parameterization.
ASReml 4.1.0 Wed Oct  9 15:29:07 2024
          LogLik        Sigma2     DF     wall    cpu
 1      -968.581           1.0   1094 15:29:32   24.9
 2      -943.733           1.0   1094 15:30:00   27.7
 3      -921.597           1.0   1094 15:30:28   27.5
 4      -912.918           1.0   1094 15:30:55   27.3
 5      -911.210           1.0   1094 15:31:22   27.5 (1 restrained)
 6      -910.624           1.0   1094 15:31:51   28.4 (2 restrained)
 7      -912.096           1.0   1094 15:32:21   29.4 (1 restrained)
 8      -910.331           1.0   1094 15:32:47   26.9 (1 restrained)
 9      -909.419           1.0   1094 15:33:14   26.1 (2 restrained)
10      -912.488           1.0   1094 15:33:40   25.8 (1 restrained)
11      -910.872           1.0   1094 15:34:07   26.9 (2 restrained)
12      -909.803           1.0   1094 15:34:32   25.5 (2 restrained)
13      -913.069           1.0   1094 15:35:14   41.5 (1 restrained)
Model fitted using the sigma parameterization.
ASReml 4.1.0 Wed Oct  9 15:35:15 2024
          LogLik        Sigma2     DF     wall    cpu
 1      -985.101           1.0   1098 15:35:36   20.7
 2      -959.322           1.0   1098 15:35:59   23.6
 3      -936.515           1.0   1098 15:36:23   23.7
 4      -927.700           1.0   1098 15:36:46   22.7
 5      -926.019           1.0   1098 15:37:08   22.2
 6      -925.516           1.0   1098 15:37:31   22.7 (1 restrained)
 7      -924.913           1.0   1098 15:37:54   23.0 (2 restrained)
 8      -927.429           1.0   1098 15:38:18   23.6 (1 restrained)
 9      -925.827           1.0   1098 15:38:41   23.5 (2 restrained)
10      -924.771           1.0   1098 15:39:06   25.2 (1 restrained)
11      -924.194           1.0   1098 15:39:30   23.2 (2 restrained)
12      -927.338           1.0   1098 15:39:55   24.8 (1 restrained)
13      -925.839           1.0   1098 15:40:39   44.5 (1 restrained)
Model fitted using the sigma parameterization.
ASReml 4.1.0 Wed Oct  9 15:40:40 2024
          LogLik        Sigma2     DF     wall    cpu
 1     -1003.810           1.0   1105 15:41:01   20.9
 2      -979.398           1.0   1105 15:41:25   23.5
 3      -957.795           1.0   1105 15:41:48   23.1
 4      -949.475           1.0   1105 15:42:11   22.9
 5      -947.955           1.0   1105 15:42:37   25.7
 6      -947.546           1.0   1105 15:43:00   23.5 (1 restrained)
 7      -946.920           1.0   1105 15:43:24   23.3 (3 restrained)
 8      -949.280           1.0   1105 15:43:47   23.4 (1 restrained)
 9      -947.353           1.0   1105 15:44:10   23.1 (1 restrained)
10      -946.153           1.0   1105 15:44:34   23.6 (2 restrained)
11      -949.498           1.0   1105 15:44:57   22.8 (2 restrained)
12      -947.413           1.0   1105 15:45:20   22.7 (2 restrained)
13      -950.245           1.0   1105 15:46:03   43.4
Model fitted using the sigma parameterization.
ASReml 4.1.0 Wed Oct  9 15:46:04 2024
          LogLik        Sigma2     DF     wall    cpu
 1      -948.309           1.0   1089 15:46:35   31.1
 2      -923.101           1.0   1089 15:47:12   36.9
 3      -900.525           1.0   1089 15:47:45   32.9
 4      -891.571           1.0   1089 15:48:20   34.7
 5      -889.977           1.0   1089 15:48:55   35.0
 6      -889.817           1.0   1089 15:49:20   24.9 (1 restrained)
 7      -889.667           1.0   1089 15:49:57   36.6
 8      -889.437           1.0   1089 15:50:29   32.0 (1 restrained)
 9      -889.022           1.0   1089 15:51:03   34.4 (1 restrained)
10      -888.667           1.0   1089 15:51:38   34.9 (1 restrained)
11      -888.513           1.0   1089 15:52:16   37.9 (2 restrained)
12      -891.122           1.0   1089 15:52:57   40.3
13      -890.005           1.0   1089 15:54:01   64.2 (1 restrained)
Model fitted using the sigma parameterization.
ASReml 4.1.0 Wed Oct  9 15:54:02 2024
          LogLik        Sigma2     DF     wall    cpu
 1      -996.159           1.0   1100 15:54:23   21.2
 2      -970.939           1.0   1100 15:54:47   23.7
 3      -948.448           1.0   1100 15:55:11   23.4
 4      -939.619           1.0   1100 15:55:34   23.8
 5      -938.014           1.0   1100 15:56:00   25.7 (1 restrained)
 6      -937.755           1.0   1100 15:56:25   24.7
 7      -937.363           1.0   1100 15:56:49   24.0 (1 restrained)
 8      -936.838           1.0   1100 15:57:14   24.3 (2 restrained)
 9      -939.282           1.0   1100 15:57:37   23.1 (1 restrained)
10      -937.809           1.0   1100 15:58:01   24.4 (1 restrained)
11      -936.564           1.0   1100 15:58:25   24.0 (1 restrained)
12      -936.131           1.0   1100 15:58:49   23.6 (2 restrained)
13      -939.047           1.0   1100 15:59:31   42.1 (1 restrained)
Model fitted using the sigma parameterization.
ASReml 4.1.0 Wed Oct  9 15:59:32 2024
          LogLik        Sigma2     DF     wall    cpu
 1      -980.979           1.0   1097 16:00:00   27.4
 2      -955.929           1.0   1097 16:00:31   30.7
 3      -933.744           1.0   1097 16:01:02   30.9
 4      -925.170           1.0   1097 16:01:33   31.0
 5      -923.581           1.0   1097 16:02:03   30.4 (1 restrained)
 6      -923.167           1.0   1097 16:02:33   30.1 (1 restrained)
 7      -922.562           1.0   1097 16:03:04   30.9 (2 restrained)
 8      -924.720           1.0   1097 16:03:36   31.2 (1 restrained)
 9      -923.086           1.0   1097 16:04:06   30.7 (1 restrained)
10      -921.919           1.0   1097 16:04:37   30.2 (2 restrained)
11      -924.972           1.0   1097 16:05:07   30.2 (2 restrained)
12      -922.806           1.0   1097 16:05:37   29.9 (2 restrained)
13      -925.592           1.0   1097 16:06:28   50.9 (1 restrained)
Model fitted using the sigma parameterization.
ASReml 4.1.0 Wed Oct  9 16:06:29 2024
          LogLik        Sigma2     DF     wall    cpu
 1      -935.652           1.0   1084 16:06:56   27.3
 2      -910.030           1.0   1084 16:07:27   30.9
 3      -887.384           1.0   1084 16:07:58   30.9
 4      -878.699           1.0   1084 16:08:28   29.6
 5      -877.179           1.0   1084 16:08:57   29.4
 6      -876.927           1.0   1084 16:09:27   29.8 (1 restrained)
 7      -876.626           1.0   1084 16:09:55   27.7 (1 restrained)
 8      -876.117           1.0   1084 16:10:27   31.3 (2 restrained)
 9      -878.282           1.0   1084 16:10:55   28.8 (1 restrained)
10      -876.775           1.0   1084 16:11:27   31.6 (1 restrained)
11      -875.660           1.0   1084 16:11:58   30.8 (2 restrained)
12      -878.544           1.0   1084 16:12:30   31.6 (2 restrained)
13      -876.422           1.0   1084 16:13:26   55.9 (1 restrained)
Model fitted using the sigma parameterization.
ASReml 4.1.0 Wed Oct  9 16:13:27 2024
          LogLik        Sigma2     DF     wall    cpu
 1      -981.315           1.0   1097 16:13:54   26.9
 2      -956.095           1.0   1097 16:14:25   31.1
 3      -933.617           1.0   1097 16:14:55   30.1
 4      -924.799           1.0   1097 16:15:27   31.3
 5      -923.172           1.0   1097 16:15:58   31.1 (1 restrained)
 6      -922.896           1.0   1097 16:16:29   31.1
 7      -922.465           1.0   1097 16:17:00   30.8 (1 restrained)
 8      -921.924           1.0   1097 16:17:29   28.4 (2 restrained)
 9      -924.496           1.0   1097 16:17:58   29.0 (1 restrained)
10      -923.061           1.0   1097 16:18:29   30.7 (1 restrained)
11      -921.830           1.0   1097 16:18:59   30.2 (1 restrained)
12      -921.391           1.0   1097 16:19:29   30.0 (2 restrained)
13      -924.295           1.0   1097 16:20:22   53.3
Model fitted using the sigma parameterization.
ASReml 4.1.0 Wed Oct  9 16:20:23 2024
          LogLik        Sigma2     DF     wall    cpu
 1     -1001.631           1.0   1101 16:20:50   25.9
 2      -976.093           1.0   1101 16:21:18   28.3
 3      -953.508           1.0   1101 16:21:47   29.1
 4      -944.816           1.0   1101 16:22:15   27.5
 5      -943.252           1.0   1101 16:22:46   30.7
 6      -942.934           1.0   1101 16:23:17   30.9 (1 restrained)
 7      -942.476           1.0   1101 16:23:47   29.9 (2 restrained)
 8      -944.223           1.0   1101 16:24:17   30.6 (1 restrained)
 9      -942.646           1.0   1101 16:24:48   30.2 (1 restrained)
10      -941.631           1.0   1101 16:25:11   23.0 (2 restrained)
11      -944.554           1.0   1101 16:25:36   25.5 (1 restrained)
12      -943.115           1.0   1101 16:25:55   19.0 (2 restrained)
13      -942.070           1.0   1101 16:26:33   37.7
Model fitted using the sigma parameterization.
ASReml 4.1.0 Wed Oct  9 16:26:34 2024
          LogLik        Sigma2     DF     wall    cpu
 1      -983.920           1.0   1096 16:27:00   25.9
 2      -959.082           1.0   1096 16:27:28   27.5
 3      -936.966           1.0   1096 16:27:56   28.5
 4      -928.288           1.0   1096 16:28:25   28.7
 5      -926.610           1.0   1096 16:28:53   28.2 (1 restrained)
 6      -926.153           1.0   1096 16:29:22   28.7 (1 restrained)
 7      -925.551           1.0   1096 16:29:51   28.7 (2 restrained)
 8      -927.863           1.0   1096 16:30:20   28.7 (1 restrained)
 9      -926.223           1.0   1096 16:30:47   27.4 (1 restrained)
10      -924.967           1.0   1096 16:31:15   27.3 (2 restrained)
11      -928.116           1.0   1096 16:31:41   26.0 (2 restrained)
12      -925.896           1.0   1096 16:32:05   24.4 (1 restrained)
13      -924.679           1.0   1096 16:32:54   48.7
Model fitted using the sigma parameterization.
ASReml 4.1.0 Wed Oct  9 16:32:55 2024
          LogLik        Sigma2     DF     wall    cpu
 1      -927.039           1.0   1087 16:33:21   26.0
 2      -901.845           1.0   1087 16:33:49   27.6
 3      -879.549           1.0   1087 16:34:17   27.7
 4      -870.969           1.0   1087 16:34:46   28.8
 5      -869.435           1.0   1087 16:35:15   29.2
 6      -869.125           1.0   1087 16:35:43   28.1
 7      -868.641           1.0   1087 16:36:11   27.5 (3 restrained)
 8      -870.915           1.0   1087 16:36:37   26.7 (1 restrained)
 9      -868.887           1.0   1087 16:37:04   26.7 (1 restrained)
10      -867.777           1.0   1087 16:37:31   26.7 (3 restrained)
11      -871.227           1.0   1087 16:37:54   22.5 (1 restrained)
12      -869.610           1.0   1087 16:38:22   28.9 (2 restrained)
13      -868.361           1.0   1087 16:39:12   49.2
Model fitted using the sigma parameterization.
ASReml 4.1.0 Wed Oct  9 16:39:13 2024
          LogLik        Sigma2     DF     wall    cpu
 1      -969.594           1.0   1094 16:39:37   24.3
 2      -944.948           1.0   1094 16:40:05   28.4
 3      -923.048           1.0   1094 16:40:34   28.6
 4      -914.539           1.0   1094 16:41:03   28.7
 5      -913.066           1.0   1094 16:41:32   28.5
 6      -912.886           1.0   1094 16:42:00   28.7
 7      -912.655           1.0   1094 16:42:26   25.9
 8      -912.173           1.0   1094 16:42:53   26.9 (2 restrained)
 9      -914.063           1.0   1094 16:43:17   23.9 (1 restrained)
10      -912.543           1.0   1094 16:43:44   26.8 (1 restrained)
11      -911.491           1.0   1094 16:44:12   27.9 (2 restrained)
12      -914.384           1.0   1094 16:44:40   27.4 (1 restrained)
13      -912.981           1.0   1094 16:45:29   49.0 (1 restrained)
Model fitted using the sigma parameterization.
ASReml 4.1.0 Wed Oct  9 16:45:30 2024
          LogLik        Sigma2     DF     wall    cpu
 1      -959.354           1.0   1090 16:45:55   24.8
 2      -934.360           1.0   1090 16:46:22   26.9
 3      -912.119           1.0   1090 16:46:50   27.9
 4      -903.442           1.0   1090 16:47:18   27.8
 5      -901.919           1.0   1090 16:47:46   28.5 (1 restrained)
 6      -901.745           1.0   1090 16:48:15   28.6
 7      -901.556           1.0   1090 16:48:41   26.2
 8      -901.195           1.0   1090 16:49:07   26.0 (1 restrained)
 9      -900.676           1.0   1090 16:49:29   21.9 (2 restrained)
10      -903.138           1.0   1090 16:49:56   26.6 (1 restrained)
11      -901.756           1.0   1090 16:50:25   28.6 (1 restrained)
12      -900.572           1.0   1090 16:50:53   28.3 (2 restrained)
13      -903.379           1.0   1090 16:51:41   48.1 (1 restrained)
Model fitted using the sigma parameterization.
ASReml 4.1.0 Wed Oct  9 16:51:42 2024
          LogLik        Sigma2     DF     wall    cpu
 1      -965.472           1.0   1093 16:52:07   24.8
 2      -940.611           1.0   1093 16:52:35   27.7
 3      -918.456           1.0   1093 16:53:03   28.1
 4      -909.746           1.0   1093 16:53:32   28.4
 5      -908.031           1.0   1093 16:54:00   28.4
 6      -907.446           1.0   1093 16:54:26   25.9 (2 restrained)
 7      -909.065           1.0   1093 16:54:53   26.4 (1 restrained)
 8      -907.353           1.0   1093 16:55:15   22.3 (1 restrained)
 9      -906.312           1.0   1093 16:55:41   26.1 (2 restrained)
10      -909.536           1.0   1093 16:56:10   28.4 (1 restrained)
11      -907.969           1.0   1093 16:56:37   27.6 (2 restrained)
12      -906.811           1.0   1093 16:57:06   28.5 (1 restrained)
13      -906.122           1.0   1093 16:57:55   49.5
Model fitted using the sigma parameterization.
ASReml 4.1.0 Wed Oct  9 16:57:56 2024
          LogLik        Sigma2     DF     wall    cpu
 1     -1009.498           1.0   1104 16:58:21   24.2
 2      -984.083           1.0   1104 16:58:48   27.1
 3      -961.670           1.0   1104 16:59:14   26.0
 4      -953.134           1.0   1104 16:59:41   26.5
 5      -951.701           1.0   1104 17:00:08   27.3
 6      -951.526           1.0   1104 17:00:35   26.8
 7      -951.328           1.0   1104 17:01:01   26.2
 8      -950.946           1.0   1104 17:01:25   23.6 (2 restrained)
 9      -952.504           1.0   1104 17:01:53   28.0 (1 restrained)
10      -950.974           1.0   1104 17:02:20   27.6 (2 restrained)
11      -950.382           1.0   1104 17:02:48   27.9 (2 restrained)
12      -953.193           1.0   1104 17:03:15   26.2 (1 restrained)
13      -951.790           1.0   1104 17:04:03   48.6 (1 restrained)
Model fitted using the sigma parameterization.
ASReml 4.1.0 Wed Oct  9 17:04:04 2024
          LogLik        Sigma2     DF     wall    cpu
 1      -984.246           1.0   1100 17:04:29   24.2
 2      -958.758           1.0   1100 17:04:56   27.3
 3      -936.083           1.0   1100 17:05:24   27.4 (1 restrained)
 4      -928.648           1.0   1100 17:05:51   26.9
 5      -925.780           1.0   1100 17:06:18   27.0
 6      -924.590           1.0   1100 17:06:44   26.6 (2 restrained)
 7      -926.531           1.0   1100 17:07:09   24.2 (1 restrained)
 8      -924.656           1.0   1100 17:07:33   24.2 (1 restrained)
 9      -923.498           1.0   1100 17:07:59   26.3 (2 restrained)
10      -926.984           1.0   1100 17:08:25   25.9 (1 restrained)
11      -925.219           1.0   1100 17:08:53   27.6 (1 restrained)
12      -923.699           1.0   1100 17:09:20   26.8
13      -923.228           1.0   1100 17:10:07   47.2
Model fitted using the sigma parameterization.
ASReml 4.1.0 Wed Oct  9 17:10:08 2024
          LogLik        Sigma2     DF     wall    cpu
 1      -947.770           1.0   1088 17:10:32   23.8
 2      -922.957           1.0   1088 17:10:59   26.8
 3      -900.961           1.0   1088 17:11:26   26.3 (1 restrained)
 4      -893.774           1.0   1088 17:11:53   27.2
 5      -891.420           1.0   1088 17:12:20   27.3
 6      -891.078           1.0   1088 17:12:47   27.0
 7      -891.010           1.0   1088 17:13:11   23.4
 8      -890.948           1.0   1088 17:13:38   26.9
 9      -890.874           1.0   1088 17:14:05   27.2
10      -890.755           1.0   1088 17:14:32   26.9
11      -890.483           1.0   1088 17:14:59   26.7 (1 restrained)
12      -890.054           1.0   1088 17:15:26   26.8 (2 restrained)
13      -892.335           1.0   1088 17:16:14   48.0 (1 restrained)
Model fitted using the sigma parameterization.
ASReml 4.1.0 Wed Oct  9 17:16:15 2024
          LogLik        Sigma2     DF     wall    cpu
 1      -985.437           1.0   1099 17:16:38   23.4
 2      -960.561           1.0   1099 17:17:05   25.9
 3      -938.455           1.0   1099 17:17:31   26.4
 4      -929.857           1.0   1099 17:17:57   25.8
 5      -928.295           1.0   1099 17:18:24   26.8 (1 restrained)
 6      -927.993           1.0   1099 17:18:47   22.9
 7      -927.542           1.0   1099 17:19:14   27.2 (2 restrained)
 8      -929.206           1.0   1099 17:19:41   27.0 (1 restrained)
 9      -927.636           1.0   1099 17:20:08   26.9 (1 restrained)
10      -926.703           1.0   1099 17:20:35   26.4 (2 restrained)
11      -929.611           1.0   1099 17:21:01   26.8 (1 restrained)
12      -928.155           1.0   1099 17:21:28   26.4 (1 restrained)
13      -926.887           1.0   1099 17:22:15   46.6 (2 restrained)
Model fitted using the sigma parameterization.
ASReml 4.1.0 Wed Oct  9 17:22:16 2024
          LogLik        Sigma2     DF     wall    cpu
 1      -984.590           1.0   1095 17:22:39   23.3
 2      -958.998           1.0   1095 17:23:06   27.0
 3      -936.299           1.0   1095 17:23:32   26.1
 4      -927.483           1.0   1095 17:23:59   26.4
 5      -925.833           1.0   1095 17:24:23   23.6
 6      -925.414           1.0   1095 17:24:49   26.0 (1 restrained)
 7      -924.823           1.0   1095 17:25:16   27.2 (2 restrained)
 8      -927.039           1.0   1095 17:25:44   28.0 (2 restrained)
 9      -924.857           1.0   1095 17:26:12   27.5 (1 restrained)
10      -923.965           1.0   1095 17:26:39   27.7 (2 restrained)
11      -927.038           1.0   1095 17:27:07   27.3 (2 restrained)
12      -924.918           1.0   1095 17:27:34   27.0 (1 restrained)
13      -924.006           1.0   1095 17:28:22   47.4
Model fitted using the sigma parameterization.
ASReml 4.1.0 Wed Oct  9 17:28:22 2024
          LogLik        Sigma2     DF     wall    cpu
 1      -944.079           1.0   1091 17:28:47   24.2
 2      -919.315           1.0   1091 17:29:15   28.3
 3      -897.220           1.0   1091 17:29:43   27.3
 4      -888.590           1.0   1091 17:30:09   25.9
 5      -887.125           1.0   1091 17:30:35   26.5
 6      -886.984           1.0   1091 17:31:03   28.1
 7      -886.847           1.0   1091 17:31:32   28.6
 8      -886.637           1.0   1091 17:31:59   27.0 (1 restrained)
 9      -886.223           1.0   1091 17:32:26   26.5 (1 restrained)
10      -885.780           1.0   1091 17:32:52   26.7 (2 restrained)
11      -888.221           1.0   1091 17:33:19   26.7 (1 restrained)
12      -886.909           1.0   1091 17:33:46   26.7 (1 restrained)
13      -885.821           1.0   1091 17:34:34   48.3 (1 restrained)
Model fitted using the sigma parameterization.
ASReml 4.1.0 Wed Oct  9 17:34:35 2024
          LogLik        Sigma2     DF     wall    cpu
 1      -957.965           1.0   1089 17:34:59   23.5
 2      -933.117           1.0   1089 17:35:24   25.5
 3      -911.113           1.0   1089 17:35:51   26.4
 4      -902.615           1.0   1089 17:36:13   22.4
 5      -901.059           1.0   1089 17:36:40   26.6 (1 restrained)
 6      -900.691           1.0   1089 17:37:07   26.9 (1 restrained)
 7      -900.082           1.0   1089 17:37:34   27.2 (2 restrained)
 8      -902.077           1.0   1089 17:38:01   26.9 (1 restrained)
 9      -900.411           1.0   1089 17:38:27   26.2 (1 restrained)
10      -899.271           1.0   1089 17:38:53   25.8 (2 restrained)
11      -902.376           1.0   1089 17:39:19   25.7 (1 restrained)
12      -900.822           1.0   1089 17:39:46   26.7 (1 restrained)
13      -899.429           1.0   1089 17:40:32   46.2
Model fitted using the sigma parameterization.
ASReml 4.1.0 Wed Oct  9 17:40:33 2024
          LogLik        Sigma2     DF     wall    cpu
 1      -990.666           1.0   1101 17:40:57   23.6
 2      -965.382           1.0   1101 17:41:23   25.9
 3      -942.966           1.0   1101 17:41:47   24.3
 4      -934.277           1.0   1101 17:42:11   24.1
 5      -932.682           1.0   1101 17:42:37   25.4
 6      -932.332           1.0   1101 17:43:03   26.3 (2 restrained)
 7      -931.764           1.0   1101 17:43:30   26.5 (2 restrained)
 8      -933.715           1.0   1101 17:43:55   25.7 (1 restrained)
 9      -932.169           1.0   1101 17:44:21   26.0 (2 restrained)
10      -931.271           1.0   1101 17:44:47   25.9 (1 restrained)
11      -930.824           1.0   1101 17:45:13   25.6 (2 restrained)
12      -933.833           1.0   1101 17:45:39   25.3 (1 restrained)
13      -932.385           1.0   1101 17:46:25   46.2 (1 restrained)
Model fitted using the sigma parameterization.
ASReml 4.1.0 Wed Oct  9 17:46:26 2024
          LogLik        Sigma2     DF     wall    cpu
 1      -974.965           1.0   1097 17:46:49   22.8
 2      -949.341           1.0   1097 17:47:15   25.9
 3      -926.653           1.0   1097 17:47:39   23.8
 4      -917.841           1.0   1097 17:48:06   27.0 (1 restrained)
 5      -916.297           1.0   1097 17:48:32   25.9
 6      -915.435           1.0   1097 17:48:58   25.8 (2 restrained)
 7      -917.060           1.0   1097 17:49:24   26.3 (1 restrained)
 8      -915.274           1.0   1097 17:49:51   26.7 (1 restrained)
 9      -914.240           1.0   1097 17:50:17   26.4 (2 restrained)
10      -917.569           1.0   1097 17:50:44   26.6 (1 restrained)
11      -915.883           1.0   1097 17:51:10   26.1 (1 restrained)
12      -914.443           1.0   1097 17:51:36   25.9 (2 restrained)
13      -917.777           1.0   1097 17:52:22   45.7
Model fitted using the sigma parameterization.
ASReml 4.1.0 Wed Oct  9 17:52:23 2024
          LogLik        Sigma2     DF     wall    cpu
 1     -1011.250           1.0   1105 17:52:46   23.3
 2      -986.592           1.0   1105 17:53:13   26.1
 3      -964.663           1.0   1105 17:53:39   26.2
 4      -956.138           1.0   1105 17:54:05   25.7
 5      -954.671           1.0   1105 17:54:31   26.3
 6      -954.506           1.0   1105 17:54:57   26.1
 7      -954.322           1.0   1105 17:55:24   26.2 (1 restrained)
 8      -954.012           1.0   1105 17:55:50   26.3 (1 restrained)
 9      -953.537           1.0   1105 17:56:16   26.4 (2 restrained)
10      -955.828           1.0   1105 17:56:43   26.2 (2 restrained)
11      -953.810           1.0   1105 17:57:09   25.6 (1 restrained)
12      -952.938           1.0   1105 17:57:35   26.6 (2 restrained)
13      -955.764           1.0   1105 17:58:19   44.0 (2 restrained)
Model fitted using the sigma parameterization.
ASReml 4.1.0 Wed Oct  9 17:58:20 2024
          LogLik        Sigma2     DF     wall    cpu
 1      -967.339           1.0   1092 17:58:45   24.2
 2      -942.334           1.0   1092 17:59:12   27.1
 3      -920.044           1.0   1092 17:59:39   27.0
 4      -911.315           1.0   1092 18:00:06   26.7
 5      -909.789           1.0   1092 18:00:34   27.8
 6      -909.625           1.0   1092 18:01:00   26.7
 7      -909.451           1.0   1092 18:01:28   27.4 (1 restrained)
 8      -909.188           1.0   1092 18:01:55   26.9 (1 restrained)
 9      -908.741           1.0   1092 18:02:21   26.1 (1 restrained)
10      -908.354           1.0   1092 18:02:48   26.7 (2 restrained)
11      -910.875           1.0   1092 18:03:14   26.4 (1 restrained)
12      -909.561           1.0   1092 18:03:37   22.6 (1 restrained)
13      -908.469           1.0   1092 18:04:26   48.9 (1 restrained)
Model fitted using the sigma parameterization.
ASReml 4.1.0 Wed Oct  9 18:04:27 2024
          LogLik        Sigma2     DF     wall    cpu
 1      -967.395           1.0   1091 18:04:50   23.3
 2      -941.738           1.0   1091 18:05:17   26.4
 3      -919.057           1.0   1091 18:05:44   26.8
 4      -910.340           1.0   1091 18:06:10   26.4
 5      -908.788           1.0   1091 18:06:37   26.6
 6      -908.486           1.0   1091 18:07:04   27.0
 7      -907.994           1.0   1091 18:07:31   27.0 (3 restrained)
 8      -909.806           1.0   1091 18:07:58   27.2 (1 restrained)
 9      -908.170           1.0   1091 18:08:25   27.1 (1 restrained)
10      -907.143           1.0   1091 18:08:52   26.8 (2 restrained)
11      -910.287           1.0   1091 18:09:17   24.8 (1 restrained)
12      -908.732           1.0   1091 18:09:42   24.9 (2 restrained)
13      -907.616           1.0   1091 18:10:29   46.7
Model fitted using the sigma parameterization.
ASReml 4.1.0 Wed Oct  9 18:10:30 2024
          LogLik        Sigma2     DF     wall    cpu
 1      -942.851           1.0   1090 18:10:54   23.5
 2      -918.260           1.0   1090 18:11:20   26.1
 3      -896.351           1.0   1090 18:11:48   27.8
 4      -887.797           1.0   1090 18:12:14   26.6
 5      -886.271           1.0   1090 18:12:41   26.4 (1 restrained)
 6      -886.031           1.0   1090 18:13:08   26.6
 7      -885.702           1.0   1090 18:13:34   26.6 (1 restrained)
 8      -885.216           1.0   1090 18:14:00   26.0 (2 restrained)
 9      -887.466           1.0   1090 18:14:27   26.4 (1 restrained)
10      -885.965           1.0   1090 18:14:54   26.7 (1 restrained)
11      -884.808           1.0   1090 18:15:19   25.4 (2 restrained)
12      -887.680           1.0   1090 18:15:39   19.7 (1 restrained)
13      -886.266           1.0   1090 18:16:17   37.6 (1 restrained)
Model fitted using the sigma parameterization.
ASReml 4.1.0 Wed Oct  9 18:16:17 2024
          LogLik        Sigma2     DF     wall    cpu
 1      -986.879           1.0   1099 18:16:34   16.4
 2      -961.768           1.0   1099 18:16:53   18.8
 3      -939.388           1.0   1099 18:17:13   20.2
 4      -930.650           1.0   1099 18:17:32   19.1
 5      -929.177           1.0   1099 18:17:52   19.5
 6      -929.077           1.0   1099 18:18:12   20.1
 7      -929.006           1.0   1099 18:18:31   18.7
 8      -928.931           1.0   1099 18:18:50   19.2
 9      -928.828           1.0   1099 18:19:10   20.1 (1 restrained)
10      -928.621           1.0   1099 18:19:29   19.0 (1 restrained)
11      -928.237           1.0   1099 18:19:50   21.1 (1 restrained)
12      -927.929           1.0   1099 18:20:11   20.6 (2 restrained)
13      -930.342           1.0   1099 18:20:51   39.8 (2 restrained)
Model fitted using the sigma parameterization.
ASReml 4.1.0 Wed Oct  9 18:20:51 2024
          LogLik        Sigma2     DF     wall    cpu
 1      -978.228           1.0   1096 18:21:08   16.8
 2      -953.213           1.0   1096 18:21:29   20.5
 3      -930.993           1.0   1096 18:21:50   20.9
 4      -922.372           1.0   1096 18:22:09   19.2
 5      -920.860           1.0   1096 18:22:28   19.1
 6      -920.648           1.0   1096 18:22:47   18.7 (1 restrained)
 7      -920.405           1.0   1096 18:23:07   19.7 (1 restrained)
 8      -919.944           1.0   1096 18:23:27   20.0 (2 restrained)
 9      -921.968           1.0   1096 18:23:48   20.9 (1 restrained)
10      -920.512           1.0   1096 18:24:08   20.6 (1 restrained)
11      -919.443           1.0   1096 18:24:30   21.1 (1 restrained)
12      -919.131           1.0   1096 18:24:51   21.5 (2 restrained)
13      -921.871           1.0   1096 18:25:31   40.2 (1 restrained)
Model fitted using the sigma parameterization.
ASReml 4.1.0 Wed Oct  9 18:25:32 2024
          LogLik        Sigma2     DF     wall    cpu
 1      -979.454           1.0   1099 18:25:51   18.2
 2      -954.249           1.0   1099 18:26:10   19.6
 3      -931.910           1.0   1099 18:26:29   18.6
 4      -923.283           1.0   1099 18:26:49   20.0
 5      -921.774           1.0   1099 18:27:09   20.1
 6      -921.542           1.0   1099 18:27:29   20.2
 7      -921.201           1.0   1099 18:27:49   19.6 (1 restrained)
 8      -920.667           1.0   1099 18:28:09   20.1 (3 restrained)
 9      -923.358           1.0   1099 18:28:29   19.5 (1 restrained)
10      -921.528           1.0   1099 18:28:48   19.6 (2 restrained)
11      -920.409           1.0   1099 18:29:07   18.9 (1 restrained)
12      -919.845           1.0   1099 18:29:27   19.4 (2 restrained)
13      -923.086           1.0   1099 18:30:05   38.4 (1 restrained)
Model fitted using the sigma parameterization.
ASReml 4.1.0 Wed Oct  9 18:30:06 2024
          LogLik        Sigma2     DF     wall    cpu
 1      -968.223           1.0   1094 18:30:23   16.9
 2      -943.506           1.0   1094 18:30:43   19.4
 3      -921.601           1.0   1094 18:31:02   19.3
 4      -913.077           1.0   1094 18:31:22   20.1 (1 restrained)
 5      -911.573           1.0   1094 18:31:42   19.3
 6      -910.778           1.0   1094 18:32:02   20.0 (2 restrained)
 7      -912.339           1.0   1094 18:32:21   19.2 (1 restrained)
 8      -910.610           1.0   1094 18:32:41   19.6 (1 restrained)
 9      -909.648           1.0   1094 18:32:59   18.4 (2 restrained)
10      -912.826           1.0   1094 18:33:18   19.2 (2 restrained)
11      -910.477           1.0   1094 18:33:38   19.2 (1 restrained)
12      -909.731           1.0   1094 18:33:59   21.0 (1 restrained)
13      -909.440           1.0   1094 18:34:37   38.0
Model fitted using the sigma parameterization.
ASReml 4.1.0 Wed Oct  9 18:34:37 2024
          LogLik        Sigma2     DF     wall    cpu
 1      -949.300           1.0   1087 18:34:56   18.0
 2      -924.195           1.0   1087 18:35:16   19.9
 3      -901.904           1.0   1087 18:35:37   20.7
 4      -893.197           1.0   1087 18:35:58   21.0
 5      -891.421           1.0   1087 18:36:19   21.2
 6      -890.649           1.0   1087 18:36:40   20.9 (2 restrained)
 7      -892.596           1.0   1087 18:37:01   21.3 (1 restrained)
 8      -890.854           1.0   1087 18:37:23   21.3 (1 restrained)
 9      -889.735           1.0   1087 18:37:43   20.5 (2 restrained)
10      -892.983           1.0   1087 18:38:05   22.0 (1 restrained)
11      -891.343           1.0   1087 18:38:27   21.3 (1 restrained)
12      -889.918           1.0   1087 18:38:47   20.6
13      -889.458           1.0   1087 18:39:27   39.3
