WARNING: ignoring environment value of R_HOME
Online License checked out Wed Oct  9 09:00:28 2024
Model fitted using the sigma parameterization.
ASReml 4.1.0 Wed Oct  9 09:00:33 2024
          LogLik        Sigma2     DF     wall    cpu
 1     -1068.393           1.0    985 09:00:54   20.7
 2     -1046.797           1.0    985 09:01:17   22.7
 3     -1027.641           1.0    985 09:01:39   22.2
 4     -1020.074           1.0    985 09:02:01   21.5
 5     -1018.183           1.0    985 09:02:22   21.0 (2 restrained)
 6     -1018.960           1.0    985 09:02:43   20.8 (2 restrained)
 7     -1017.266           1.0    985 09:03:04   20.7 (2 restrained)
 8     -1019.551           1.0    985 09:03:25   20.9 (3 restrained)
 9     -1020.671           1.0    985 09:03:46   21.1 (2 restrained)
10     -1020.979           1.0    985 09:04:07   21.2 (2 restrained)
11     -1020.986           1.0    985 09:04:28   21.3 (1 restrained)
12     -1020.977           1.0    985 09:04:50   21.4
13     -1020.607           1.0    985 09:05:28   38.0
Model fitted using the sigma parameterization.
ASReml 4.1.0 Wed Oct  9 09:05:29 2024
          LogLik        Sigma2     DF     wall    cpu
 1     -1082.231           1.0    983 09:05:47   17.6
 2     -1061.640           1.0    983 09:06:08   21.0
 3     -1043.365           1.0    983 09:06:29   21.2
 4     -1036.331           1.0    983 09:06:50   21.2
 5     -1035.206           1.0    983 09:07:12   21.3
 6     -1035.157           1.0    983 09:07:33   21.3
 7     -1035.131           1.0    983 09:07:54   21.4
 8     -1035.112           1.0    983 09:08:16   21.8
 9     -1035.095           1.0    983 09:08:38   21.7
10     -1035.076           1.0    983 09:09:00   21.8
11     -1035.053           1.0    983 09:09:22   21.7
12     -1035.015           1.0    983 09:09:44   21.7
13     -1034.937           1.0    983 09:10:22   38.7
Model fitted using the sigma parameterization.
ASReml 4.1.0 Wed Oct  9 09:10:23 2024
          LogLik        Sigma2     DF     wall    cpu
 1     -1084.079           1.0    986 09:10:41   17.7
 2     -1062.004           1.0    986 09:11:03   21.9
 3     -1042.431           1.0    986 09:11:25   21.8
 4     -1034.885           1.0    986 09:11:47   21.8
 5     -1033.661           1.0    986 09:12:09   21.9
 6     -1033.617           1.0    986 09:12:31   21.8
 7     -1033.595           1.0    986 09:12:53   21.9
 8     -1033.574           1.0    986 09:13:15   21.9 (1 restrained)
 9     -1033.565           1.0    986 09:13:37   21.9
10     -1033.538           1.0    986 09:13:58   21.7
11     -1033.502           1.0    986 09:14:20   21.6
12     -1033.435           1.0    986 09:14:42   21.6 (1 restrained)
13     -1033.254           1.0    986 09:15:20   38.4 (1 restrained)
Model fitted using the sigma parameterization.
ASReml 4.1.0 Wed Oct  9 09:15:21 2024
          LogLik        Sigma2     DF     wall    cpu
 1     -1078.650           1.0    988 09:15:39   17.6
 2     -1057.439           1.0    988 09:16:01   22.7
 3     -1038.865           1.0    988 09:16:23   22.0
 4     -1031.941           1.0    988 09:16:46   22.8
 5     -1030.794           1.0    988 09:17:10   24.0
 6     -1030.529           1.0    988 09:17:32   21.7
 7     -1030.039           1.0    988 09:17:54   21.6 (1 restrained)
 8     -1029.422           1.0    988 09:18:15   21.6 (1 restrained)
 9     -1029.085           1.0    988 09:18:37   21.7 (1 restrained)
10     -1028.995           1.0    988 09:18:59   21.6 (1 restrained)
11     -1028.965           1.0    988 09:19:21   21.6 (1 restrained)
12     -1028.955           1.0    988 09:19:42   21.6 (1 restrained)
13     -1028.955           1.0    988 09:20:21   38.3
Model fitted using the sigma parameterization.
ASReml 4.1.0 Wed Oct  9 09:20:21 2024
          LogLik        Sigma2     DF     wall    cpu
 1     -1068.716           1.0    997 09:20:39   17.7
 2     -1045.975           1.0    997 09:21:01   21.4
 3     -1025.283           1.0    997 09:21:22   21.4 (1 restrained)
 4     -1017.846           1.0    997 09:21:44   21.4
 5     -1014.805           1.0    997 09:22:05   21.5 (2 restrained)
 6     -1015.563           1.0    997 09:22:27   21.5 (1 restrained)
 7     -1014.333           1.0    997 09:22:48   21.5 (1 restrained)
 8     -1013.600           1.0    997 09:23:10   21.5 (1 restrained)
 9     -1013.379           1.0    997 09:23:32   21.5 (2 restrained)
10     -1015.287           1.0    997 09:23:54   22.0 (1 restrained)
11     -1014.358           1.0    997 09:24:15   21.6 (1 restrained)
12     -1013.594           1.0    997 09:24:37   21.5
13     -1013.352           1.0    997 09:25:15   38.2
Model fitted using the sigma parameterization.
ASReml 4.1.0 Wed Oct  9 09:25:16 2024
          LogLik        Sigma2     DF     wall    cpu
 1     -1090.031           1.0    980 09:25:34   17.7
 2     -1068.305           1.0    980 09:25:55   21.4
 3     -1048.837           1.0    980 09:26:17   21.4
 4     -1040.756           1.0    980 09:26:38   21.4 (2 restrained)
 5     -1040.566           1.0    980 09:27:00   21.5 (2 restrained)
 6     -1038.494           1.0    980 09:27:22   21.5 (2 restrained)
 7     -1041.617           1.0    980 09:27:43   21.6 (1 restrained)
 8     -1039.677           1.0    980 09:28:05   21.6 (2 restrained)
 9     -1038.590           1.0    980 09:28:27   21.6 (1 restrained)
10     -1037.787           1.0    980 09:28:48   21.6 (2 restrained)
11     -1041.529           1.0    980 09:29:10   21.6
12     -1039.569           1.0    980 09:29:32   21.6
13     -1038.091           1.0    980 09:30:10   38.5
Model fitted using the sigma parameterization.
ASReml 4.1.0 Wed Oct  9 09:30:11 2024
          LogLik        Sigma2     DF     wall    cpu
 1     -1090.549           1.0    990 09:30:29   17.6
 2     -1067.631           1.0    990 09:30:51   21.5
 3     -1046.975           1.0    990 09:31:13   22.1
 4     -1038.287           1.0    990 09:31:36   22.9 (2 restrained)
 5     -1036.624           1.0    990 09:31:59   22.9 (3 restrained)
 6     -1037.559           1.0    990 09:32:22   23.1 (2 restrained)
 7     -1037.754           1.0    990 09:32:45   23.1 (3 restrained)
 8     -1038.076           1.0    990 09:33:08   23.1 (1 restrained)
 9     -1037.873           1.0    990 09:33:31   23.1 (1 restrained)
10     -1037.510           1.0    990 09:33:55   23.1 (1 restrained)
11     -1037.509           1.0    990 09:34:18   23.2 (1 restrained)
12     -1037.509           1.0    990 09:35:01   43.0
Model fitted using the sigma parameterization.
ASReml 4.1.0 Wed Oct  9 09:35:02 2024
          LogLik        Sigma2     DF     wall    cpu
 1     -1082.177           1.0   1003 09:35:22   19.4
 2     -1059.850           1.0   1003 09:35:42   20.2
 3     -1040.010           1.0   1003 09:36:05   23.3
 4     -1032.233           1.0   1003 09:36:29   23.4
 5     -1030.612           1.0   1003 09:36:52   23.6 (2 restrained)
 6     -1030.056           1.0   1003 09:37:17   24.6 (2 restrained)
 7     -1031.242           1.0   1003 09:37:41   23.4 (1 restrained)
 8     -1029.855           1.0   1003 09:38:04   23.2 (1 restrained)
 9     -1028.909           1.0   1003 09:38:27   23.1 (2 restrained)
10     -1031.135           1.0   1003 09:38:50   23.1 (2 restrained)
11     -1029.495           1.0   1003 09:39:13   23.1 (1 restrained)
12     -1028.864           1.0   1003 09:39:37   23.1 (1 restrained)
13     -1028.599           1.0   1003 09:40:19   42.6
Model fitted using the sigma parameterization.
ASReml 4.1.0 Wed Oct  9 09:40:20 2024
          LogLik        Sigma2     DF     wall    cpu
 1     -1058.241           1.0    972 09:40:40   19.8
 2     -1036.790           1.0    972 09:41:01   21.2
 3     -1017.756           1.0    972 09:41:25   23.6
 4     -1010.319           1.0    972 09:41:49   23.5 (1 restrained)
 5     -1009.020           1.0    972 09:42:12   23.6
 6     -1008.329           1.0    972 09:42:36   23.6 (2 restrained)
 7     -1009.056           1.0    972 09:43:00   23.6 (1 restrained)
 8     -1007.810           1.0    972 09:43:23   23.7 (2 restrained)
 9     -1009.583           1.0    972 09:43:47   23.7 (1 restrained)
10     -1008.443           1.0    972 09:44:11   24.1 (1 restrained)
11     -1007.840           1.0    972 09:44:35   23.8 (2 restrained)
12     -1009.702           1.0    972 09:44:59   23.8 (1 restrained)
13     -1008.703           1.0    972 09:45:43   43.7
Model fitted using the sigma parameterization.
ASReml 4.1.0 Wed Oct  9 09:45:44 2024
          LogLik        Sigma2     DF     wall    cpu
 1     -1065.372           1.0    994 09:46:04   19.8
 2     -1045.050           1.0    994 09:46:24   20.2
 3     -1027.139           1.0    994 09:46:48   23.7
 4     -1020.411           1.0    994 09:47:12   23.9 (1 restrained)
 5     -1019.519           1.0    994 09:47:36   23.5
 6     -1019.431           1.0    994 09:47:59   23.5
 7     -1019.430           1.0    994 09:48:23   23.4
 8     -1019.429           1.0    994 09:48:46   23.5
 9     -1019.429           1.0    994 09:49:10   23.5
10     -1019.429           1.0    994 09:49:54   43.4
Model fitted using the sigma parameterization.
ASReml 4.1.0 Wed Oct  9 09:49:55 2024
          LogLik        Sigma2     DF     wall    cpu
 1     -1070.411           1.0    989 09:50:16   21.5
 2     -1048.696           1.0    989 09:50:40   23.7
 3     -1029.483           1.0    989 09:51:04   23.6
 4     -1022.097           1.0    989 09:51:26   22.0
 5     -1020.792           1.0    989 09:51:47   20.7
 6     -1020.561           1.0    989 09:52:10   23.6
 7     -1020.211           1.0    989 09:52:34   24.1 (1 restrained)
 8     -1019.682           1.0    989 09:52:59   24.1 (1 restrained)
 9     -1019.359           1.0    989 09:53:23   24.1 (2 restrained)
10     -1022.982           1.0    989 09:53:47   24.1
11     -1021.431           1.0    989 09:54:11   23.9 (1 restrained)
12     -1019.884           1.0    989 09:54:35   23.6 (1 restrained)
13     -1019.234           1.0    989 09:55:19   43.8 (2 restrained)
Model fitted using the sigma parameterization.
ASReml 4.1.0 Wed Oct  9 09:55:20 2024
          LogLik        Sigma2     DF     wall    cpu
 1     -1077.374           1.0    986 09:55:42   21.8
 2     -1056.619           1.0    986 09:56:05   23.7
 3     -1038.229           1.0    986 09:56:29   23.8
 4     -1031.033           1.0    986 09:56:52   22.5
 5     -1029.322           1.0    986 09:57:13   21.6 (3 restrained)
 6     -1030.100           1.0    986 09:57:37   23.6 (2 restrained)
 7     -1031.166           1.0    986 09:58:01   23.9 (2 restrained)
 8     -1031.484           1.0    986 09:58:25   23.7 (2 restrained)
 9     -1031.521           1.0    986 09:58:49   24.1 (1 restrained)
10     -1031.501           1.0    986 09:59:13   24.1 (1 restrained)
11     -1031.501           1.0    986 09:59:39   25.4 (1 restrained)
12     -1031.501           1.0    986 10:00:23   44.1
Model fitted using the sigma parameterization.
ASReml 4.1.0 Wed Oct  9 10:00:24 2024
          LogLik        Sigma2     DF     wall    cpu
 1     -1065.153           1.0    985 10:00:46   21.6
 2     -1043.893           1.0    985 10:01:10   24.4
 3     -1025.257           1.0    985 10:01:34   24.1
 4     -1018.310           1.0    985 10:01:58   24.1
 5     -1017.269           1.0    985 10:02:21   22.2
 6     -1017.232           1.0    985 10:02:42   21.3
 7     -1017.210           1.0    985 10:03:06   23.5
 8     -1017.190           1.0    985 10:03:29   23.3
 9     -1017.171           1.0    985 10:03:53   23.4
10     -1017.150           1.0    985 10:04:16   23.6
11     -1017.121           1.0    985 10:04:40   23.7
12     -1017.075           1.0    985 10:05:04   24.2
13     -1016.982           1.0    985 10:05:49   44.2
Model fitted using the sigma parameterization.
ASReml 4.1.0 Wed Oct  9 10:05:50 2024
          LogLik        Sigma2     DF     wall    cpu
 1     -1109.625           1.0    994 10:06:11   21.5
 2     -1087.235           1.0    994 10:06:36   24.4 (1 restrained)
 3     -1074.070           1.0    994 10:07:00   24.3
 4     -1062.516           1.0    994 10:07:24   24.2
 5     -1058.216           1.0    994 10:07:48   23.3
 6     -1057.370           1.0    994 10:08:10   21.8 (1 restrained)
 7     -1057.177           1.0    994 10:08:34   24.5 (2 restrained)
 8     -1056.972           1.0    994 10:08:59   24.4 (1 restrained)
 9     -1056.617           1.0    994 10:09:23   23.9 (1 restrained)
10     -1056.388           1.0    994 10:09:47   24.5 (1 restrained)
11     -1056.290           1.0    994 10:10:12   24.4 (2 restrained)
12     -1057.522           1.0    994 10:10:37   24.7
13     -1057.010           1.0    994 10:11:21   44.5 (1 restrained)
Model fitted using the sigma parameterization.
ASReml 4.1.0 Wed Oct  9 10:11:22 2024
          LogLik        Sigma2     DF     wall    cpu
 1     -1061.929           1.0    985 10:11:45   22.6
 2     -1040.012           1.0    985 10:12:10   24.6
 3     -1020.426           1.0    985 10:12:34   24.6 (1 restrained)
 4     -1013.715           1.0    985 10:13:00   25.4
 5     -1011.038           1.0    985 10:13:24   24.4 (2 restrained)
 6     -1011.324           1.0    985 10:13:46   21.6 (1 restrained)
 7     -1009.505           1.0    985 10:14:11   25.1 (2 restrained)
 8     -1011.693           1.0    985 10:14:36   24.8 (1 restrained)
 9     -1010.389           1.0    985 10:15:01   25.2 (1 restrained)
10     -1009.280           1.0    985 10:15:26   24.9 (2 restrained)
11     -1011.732           1.0    985 10:15:51   25.0 (1 restrained)
12     -1010.468           1.0    985 10:16:16   24.8
13     -1009.316           1.0    985 10:17:02   45.7
Model fitted using the sigma parameterization.
ASReml 4.1.0 Wed Oct  9 10:17:03 2024
          LogLik        Sigma2     DF     wall    cpu
 1     -1077.612           1.0    989 10:17:24   20.8
 2     -1055.959           1.0    989 10:17:48   23.4 (1 restrained)
 3     -1043.274           1.0    989 10:18:11   23.2
 4     -1032.447           1.0    989 10:18:34   23.4
 5     -1028.602           1.0    989 10:18:58   23.7
 6     -1028.001           1.0    989 10:19:21   22.5
 7     -1027.899           1.0    989 10:19:44   22.9 (1 restrained)
 8     -1027.829           1.0    989 10:20:08   24.0
 9     -1027.676           1.0    989 10:20:33   25.4 (1 restrained)
10     -1027.431           1.0    989 10:20:57   23.7 (2 restrained)
11     -1028.185           1.0    989 10:21:21   24.3 (1 restrained)
12     -1027.254           1.0    989 10:21:46   24.4 (1 restrained)
13     -1026.780           1.0    989 10:22:31   44.7 (2 restrained)
Model fitted using the sigma parameterization.
ASReml 4.1.0 Wed Oct  9 10:22:32 2024
          LogLik        Sigma2     DF     wall    cpu
 1     -1073.341           1.0    994 10:22:54   22.2
 2     -1052.148           1.0    994 10:23:19   24.5
 3     -1033.318           1.0    994 10:23:43   24.5 (1 restrained)
 4     -1027.141           1.0    994 10:24:08   24.3
 5     -1025.103           1.0    994 10:24:32   24.6
 6     -1024.835           1.0    994 10:24:55   22.6
 7     -1024.812           1.0    994 10:25:17   21.9
 8     -1024.798           1.0    994 10:25:42   24.5
 9     -1024.789           1.0    994 10:26:06   24.0
10     -1024.782           1.0    994 10:26:30   23.9
11     -1024.777           1.0    994 10:26:54   24.1
12     -1024.772           1.0    994 10:27:18   24.3
13     -1024.768           1.0    994 10:28:03   45.1
Model fitted using the sigma parameterization.
ASReml 4.1.0 Wed Oct  9 10:28:04 2024
          LogLik        Sigma2     DF     wall    cpu
 1     -1070.795           1.0    988 10:28:27   22.6
 2     -1048.864           1.0    988 10:28:52   24.9
 3     -1029.256           1.0    988 10:29:17   25.1
 4     -1021.300           1.0    988 10:29:42   25.1 (1 restrained)
 5     -1019.497           1.0    988 10:30:07   24.5 (2 restrained)
 6     -1019.765           1.0    988 10:30:31   23.9 (2 restrained)
 7     -1020.642           1.0    988 10:30:53   21.8 (3 restrained)
 8     -1021.407           1.0    988 10:31:18   25.0 (2 restrained)
 9     -1021.316           1.0    988 10:31:43   25.0 (2 restrained)
10     -1021.341           1.0    988 10:32:08   24.6 (1 restrained)
11     -1021.315           1.0    988 10:32:33   24.6 (2 restrained)
12     -1021.328           1.0    988 10:32:57   24.5
13     -1021.232           1.0    988 10:33:42   45.1
Model fitted using the sigma parameterization.
ASReml 4.1.0 Wed Oct  9 10:33:43 2024
          LogLik        Sigma2     DF     wall    cpu
 1     -1072.167           1.0    983 10:34:05   21.3
 2     -1050.053           1.0    983 10:34:28   22.9
 3     -1030.481           1.0    983 10:34:51   23.7
 4     -1022.880           1.0    983 10:35:15   23.9 (1 restrained)
 5     -1021.422           1.0    983 10:35:39   23.5 (1 restrained)
 6     -1020.583           1.0    983 10:36:03   23.9 (2 restrained)
 7     -1022.342           1.0    983 10:36:24   21.4 (2 restrained)
 8     -1020.229           1.0    983 10:36:47   22.5 (2 restrained)
 9     -1022.774           1.0    983 10:37:10   23.2 (2 restrained)
10     -1020.670           1.0    983 10:37:34   24.0 (1 restrained)
11     -1019.398           1.0    983 10:37:59   24.4 (2 restrained)
12     -1022.131           1.0    983 10:38:23   24.1 (1 restrained)
13     -1020.056           1.0    983 10:39:07   44.4
Model fitted using the sigma parameterization.
ASReml 4.1.0 Wed Oct  9 10:39:08 2024
          LogLik        Sigma2     DF     wall    cpu
 1     -1087.680           1.0    985 10:39:31   22.1
 2     -1066.891           1.0    985 10:39:55   24.4
 3     -1048.560           1.0    985 10:40:19   23.9
 4     -1041.607           1.0    985 10:40:44   24.4
 5     -1040.506           1.0    985 10:41:08   24.3
 6     -1040.449           1.0    985 10:41:33   24.8
 7     -1040.412           1.0    985 10:41:56   23.3
 8     -1040.379           1.0    985 10:42:18   21.3
 9     -1040.340           1.0    985 10:42:42   24.3
10     -1040.282           1.0    985 10:43:06   24.1 (1 restrained)
11     -1040.170           1.0    985 10:43:30   23.9
12     -1039.849           1.0    985 10:43:54   23.9 (1 restrained)
13     -1039.468           1.0    985 10:44:38   43.9 (2 restrained)
Model fitted using the sigma parameterization.
ASReml 4.1.0 Wed Oct  9 10:44:39 2024
          LogLik        Sigma2     DF     wall    cpu
 1     -1070.432           1.0    978 10:45:02   22.5
 2     -1048.221           1.0    978 10:45:27   25.4
 3     -1028.472           1.0    978 10:45:53   25.1
 4     -1020.617           1.0    978 10:46:18   25.0
 5     -1018.638           1.0    978 10:46:42   24.5 (3 restrained)
 6     -1020.070           1.0    978 10:47:07   25.1 (1 restrained)
 7     -1018.267           1.0    978 10:47:32   24.3 (1 restrained)
 8     -1017.402           1.0    978 10:47:54   21.8 (2 restrained)
 9     -1019.786           1.0    978 10:48:19   24.9 (2 restrained)
10     -1018.243           1.0    978 10:48:44   25.2 (1 restrained)
11     -1017.240           1.0    978 10:49:09   24.8 (2 restrained)
12     -1019.612           1.0    978 10:49:34   25.3
13     -1018.372           1.0    978 10:50:20   46.0 (1 restrained)
Model fitted using the sigma parameterization.
ASReml 4.1.0 Wed Oct  9 10:50:21 2024
          LogLik        Sigma2     DF     wall    cpu
 1     -1064.850           1.0    973 10:50:45   23.1
 2     -1042.820           1.0    973 10:51:10   25.2
 3     -1023.209           1.0    973 10:51:35   25.0
 4     -1015.448           1.0    973 10:52:00   24.9 (1 restrained)
 5     -1014.033           1.0    973 10:52:25   25.4 (1 restrained)
 6     -1013.318           1.0    973 10:52:51   25.4 (2 restrained)
 7     -1014.599           1.0    973 10:53:15   24.3 (1 restrained)
 8     -1013.274           1.0    973 10:53:38   22.4 (1 restrained)
 9     -1012.403           1.0    973 10:54:03   25.2 (2 restrained)
10     -1014.674           1.0    973 10:54:28   25.3 (1 restrained)
11     -1013.514           1.0    973 10:54:54   25.2 (1 restrained)
12     -1012.484           1.0    973 10:55:19   25.2 (2 restrained)
13     -1014.756           1.0    973 10:56:06   46.7
Model fitted using the sigma parameterization.
ASReml 4.1.0 Wed Oct  9 10:56:07 2024
          LogLik        Sigma2     DF     wall    cpu
 1     -1096.673           1.0    995 10:56:29   21.6
 2     -1074.608           1.0    995 10:56:52   23.4
 3     -1054.719           1.0    995 10:57:15   23.2 (1 restrained)
 4     -1047.613           1.0    995 10:57:39   23.2 (2 restrained)
 5     -1045.625           1.0    995 10:58:02   23.4 (2 restrained)
 6     -1046.289           1.0    995 10:58:26   23.5 (3 restrained)
 7     -1046.932           1.0    995 10:58:50   24.0 (2 restrained)
 8     -1047.053           1.0    995 10:59:12   22.2 (2 restrained)
 9     -1047.108           1.0    995 10:59:33   21.2 (1 restrained)
10     -1047.051           1.0    995 10:59:58   24.7 (2 restrained)
11     -1047.108           1.0    995 11:00:22   24.2 (1 restrained)
12     -1047.078           1.0    995 11:00:46   23.7
13     -1046.974           1.0    995 11:01:31   44.3
Model fitted using the sigma parameterization.
ASReml 4.1.0 Wed Oct  9 11:01:32 2024
          LogLik        Sigma2     DF     wall    cpu
 1     -1054.541           1.0    998 11:01:53   21.7
 2     -1033.090           1.0    998 11:02:18   24.4
 3     -1013.761           1.0    998 11:02:43   24.6
 4     -1005.942           1.0    998 11:03:08   25.1
 5     -1004.367           1.0    998 11:03:33   25.1
 6     -1003.953           1.0    998 11:03:57   24.4 (1 restrained)
 7     -1003.464           1.0    998 11:04:22   24.3 (1 restrained)
 8     -1003.005           1.0    998 11:04:45   23.1 (2 restrained)
 9     -1005.836           1.0    998 11:05:06   21.4
10     -1004.734           1.0    998 11:05:31   24.2 (1 restrained)
11     -1003.134           1.0    998 11:05:55   24.3 (1 restrained)
12     -1002.763           1.0    998 11:06:19   24.1 (2 restrained)
13     -1005.754           1.0    998 11:07:04   44.5
Model fitted using the sigma parameterization.
ASReml 4.1.0 Wed Oct  9 11:07:05 2024
          LogLik        Sigma2     DF     wall    cpu
 1     -1100.363           1.0    995 11:07:27   22.2
 2     -1079.161           1.0    995 11:07:52   24.9
 3     -1060.508           1.0    995 11:08:17   24.4 (1 restrained)
 4     -1054.562           1.0    995 11:08:41   24.5
 5     -1052.673           1.0    995 11:09:06   24.2
 6     -1052.459           1.0    995 11:09:29   23.2
 7     -1052.454           1.0    995 11:09:53   23.6
 8     -1052.451           1.0    995 11:10:16   23.2
 9     -1052.450           1.0    995 11:10:36   20.3
10     -1052.450           1.0    995 11:10:59   22.7
11     -1052.449           1.0    995 11:11:22   22.7
12     -1052.449           1.0    995 11:12:06   44.1
Model fitted using the sigma parameterization.
ASReml 4.1.0 Wed Oct  9 11:12:07 2024
          LogLik        Sigma2     DF     wall    cpu
 1     -1096.074           1.0    992 11:12:29   21.8
 2     -1074.962           1.0    992 11:12:53   24.1
 3     -1056.415           1.0    992 11:13:18   24.3
 4     -1049.467           1.0    992 11:13:41   23.8
 5     -1048.399           1.0    992 11:14:06   24.2
 6     -1048.326           1.0    992 11:14:30   23.9
 7     -1048.255           1.0    992 11:14:54   24.2
 8     -1048.162           1.0    992 11:15:18   24.0 (1 restrained)
 9     -1047.999           1.0    992 11:15:42   24.3
10     -1047.627           1.0    992 11:16:05   23.0 (1 restrained)
11     -1047.223           1.0    992 11:16:27   21.9 (1 restrained)
12     -1047.038           1.0    992 11:16:51   23.6 (1 restrained)
13     -1046.972           1.0    992 11:17:36   44.4 (1 restrained)
Model fitted using the sigma parameterization.
ASReml 4.1.0 Wed Oct  9 11:17:37 2024
          LogLik        Sigma2     DF     wall    cpu
 1     -1072.224           1.0    981 11:17:59   21.8
 2     -1051.618           1.0    981 11:18:23   24.8
 3     -1033.391           1.0    981 11:18:48   24.7
 4     -1026.352           1.0    981 11:19:13   24.8
 5     -1024.981           1.0    981 11:19:38   24.9
 6     -1024.543           1.0    981 11:20:03   24.8 (1 restrained)
 7     -1024.096           1.0    981 11:20:28   24.8 (1 restrained)
 8     -1023.753           1.0    981 11:20:52   24.4 (1 restrained)
 9     -1023.637           1.0    981 11:21:17   24.6 (1 restrained)
10     -1023.596           1.0    981 11:21:41   24.4 (1 restrained)
11     -1023.583           1.0    981 11:22:03   21.7 (1 restrained)
12     -1023.578           1.0    981 11:22:28   25.0 (1 restrained)
13     -1023.578           1.0    981 11:23:13   45.0
Model fitted using the sigma parameterization.
ASReml 4.1.0 Wed Oct  9 11:23:14 2024
          LogLik        Sigma2     DF     wall    cpu
 1     -1070.667           1.0    982 11:23:37   22.4
 2     -1047.752           1.0    982 11:24:01   24.1
 3     -1026.845           1.0    982 11:24:25   23.4
 4     -1017.554           1.0    982 11:24:48   23.5 (2 restrained)
 5     -1017.157           1.0    982 11:25:12   23.9 (2 restrained)
 6     -1015.399           1.0    982 11:25:35   23.0 (2 restrained)
 7     -1017.478           1.0    982 11:25:59   23.4 (2 restrained)
 8     -1015.726           1.0    982 11:26:22   22.8 (2 restrained)
 9     -1014.936           1.0    982 11:26:45   23.5 (2 restrained)
10     -1017.201           1.0    982 11:27:09   23.6 (2 restrained)
11     -1015.502           1.0    982 11:27:31   21.7 (1 restrained)
12     -1014.913           1.0    982 11:27:53   21.9
13     -1015.240           1.0    982 11:28:37   44.6 (1 restrained)
Model fitted using the sigma parameterization.
ASReml 4.1.0 Wed Oct  9 11:28:38 2024
          LogLik        Sigma2     DF     wall    cpu
 1     -1037.090           1.0    976 11:29:00   21.9
 2     -1016.144           1.0    976 11:29:24   23.9 (1 restrained)
 3     -1003.915           1.0    976 11:29:49   24.5
 4      -993.711           1.0    976 11:30:14   24.8
 5      -990.236           1.0    976 11:30:39   24.8
 6      -989.791           1.0    976 11:31:03   24.4
 7      -989.778           1.0    976 11:31:27   23.9
 8      -989.774           1.0    976 11:31:52   24.7
 9      -989.772           1.0    976 11:32:17   24.5
10      -989.771           1.0    976 11:32:41   24.3
11      -989.771           1.0    976 11:33:04   23.3
12      -989.771           1.0    976 11:33:47   42.5
Model fitted using the sigma parameterization.
ASReml 4.1.0 Wed Oct  9 11:33:48 2024
          LogLik        Sigma2     DF     wall    cpu
 1     -1109.527           1.0   1008 11:34:10   22.0
 2     -1087.085           1.0   1008 11:34:34   24.0
 3     -1067.073           1.0   1008 11:34:58   24.1
 4     -1059.064           1.0   1008 11:35:23   24.3
 5     -1056.883           1.0   1008 11:35:47   24.1 (2 restrained)
 6     -1056.403           1.0   1008 11:36:11   24.1 (2 restrained)
 7     -1056.767           1.0   1008 11:36:36   25.1 (3 restrained)
 8     -1057.296           1.0   1008 11:37:01   24.7 (2 restrained)
 9     -1057.238           1.0   1008 11:37:26   24.5 (1 restrained)
10     -1057.225           1.0   1008 11:37:50   24.5 (2 restrained)
11     -1057.236           1.0   1008 11:38:15   24.8 (1 restrained)
12     -1057.225           1.0   1008 11:38:39   23.4
13     -1057.106           1.0   1008 11:39:21   41.8
Model fitted using the sigma parameterization.
ASReml 4.1.0 Wed Oct  9 11:39:21 2024
          LogLik        Sigma2     DF     wall    cpu
 1     -1067.450           1.0    978 11:39:45   23.0
 2     -1045.127           1.0    978 11:40:10   25.7
 3     -1025.333           1.0    978 11:40:36   25.5
 4     -1017.656           1.0    978 11:41:02   25.6
 5     -1016.236           1.0    978 11:41:27   25.6
 6     -1015.850           1.0    978 11:41:53   25.4 (1 restrained)
 7     -1015.359           1.0    978 11:42:18   25.3 (2 restrained)
 8     -1017.080           1.0    978 11:42:44   25.3 (1 restrained)
 9     -1015.762           1.0    978 11:43:08   24.7 (1 restrained)
10     -1014.723           1.0    978 11:43:33   24.7 (2 restrained)
11     -1017.193           1.0    978 11:43:58   24.8 (1 restrained)
12     -1015.991           1.0    978 11:44:21   22.7 (1 restrained)
13     -1014.827           1.0    978 11:45:04   43.0
Model fitted using the sigma parameterization.
ASReml 4.1.0 Wed Oct  9 11:45:05 2024
          LogLik        Sigma2     DF     wall    cpu
 1     -1073.077           1.0    983 11:45:27   22.4
 2     -1051.793           1.0    983 11:45:53   25.1
 3     -1032.761           1.0    983 11:46:18   25.0
 4     -1025.188           1.0    983 11:46:43   25.0
 5     -1023.704           1.0    983 11:47:08   25.0
 6     -1023.402           1.0    983 11:47:33   24.8
 7     -1023.050           1.0    983 11:47:59   26.2 (1 restrained)
 8     -1022.683           1.0    983 11:48:24   25.1 (1 restrained)
 9     -1022.520           1.0    983 11:48:50   25.2 (1 restrained)
10     -1022.468           1.0    983 11:49:15   25.0 (1 restrained)
11     -1022.450           1.0    983 11:49:38   23.5 (1 restrained)
12     -1022.444           1.0    983 11:50:02   23.5 (1 restrained)
13     -1022.444           1.0    983 11:50:43   41.3
Model fitted using the sigma parameterization.
ASReml 4.1.0 Wed Oct  9 11:50:44 2024
          LogLik        Sigma2     DF     wall    cpu
 1     -1076.393           1.0    988 11:51:06   21.9
 2     -1054.806           1.0    988 11:51:30   23.8 (1 restrained)
 3     -1042.094           1.0    988 11:51:54   24.1
 4     -1031.435           1.0    988 11:52:18   23.9
 5     -1027.728           1.0    988 11:52:42   23.4
 6     -1027.235           1.0    988 11:53:06   24.0
 7     -1027.220           1.0    988 11:53:30   23.7
 8     -1027.213           1.0    988 11:53:54   24.2
 9     -1027.209           1.0    988 11:54:18   23.7
10     -1027.207           1.0    988 11:54:42   24.0
11     -1027.206           1.0    988 11:55:06   24.0
12     -1027.205           1.0    988 11:55:30   24.4
13     -1027.205           1.0    988 11:56:13   42.4
Model fitted using the sigma parameterization.
ASReml 4.1.0 Wed Oct  9 11:56:14 2024
          LogLik        Sigma2     DF     wall    cpu
 1     -1084.304           1.0    997 11:56:36   21.9
 2     -1063.065           1.0    997 11:57:00   23.8
 3     -1044.074           1.0    997 11:57:24   23.7
 4     -1036.141           1.0    997 11:57:47   23.8 (3 restrained)
 5     -1034.446           1.0    997 11:58:11   23.7 (2 restrained)
 6     -1035.075           1.0    997 11:58:36   24.2 (3 restrained)
 7     -1035.932           1.0    997 11:59:01   25.1 (2 restrained)
 8     -1035.813           1.0    997 11:59:25   23.8 (2 restrained)
 9     -1036.118           1.0    997 11:59:48   23.4 (1 restrained)
10     -1035.810           1.0    997 12:00:12   23.8 (2 restrained)
11     -1035.937           1.0    997 12:00:35   23.2 (2 restrained)
12     -1035.937           1.0    997 12:00:59   23.4 (1 restrained)
13     -1035.937           1.0    997 12:01:42   43.0
Model fitted using the sigma parameterization.
ASReml 4.1.0 Wed Oct  9 12:01:43 2024
          LogLik        Sigma2     DF     wall    cpu
 1     -1082.049           1.0    993 12:02:03   20.5
 2     -1060.256           1.0    993 12:02:27   23.3
 3     -1040.926           1.0    993 12:02:51   24.7
 4     -1033.354           1.0    993 12:03:15   23.9
 5     -1031.625           1.0    993 12:03:39   23.9 (1 restrained)
 6     -1031.038           1.0    993 12:04:04   24.2 (2 restrained)
 7     -1030.448           1.0    993 12:04:27   23.3 (2 restrained)
 8     -1033.374           1.0    993 12:04:51   23.8 (1 restrained)
 9     -1031.689           1.0    993 12:05:15   23.6 (1 restrained)
10     -1030.360           1.0    993 12:05:39   23.8 (2 restrained)
11     -1029.997           1.0    993 12:06:02   23.5 (2 restrained)
12     -1033.684           1.0    993 12:06:25   23.3
13     -1031.918           1.0    993 12:07:09   43.3
Model fitted using the sigma parameterization.
ASReml 4.1.0 Wed Oct  9 12:07:10 2024
          LogLik        Sigma2     DF     wall    cpu
 1     -1090.461           1.0   1000 12:07:30   20.0
 2     -1068.373           1.0   1000 12:07:55   24.6
 3     -1048.750           1.0   1000 12:08:19   24.4
 4     -1041.047           1.0   1000 12:08:43   24.2
 5     -1039.367           1.0   1000 12:09:08   24.6 (1 restrained)
 6     -1038.672           1.0   1000 12:09:34   25.7 (2 restrained)
 7     -1041.298           1.0   1000 12:09:58   24.4 (1 restrained)
 8     -1039.566           1.0   1000 12:10:23   24.7 (1 restrained)
 9     -1038.191           1.0   1000 12:10:48   24.4 (2 restrained)
10     -1041.622           1.0   1000 12:11:12   24.4 (1 restrained)
11     -1040.000           1.0   1000 12:11:37   24.6 (1 restrained)
12     -1038.407           1.0   1000 12:12:02   25.1
13     -1037.728           1.0   1000 12:12:47   45.2
Model fitted using the sigma parameterization.
ASReml 4.1.0 Wed Oct  9 12:12:48 2024
          LogLik        Sigma2     DF     wall    cpu
 1     -1084.849           1.0    983 12:13:07   18.7
 2     -1063.655           1.0    983 12:13:32   24.9
 3     -1045.058           1.0    983 12:13:57   25.1
 4     -1038.110           1.0    983 12:14:22   24.9
 5     -1037.066           1.0    983 12:14:47   25.1
 6     -1037.029           1.0    983 12:15:12   24.7
 7     -1037.008           1.0    983 12:15:37   25.1
 8     -1036.992           1.0    983 12:16:02   24.6
 9     -1036.977           1.0    983 12:16:26   23.7
10     -1036.961           1.0    983 12:16:50   24.2
11     -1036.944           1.0    983 12:17:14   23.8
12     -1036.921           1.0    983 12:17:37   23.4
13     -1036.887           1.0    983 12:18:22   44.9
Model fitted using the sigma parameterization.
ASReml 4.1.0 Wed Oct  9 12:18:24 2024
          LogLik        Sigma2     DF     wall    cpu
 1     -1034.335           1.0    985 12:18:42   17.7
 2     -1012.608           1.0    985 12:19:04   22.7
 3      -993.239           1.0    985 12:19:29   24.4
 4      -985.704           1.0    985 12:19:53   23.8
 5      -984.491           1.0    985 12:20:17   24.0
 6      -984.446           1.0    985 12:20:41   24.0
 7      -984.425           1.0    985 12:21:05   24.1
 8      -984.411           1.0    985 12:21:29   23.6
 9      -984.401           1.0    985 12:21:55   26.2
10      -984.392           1.0    985 12:22:22   27.1
11      -984.384           1.0    985 12:22:47   25.0
12      -984.375           1.0    985 12:23:12   24.8 (1 restrained)
13      -984.366           1.0    985 12:23:58   46.0 (1 restrained)
Model fitted using the sigma parameterization.
ASReml 4.1.0 Wed Oct  9 12:23:59 2024
          LogLik        Sigma2     DF     wall    cpu
 1     -1108.708           1.0    990 12:24:21   21.6
 2     -1086.484           1.0    990 12:24:42   20.8
 3     -1066.696           1.0    990 12:25:08   25.6
 4     -1058.860           1.0    990 12:25:32   24.5
 5     -1057.024           1.0    990 12:25:56   24.1 (3 restrained)
 6     -1057.554           1.0    990 12:26:20   23.8 (1 restrained)
 7     -1056.066           1.0    990 12:26:44   23.2 (2 restrained)
 8     -1057.383           1.0    990 12:27:08   24.1 (1 restrained)
 9     -1056.409           1.0    990 12:27:32   24.2 (2 restrained)
10     -1055.653           1.0    990 12:27:57   24.6 (2 restrained)
11     -1057.520           1.0    990 12:28:21   24.2 (2 restrained)
12     -1056.561           1.0    990 12:28:45   23.9 (1 restrained)
13     -1055.521           1.0    990 12:29:30   45.1
Model fitted using the sigma parameterization.
ASReml 4.1.0 Wed Oct  9 12:29:31 2024
          LogLik        Sigma2     DF     wall    cpu
 1     -1064.937           1.0    981 12:29:53   21.8
 2     -1043.820           1.0    981 12:30:16   23.1
 3     -1024.803           1.0    981 12:30:38   21.8
 4     -1016.755           1.0    981 12:31:02   23.9 (3 restrained)
 5     -1016.613           1.0    981 12:31:26   24.2 (1 restrained)
 6     -1014.233           1.0    981 12:31:51   24.4 (3 restrained)
 7     -1017.436           1.0    981 12:32:15   24.4 (1 restrained)
 8     -1015.597           1.0    981 12:32:40   24.7 (1 restrained)
 9     -1014.113           1.0    981 12:33:05   24.6 (2 restrained)
10     -1017.401           1.0    981 12:33:29   24.2 (1 restrained)
11     -1015.684           1.0    981 12:33:53   24.0 (1 restrained)
12     -1014.429           1.0    981 12:34:17   23.7
13     -1013.749           1.0    981 12:35:01   43.9
Model fitted using the sigma parameterization.
ASReml 4.1.0 Wed Oct  9 12:35:02 2024
          LogLik        Sigma2     DF     wall    cpu
 1     -1090.758           1.0    987 12:35:24   21.3
 2     -1069.004           1.0    987 12:35:47   23.4
 3     -1049.566           1.0    987 12:36:09   22.0
 4     -1041.619           1.0    987 12:36:33   23.0 (2 restrained)
 5     -1039.913           1.0    987 12:36:56   23.9 (2 restrained)
 6     -1039.936           1.0    987 12:37:20   23.6 (3 restrained)
 7     -1040.176           1.0    987 12:37:44   23.8 (2 restrained)
 8     -1040.288           1.0    987 12:38:08   24.1 (2 restrained)
 9     -1040.286           1.0    987 12:38:32   23.7 (1 restrained)
10     -1040.285           1.0    987 12:38:56   23.7 (2 restrained)
11     -1040.285           1.0    987 12:39:20   24.1 (1 restrained)
12     -1040.285           1.0    987 12:39:45   25.3 (2 restrained)
13     -1040.285           1.0    987 12:40:30   44.4 (1 restrained)
Model fitted using the sigma parameterization.
ASReml 4.1.0 Wed Oct  9 12:40:31 2024
          LogLik        Sigma2     DF     wall    cpu
 1     -1049.136           1.0    985 12:40:54   22.8
 2     -1027.829           1.0    985 12:41:19   24.9
 3     -1009.106           1.0    985 12:41:42   23.5
 4     -1002.080           1.0    985 12:42:04   21.6 (1 restrained)
 5     -1001.094           1.0    985 12:42:29   24.5
 6     -1000.857           1.0    985 12:42:54   25.4
 7     -1000.745           1.0    985 12:43:19   24.7
 8     -1000.617           1.0    985 12:43:44   24.9
 9     -1000.386           1.0    985 12:44:09   24.8 (1 restrained)
10     -1000.006           1.0    985 12:44:33   24.1 (1 restrained)
11      -999.815           1.0    985 12:44:58   25.5 (2 restrained)
12     -1004.401           1.0    985 12:45:23   24.6 (1 restrained)
13     -1002.270           1.0    985 12:46:08   44.9 (1 restrained)
Model fitted using the sigma parameterization.
ASReml 4.1.0 Wed Oct  9 12:46:09 2024
          LogLik        Sigma2     DF     wall    cpu
 1     -1106.743           1.0    995 12:46:32   22.0
 2     -1085.413           1.0    995 12:46:56   24.4
 3     -1066.423           1.0    995 12:47:19   22.6
 4     -1059.093           1.0    995 12:47:41   22.3
 5     -1057.965           1.0    995 12:48:06   24.4
 6     -1057.947           1.0    995 12:48:30   24.3
 7     -1057.944           1.0    995 12:48:54   24.2
 8     -1057.939           1.0    995 12:49:19   24.9
 9     -1057.935           1.0    995 12:49:44   24.9
10     -1057.933           1.0    995 12:50:09   24.9
11     -1057.931           1.0    995 12:50:34   24.6
12     -1057.929           1.0    995 12:50:59   25.2
13     -1057.928           1.0    995 12:51:45   45.4
Model fitted using the sigma parameterization.
ASReml 4.1.0 Wed Oct  9 12:51:46 2024
          LogLik        Sigma2     DF     wall    cpu
 1     -1050.120           1.0    982 12:52:09   23.0
 2     -1028.461           1.0    982 12:52:33   24.3
 3     -1009.364           1.0    982 12:52:57   24.0
 4     -1002.108           1.0    982 12:53:17   20.1 (1 restrained)
 5     -1001.046           1.0    982 12:53:42   24.3
 6     -1000.829           1.0    982 12:54:05   23.2
 7     -1000.679           1.0    982 12:54:28   23.2
 8     -1000.377           1.0    982 12:54:53   24.8 (1 restrained)
 9      -999.917           1.0    982 12:55:18   24.8 (2 restrained)
10     -1002.126           1.0    982 12:55:42   24.2 (1 restrained)
11     -1000.632           1.0    982 12:56:07   24.2 (1 restrained)
12      -999.437           1.0    982 12:56:30   23.6 (2 restrained)
13     -1002.298           1.0    982 12:57:16   45.2 (1 restrained)
Model fitted using the sigma parameterization.
ASReml 4.1.0 Wed Oct  9 12:57:17 2024
          LogLik        Sigma2     DF     wall    cpu
 1     -1085.803           1.0    990 12:57:39   22.1
 2     -1063.328           1.0    990 12:58:03   23.8
 3     -1042.841           1.0    990 12:58:26   23.5
 4     -1033.794           1.0    990 12:58:49   22.1 (2 restrained)
 5     -1032.250           1.0    990 12:59:11   22.6 (3 restrained)
 6     -1033.114           1.0    990 12:59:36   24.2 (1 restrained)
 7     -1032.001           1.0    990 13:00:00   24.4 (1 restrained)
 8     -1031.049           1.0    990 13:00:25   24.6 (2 restrained)
 9     -1032.485           1.0    990 13:00:49   23.8 (1 restrained)
10     -1031.679           1.0    990 13:01:13   24.0 (2 restrained)
11     -1031.055           1.0    990 13:01:37   24.2 (2 restrained)
12     -1032.627           1.0    990 13:02:02   24.5 (1 restrained)
13     -1031.759           1.0    990 13:02:47   44.8
Model fitted using the sigma parameterization.
ASReml 4.1.0 Wed Oct  9 13:02:48 2024
          LogLik        Sigma2     DF     wall    cpu
 1     -1065.423           1.0    988 13:03:10   22.3
 2     -1044.317           1.0    988 13:03:35   24.4
 3     -1025.487           1.0    988 13:03:59   24.2
 4     -1018.091           1.0    988 13:04:23   23.6
 5     -1016.769           1.0    988 13:04:45   22.4
 6     -1016.595           1.0    988 13:05:10   24.6
 7     -1016.403           1.0    988 13:05:35   24.8
 8     -1016.116           1.0    988 13:05:59   24.6 (2 restrained)
 9     -1015.801           1.0    988 13:06:23   23.7 (1 restrained)
10     -1015.515           1.0    988 13:06:47   24.2 (1 restrained)
11     -1015.392           1.0    988 13:07:12   24.7 (1 restrained)
12     -1015.337           1.0    988 13:07:37   24.9 (1 restrained)
13     -1015.320           1.0    988 13:08:23   45.5 (1 restrained)
Model fitted using the sigma parameterization.
ASReml 4.1.0 Wed Oct  9 13:08:24 2024
          LogLik        Sigma2     DF     wall    cpu
 1     -1090.867           1.0   1005 13:08:47   22.7
 2     -1069.217           1.0   1005 13:09:12   25.1
 3     -1050.151           1.0   1005 13:09:37   24.5
 4     -1042.923           1.0   1005 13:10:00   23.6
 5     -1041.673           1.0   1005 13:10:22   21.9
 6     -1041.364           1.0   1005 13:10:47   24.4
 7     -1040.763           1.0   1005 13:11:10   23.5 (2 restrained)
 8     -1041.647           1.0   1005 13:11:34   24.1 (2 restrained)
 9     -1042.855           1.0   1005 13:11:57   22.7 (3 restrained)
10     -1043.443           1.0   1005 13:12:20   22.7 (2 restrained)
11     -1043.436           1.0   1005 13:12:43   23.3 (2 restrained)
12     -1043.565           1.0   1005 13:13:07   23.4 (1 restrained)
13     -1043.429           1.0   1005 13:13:51   43.8
Model fitted using the sigma parameterization.
ASReml 4.1.0 Wed Oct  9 13:13:52 2024
          LogLik        Sigma2     DF     wall    cpu
 1     -1094.496           1.0    982 13:14:15   22.3
 2     -1071.616           1.0    982 13:14:40   25.8
 3     -1051.192           1.0    982 13:15:06   25.1
 4     -1043.062           1.0    982 13:15:31   24.8
 5     -1041.425           1.0    982 13:15:54   23.6 (1 restrained)
 6     -1041.084           1.0    982 13:16:17   23.2 (2 restrained)
 7     -1040.816           1.0    982 13:16:42   24.7 (2 restrained)
 8     -1041.737           1.0    982 13:17:07   24.7 (1 restrained)
 9     -1041.085           1.0    982 13:17:32   25.0 (2 restrained)
10     -1040.713           1.0    982 13:17:57   24.9 (1 restrained)
11     -1040.536           1.0    982 13:18:23   25.5 (2 restrained)
12     -1041.748           1.0    982 13:18:48   25.4 (1 restrained)
13     -1041.142           1.0    982 13:19:34   45.5 (1 restrained)
Model fitted using the sigma parameterization.
ASReml 4.1.0 Wed Oct  9 13:19:35 2024
          LogLik        Sigma2     DF     wall    cpu
 1     -1046.818           1.0    976 13:19:58   22.9
 2     -1025.532           1.0    976 13:20:23   24.5
 3     -1006.486           1.0    976 13:20:48   24.9
 4      -998.804           1.0    976 13:21:13   25.7
 5      -996.746           1.0    976 13:21:36   23.0 (2 restrained)
 6      -999.706           1.0    976 13:21:59   22.9 (1 restrained)
 7      -997.359           1.0    976 13:22:24   24.6 (1 restrained)
 8      -995.681           1.0    976 13:22:49   24.5 (2 restrained)
 9     -1000.283           1.0    976 13:23:13   24.2 (1 restrained)
10      -998.112           1.0    976 13:23:37   24.0 (1 restrained)
11      -996.023           1.0    976 13:24:01   24.3
12      -995.187           1.0    976 13:24:26   24.2
13      -995.162           1.0    976 13:25:11   44.7
Model fitted using the sigma parameterization.
ASReml 4.1.0 Wed Oct  9 13:25:12 2024
          LogLik        Sigma2     DF     wall    cpu
 1     -1084.129           1.0    988 13:25:35   22.8
 2     -1062.860           1.0    988 13:25:59   24.9
 3     -1044.082           1.0    988 13:26:25   25.6
 4     -1036.927           1.0    988 13:26:50   24.9
 5     -1035.722           1.0    988 13:27:14   23.8
 6     -1035.544           1.0    988 13:27:35   21.1
 7     -1035.310           1.0    988 13:27:59   23.8 (1 restrained)
 8     -1034.861           1.0    988 13:28:23   23.4 (2 restrained)
 9     -1036.664           1.0    988 13:28:46   23.4 (1 restrained)
10     -1035.215           1.0    988 13:29:10   23.9 (1 restrained)
11     -1034.222           1.0    988 13:29:35   24.4 (2 restrained)
12     -1036.873           1.0    988 13:29:59   24.4 (1 restrained)
13     -1035.541           1.0    988 13:30:44   44.5 (1 restrained)
Model fitted using the sigma parameterization.
ASReml 4.1.0 Wed Oct  9 13:30:45 2024
          LogLik        Sigma2     DF     wall    cpu
 1     -1077.125           1.0    992 13:31:08   23.1
 2     -1055.761           1.0    992 13:31:33   25.0
 3     -1036.959           1.0    992 13:31:58   24.6 (1 restrained)
 4     -1030.885           1.0    992 13:32:22   23.6
 5     -1028.972           1.0    992 13:32:45   23.1
 6     -1028.652           1.0    992 13:33:09   23.6
 7     -1028.526           1.0    992 13:33:30   21.5
 8     -1028.378           1.0    992 13:33:53   23.0
 9     -1028.158           1.0    992 13:34:16   22.7
10     -1027.795           1.0    992 13:34:39   23.4 (1 restrained)
11     -1027.611           1.0    992 13:35:04   24.2 (1 restrained)
12     -1027.553           1.0    992 13:35:28   24.1 (1 restrained)
13     -1027.535           1.0    992 13:36:13   44.5 (1 restrained)
Model fitted using the sigma parameterization.
ASReml 4.1.0 Wed Oct  9 13:36:14 2024
          LogLik        Sigma2     DF     wall    cpu
 1     -1040.394           1.0    979 13:36:36   22.0
 2     -1019.055           1.0    979 13:37:00   24.3
 3     -1000.020           1.0    979 13:37:25   24.4
 4      -992.531           1.0    979 13:37:50   25.7
 5      -991.206           1.0    979 13:38:15   24.9
 6      -991.090           1.0    979 13:38:40   25.0
 7      -990.993           1.0    979 13:39:04   23.1
 8      -990.853           1.0    979 13:39:27   23.3 (1 restrained)
 9      -990.532           1.0    979 13:39:53   25.7 (1 restrained)
10      -990.243           1.0    979 13:40:18   25.4 (1 restrained)
11      -990.114           1.0    979 13:40:44   25.6 (2 restrained)
12      -992.598           1.0    979 13:41:09   25.1 (1 restrained)
13      -991.914           1.0    979 13:41:54   44.3 (1 restrained)
Model fitted using the sigma parameterization.
ASReml 4.1.0 Wed Oct  9 13:41:55 2024
          LogLik        Sigma2     DF     wall    cpu
 1     -1080.912           1.0    978 13:42:18   22.7
 2     -1060.157           1.0    978 13:42:43   24.5
 3     -1041.788           1.0    978 13:43:07   24.1
 4     -1034.663           1.0    978 13:43:33   25.8
 5     -1033.159           1.0    978 13:43:57   24.3 (1 restrained)
 6     -1032.602           1.0    978 13:44:22   24.3 (1 restrained)
 7     -1031.986           1.0    978 13:44:45   23.2 (2 restrained)
 8     -1034.298           1.0    978 13:45:07   21.9
 9     -1032.983           1.0    978 13:45:32   25.6 (1 restrained)
10     -1031.657           1.0    978 13:45:58   25.6 (1 restrained)
11     -1031.459           1.0    978 13:46:24   25.5 (2 restrained)
12     -1034.186           1.0    978 13:46:50   25.6
13     -1032.980           1.0    978 13:47:36   46.6 (1 restrained)
Model fitted using the sigma parameterization.
ASReml 4.1.0 Wed Oct  9 13:47:37 2024
          LogLik        Sigma2     DF     wall    cpu
 1     -1081.056           1.0    989 13:47:59   21.9
 2     -1058.543           1.0    989 13:48:24   24.4 (1 restrained)
 3     -1045.302           1.0    989 13:48:48   24.6
 4     -1033.931           1.0    989 13:49:13   24.9
 5     -1029.811           1.0    989 13:49:38   24.9
 6     -1029.124           1.0    989 13:50:03   24.9
 7     -1028.970           1.0    989 13:50:28   24.6 (1 restrained)
 8     -1028.797           1.0    989 13:50:52   23.3 (1 restrained)
 9     -1028.463           1.0    989 13:51:15   23.4 (3 restrained)
10     -1029.552           1.0    989 13:51:41   25.9 (1 restrained)
11     -1028.370           1.0    989 13:52:06   25.0 (2 restrained)
12     -1029.302           1.0    989 13:52:31   25.1 (1 restrained)
13     -1028.675           1.0    989 13:53:18   46.1 (3 restrained)
Model fitted using the sigma parameterization.
ASReml 4.1.0 Wed Oct  9 13:53:18 2024
          LogLik        Sigma2     DF     wall    cpu
 1     -1104.282           1.0   1001 13:53:43   24.2
 2     -1081.967           1.0   1001 13:54:09   26.0
 3     -1061.929           1.0   1001 13:54:35   25.5 (1 restrained)
 4     -1054.869           1.0   1001 13:55:00   25.0 (1 restrained)
 5     -1051.607           1.0   1001 13:55:25   24.7 (2 restrained)
 6     -1053.155           1.0   1001 13:55:50   25.2 (1 restrained)
 7     -1051.411           1.0   1001 13:56:16   25.6 (1 restrained)
 8     -1050.289           1.0   1001 13:56:41   25.0 (2 restrained)
 9     -1053.407           1.0   1001 13:57:04   23.4 (1 restrained)
10     -1051.792           1.0   1001 13:57:30   25.5 (1 restrained)
11     -1050.420           1.0   1001 13:57:56   25.7
12     -1050.019           1.0   1001 13:58:21   25.2
13     -1050.012           1.0   1001 13:59:06   45.3
Model fitted using the sigma parameterization.
ASReml 4.1.0 Wed Oct  9 13:59:07 2024
          LogLik        Sigma2     DF     wall    cpu
 1     -1016.342           1.0    970 13:59:31   23.6
 2      -995.724           1.0    970 13:59:57   25.2
 3      -977.463           1.0    970 14:00:22   25.5
 4      -970.515           1.0    970 14:00:48   25.7
 5      -969.478           1.0    970 14:01:14   25.6
 6      -969.469           1.0    970 14:01:39   25.7
 7      -969.468           1.0    970 14:02:06   26.7
 8      -969.467           1.0    970 14:02:33   26.2
 9      -969.466           1.0    970 14:02:58   25.1
10      -969.466           1.0    970 14:03:23   24.7
11      -969.466           1.0    970 14:04:10   46.9
Model fitted using the sigma parameterization.
ASReml 4.1.0 Wed Oct  9 14:04:11 2024
          LogLik        Sigma2     DF     wall    cpu
 1     -1073.389           1.0    980 14:04:34   23.7
 2     -1050.640           1.0    980 14:05:01   26.2
 3     -1030.174           1.0    980 14:05:26   25.6 (1 restrained)
 4     -1022.898           1.0    980 14:05:52   25.1 (2 restrained)
 5     -1020.008           1.0    980 14:06:17   25.1 (2 restrained)
 6     -1020.103           1.0    980 14:06:42   25.1 (3 restrained)
 7     -1020.545           1.0    980 14:07:07   25.2 (2 restrained)
 8     -1020.662           1.0    980 14:07:32   24.9 (2 restrained)
 9     -1020.676           1.0    980 14:07:57   24.7 (1 restrained)
10     -1020.661           1.0    980 14:08:22   24.9 (2 restrained)
11     -1020.675           1.0    980 14:08:47   25.3 (1 restrained)
12     -1020.661           1.0    980 14:09:11   23.0
13     -1020.581           1.0    980 14:09:56   45.5
Model fitted using the sigma parameterization.
ASReml 4.1.0 Wed Oct  9 14:09:57 2024
          LogLik        Sigma2     DF     wall    cpu
 1     -1085.244           1.0    988 14:10:20   22.5
 2     -1064.225           1.0    988 14:10:45   25.0
 3     -1045.551           1.0    988 14:11:10   25.0
 4     -1038.248           1.0    988 14:11:35   25.0 (1 restrained)
 5     -1036.990           1.0    988 14:12:01   25.3
 6     -1036.492           1.0    988 14:12:27   26.0 (1 restrained)
 7     -1036.000           1.0    988 14:12:52   25.1 (2 restrained)
 8     -1037.836           1.0    988 14:13:17   25.4 (2 restrained)
 9     -1039.006           1.0    988 14:13:43   25.8 (3 restrained)
10     -1039.541           1.0    988 14:14:09   25.3 (2 restrained)
11     -1039.460           1.0    988 14:14:34   25.6 (2 restrained)
12     -1039.645           1.0    988 14:15:02   27.2 (1 restrained)
13     -1039.460           1.0    988 14:15:47   45.1
Model fitted using the sigma parameterization.
ASReml 4.1.0 Wed Oct  9 14:15:48 2024
          LogLik        Sigma2     DF     wall    cpu
 1     -1117.358           1.0   1003 14:16:11   22.7
 2     -1095.318           1.0   1003 14:16:36   25.1
 3     -1075.620           1.0   1003 14:17:01   24.9
 4     -1067.567           1.0   1003 14:17:26   24.9 (1 restrained)
 5     -1065.558           1.0   1003 14:17:51   25.0 (2 restrained)
 6     -1066.324           1.0   1003 14:18:17   25.7 (1 restrained)
 7     -1065.035           1.0   1003 14:18:42   25.6 (1 restrained)
 8     -1064.370           1.0   1003 14:19:08   25.7 (1 restrained)
 9     -1064.242           1.0   1003 14:19:34   25.5 (1 restrained)
10     -1064.228           1.0   1003 14:19:59   25.4 (1 restrained)
11     -1064.224           1.0   1003 14:20:25   25.3 (1 restrained)
12     -1064.224           1.0   1003 14:20:50   25.0
13     -1064.224           1.0   1003 14:21:34   44.2
Model fitted using the sigma parameterization.
ASReml 4.1.0 Wed Oct  9 14:21:35 2024
          LogLik        Sigma2     DF     wall    cpu
 1     -1092.950           1.0    998 14:21:58   23.0
 2     -1071.122           1.0    998 14:22:23   25.2
 3     -1051.897           1.0    998 14:22:49   25.3
 4     -1044.597           1.0    998 14:23:14   25.3
 5     -1043.343           1.0    998 14:23:39   25.0
 6     -1043.125           1.0    998 14:24:05   25.1
 7     -1042.823           1.0    998 14:24:30   24.9 (1 restrained)
 8     -1042.264           1.0    998 14:24:55   25.1 (2 restrained)
 9     -1044.712           1.0    998 14:25:20   25.5 (1 restrained)
10     -1043.223           1.0    998 14:25:46   25.4 (1 restrained)
11     -1042.024           1.0    998 14:26:11   25.4 (2 restrained)
12     -1044.983           1.0    998 14:26:36   24.9 (1 restrained)
13     -1043.554           1.0    998 14:27:21   44.4 (1 restrained)
Model fitted using the sigma parameterization.
ASReml 4.1.0 Wed Oct  9 14:27:22 2024
          LogLik        Sigma2     DF     wall    cpu
 1     -1079.210           1.0    988 14:27:45   22.7
 2     -1056.974           1.0    988 14:28:11   25.6
 3     -1037.076           1.0    988 14:28:36   25.5
 4     -1028.957           1.0    988 14:29:02   25.7
 5     -1026.992           1.0    988 14:29:27   25.5 (1 restrained)
 6     -1026.170           1.0    988 14:29:53   25.5 (1 restrained)
 7     -1025.835           1.0    988 14:30:18   25.0 (1 restrained)
 8     -1025.693           1.0    988 14:30:44   25.2 (1 restrained)
 9     -1025.645           1.0    988 14:31:09   25.8 (1 restrained)
10     -1025.628           1.0    988 14:31:35   25.5 (1 restrained)
11     -1025.623           1.0    988 14:32:01   26.2 (1 restrained)
12     -1025.623           1.0    988 14:32:27   25.9
13     -1025.623           1.0    988 14:33:13   45.9
Model fitted using the sigma parameterization.
ASReml 4.1.0 Wed Oct  9 14:33:14 2024
          LogLik        Sigma2     DF     wall    cpu
 1     -1068.682           1.0    984 14:33:36   21.3
 2     -1048.003           1.0    984 14:34:02   25.8 (1 restrained)
 3     -1035.908           1.0    984 14:34:28   25.9
 4     -1025.769           1.0    984 14:34:54   25.9
 5     -1022.296           1.0    984 14:35:19   25.6
 6     -1021.856           1.0    984 14:35:45   25.3
 7     -1021.850           1.0    984 14:36:10   25.1
 8     -1021.849           1.0    984 14:36:35   24.7
 9     -1021.848           1.0    984 14:36:59   24.2
10     -1021.848           1.0    984 14:37:45   45.3
Model fitted using the sigma parameterization.
ASReml 4.1.0 Wed Oct  9 14:37:46 2024
          LogLik        Sigma2     DF     wall    cpu
 1     -1079.341           1.0    988 14:38:10   23.9
 2     -1058.656           1.0    988 14:38:35   25.2
 3     -1040.100           1.0    988 14:39:01   25.2 (1 restrained)
 4     -1033.846           1.0    988 14:39:24   23.4
 5     -1030.876           1.0    988 14:39:49   24.3 (2 restrained)
 6     -1031.497           1.0    988 14:40:14   25.1 (2 restrained)
 7     -1033.107           1.0    988 14:40:39   24.9 (2 restrained)
 8     -1033.597           1.0    988 14:41:04   24.8 (2 restrained)
 9     -1033.659           1.0    988 14:41:29   25.2 (1 restrained)
10     -1033.643           1.0    988 14:41:54   25.4 (2 restrained)
11     -1033.654           1.0    988 14:42:20   25.1 (1 restrained)
12     -1033.643           1.0    988 14:42:45   25.4
13     -1033.633           1.0    988 14:43:31   45.7
Model fitted using the sigma parameterization.
ASReml 4.1.0 Wed Oct  9 14:43:32 2024
          LogLik        Sigma2     DF     wall    cpu
 1     -1064.659           1.0    986 14:43:57   23.7
 2     -1042.309           1.0    986 14:44:23   26.1
 3     -1022.448           1.0    986 14:44:50   26.7
 4     -1014.572           1.0    986 14:45:15   25.5
 5     -1012.671           1.0    986 14:45:39   23.5 (2 restrained)
 6     -1013.450           1.0    986 14:46:05   25.7 (1 restrained)
 7     -1012.048           1.0    986 14:46:31   26.0 (1 restrained)
 8     -1011.306           1.0    986 14:46:56   25.8 (2 restrained)
 9     -1013.478           1.0    986 14:47:23   26.2 (1 restrained)
10     -1012.348           1.0    986 14:47:49   26.4 (1 restrained)
11     -1011.358           1.0    986 14:48:16   26.7 (2 restrained)
12     -1013.595           1.0    986 14:48:42   26.1 (1 restrained)
13     -1011.950           1.0    986 14:49:30   47.1
Model fitted using the sigma parameterization.
ASReml 4.1.0 Wed Oct  9 14:49:30 2024
          LogLik        Sigma2     DF     wall    cpu
 1     -1092.489           1.0    993 14:49:54   22.9
 2     -1070.172           1.0    993 14:50:19   24.9
 3     -1050.498           1.0    993 14:50:44   25.0
 4     -1043.024           1.0    993 14:51:09   25.3
 5     -1041.777           1.0    993 14:51:33   24.2
 6     -1041.621           1.0    993 14:51:57   23.2
 7     -1041.444           1.0    993 14:52:22   25.2
 8     -1041.127           1.0    993 14:52:48   26.1 (2 restrained)
 9     -1040.717           1.0    993 14:53:14   25.8 (2 restrained)
10     -1042.804           1.0    993 14:53:39   25.4 (1 restrained)
11     -1041.523           1.0    993 14:54:05   25.3 (2 restrained)
12     -1040.867           1.0    993 14:54:30   24.8 (1 restrained)
13     -1040.384           1.0    993 14:55:16   45.7 (1 restrained)
Model fitted using the sigma parameterization.
ASReml 4.1.0 Wed Oct  9 14:55:17 2024
          LogLik        Sigma2     DF     wall    cpu
 1     -1085.838           1.0    999 14:55:39   21.9
 2     -1064.789           1.0    999 14:56:03   24.8
 3     -1046.027           1.0    999 14:56:29   25.1
 4     -1038.607           1.0    999 14:56:54   24.9 (1 restrained)
 5     -1037.219           1.0    999 14:57:19   24.9
 6     -1036.442           1.0    999 14:57:43   24.0 (2 restrained)
 7     -1038.338           1.0    999 14:58:05   22.4 (1 restrained)
 8     -1036.650           1.0    999 14:58:31   25.6 (1 restrained)
 9     -1035.515           1.0    999 14:58:57   25.4 (2 restrained)
10     -1038.533           1.0    999 14:59:22   25.2 (1 restrained)
11     -1037.033           1.0    999 14:59:48   25.7 (1 restrained)
12     -1035.674           1.0    999 15:00:13   25.2
13     -1035.209           1.0    999 15:00:59   46.0
Model fitted using the sigma parameterization.
ASReml 4.1.0 Wed Oct  9 15:01:00 2024
          LogLik        Sigma2     DF     wall    cpu
 1     -1040.867           1.0    979 15:01:24   23.2
 2     -1019.937           1.0    979 15:01:49   25.6
 3     -1001.265           1.0    979 15:02:15   25.3
 4      -993.932           1.0    979 15:02:41   25.7
 5      -992.691           1.0    979 15:03:07   25.8
 6      -992.662           1.0    979 15:03:32   25.8
 7      -992.660           1.0    979 15:03:56   23.8
 8      -992.659           1.0    979 15:04:21   24.3
 9      -992.659           1.0    979 15:04:46   25.5
10      -992.659           1.0    979 15:05:32   46.0
Model fitted using the sigma parameterization.
ASReml 4.1.0 Wed Oct  9 15:05:33 2024
          LogLik        Sigma2     DF     wall    cpu
 1     -1092.356           1.0    983 15:05:57   23.0
 2     -1069.977           1.0    983 15:06:22   25.5
 3     -1050.295           1.0    983 15:06:48   25.7
 4     -1042.902           1.0    983 15:07:13   25.4
 5     -1041.803           1.0    983 15:07:40   26.3
 6     -1041.790           1.0    983 15:08:05   25.6
 7     -1041.786           1.0    983 15:08:31   25.4
 8     -1041.782           1.0    983 15:08:56   25.3
 9     -1041.779           1.0    983 15:09:23   26.4
10     -1041.777           1.0    983 15:09:50   27.0
11     -1041.774           1.0    983 15:10:15   25.1
12     -1041.772           1.0    983 15:10:42   26.5
13     -1041.769           1.0    983 15:11:29   47.6
Model fitted using the sigma parameterization.
ASReml 4.1.0 Wed Oct  9 15:11:30 2024
          LogLik        Sigma2     DF     wall    cpu
 1     -1071.324           1.0    986 15:11:55   24.1
 2     -1050.137           1.0    986 15:12:22   26.6
 3     -1030.942           1.0    986 15:12:48   26.5 (1 restrained)
 4     -1023.850           1.0    986 15:13:14   26.1 (2 restrained)
 5     -1024.269           1.0    986 15:13:41   26.3 (1 restrained)
 6     -1020.499           1.0    986 15:14:07   26.0 (1 restrained)
 7     -1019.498           1.0    986 15:14:34   26.8 (2 restrained)
 8     -1024.294           1.0    986 15:15:00   26.0 (1 restrained)
 9     -1021.948           1.0    986 15:15:26   26.1 (1 restrained)
10     -1020.863           1.0    986 15:15:51   25.5 (1 restrained)
11     -1019.762           1.0    986 15:16:15   23.8
12     -1019.323           1.0    986 15:16:38   22.7
13     -1019.316           1.0    986 15:17:24   45.9
Model fitted using the sigma parameterization.
ASReml 4.1.0 Wed Oct  9 15:17:25 2024
          LogLik        Sigma2     DF     wall    cpu
 1     -1091.085           1.0    992 15:17:48   22.8
 2     -1068.157           1.0    992 15:18:14   25.2
 3     -1047.746           1.0    992 15:18:40   26.4
 4     -1039.636           1.0    992 15:19:06   25.6
 5     -1037.823           1.0    992 15:19:31   25.3 (2 restrained)
 6     -1037.402           1.0    992 15:19:57   25.4 (2 restrained)
 7     -1038.635           1.0    992 15:20:22   25.6 (1 restrained)
 8     -1037.555           1.0    992 15:20:48   25.7 (2 restrained)
 9     -1036.958           1.0    992 15:21:14   25.8 (1 restrained)
10     -1036.652           1.0    992 15:21:40   26.1 (2 restrained)
11     -1038.662           1.0    992 15:22:06   26.0 (1 restrained)
12     -1037.648           1.0    992 15:22:31   25.2 (1 restrained)
13     -1036.996           1.0    992 15:23:18   46.0
Model fitted using the sigma parameterization.
ASReml 4.1.0 Wed Oct  9 15:23:19 2024
          LogLik        Sigma2     DF     wall    cpu
 1     -1108.294           1.0   1007 15:23:43   24.2
 2     -1086.679           1.0   1007 15:24:09   26.4
 3     -1067.416           1.0   1007 15:24:35   25.8
 4     -1059.694           1.0   1007 15:25:01   25.5
 5     -1057.733           1.0   1007 15:25:27   25.9 (3 restrained)
 6     -1059.655           1.0   1007 15:25:52   25.4 (1 restrained)
 7     -1057.497           1.0   1007 15:26:18   25.8 (1 restrained)
 8     -1056.517           1.0   1007 15:26:44   25.6 (3 restrained)
 9     -1059.249           1.0   1007 15:27:10   26.2 (1 restrained)
10     -1057.714           1.0   1007 15:27:36   25.9 (3 restrained)
11     -1059.992           1.0   1007 15:28:02   25.8 (1 restrained)
12     -1058.492           1.0   1007 15:28:28   25.8
13     -1056.661           1.0   1007 15:29:15   46.6 (1 restrained)
Model fitted using the sigma parameterization.
ASReml 4.1.0 Wed Oct  9 15:29:16 2024
          LogLik        Sigma2     DF     wall    cpu
 1     -1052.413           1.0    976 15:29:40   24.1
 2     -1031.032           1.0    976 15:30:07   26.4
 3     -1011.905           1.0    976 15:30:33   26.4
 4     -1004.369           1.0    976 15:30:59   26.3
 5     -1003.110           1.0    976 15:31:26   26.4
 6     -1003.064           1.0    976 15:31:53   27.1 (1 restrained)
 7     -1003.047           1.0    976 15:32:21   27.7
 8     -1003.028           1.0    976 15:32:46   24.9
 9     -1003.011           1.0    976 15:33:10   24.2
10     -1002.995           1.0    976 15:33:34   23.8
11     -1002.977           1.0    976 15:33:59   24.9
12     -1002.953           1.0    976 15:34:23   24.2
13     -1002.918           1.0    976 15:35:06   42.6
Model fitted using the sigma parameterization.
ASReml 4.1.0 Wed Oct  9 15:35:07 2024
          LogLik        Sigma2     DF     wall    cpu
 1     -1107.689           1.0    995 15:35:26   18.3
 2     -1085.632           1.0    995 15:35:46   19.5
 3     -1065.959           1.0    995 15:36:05   19.7
 4     -1058.207           1.0    995 15:36:25   19.3
 5     -1056.652           1.0    995 15:36:44   19.7
 6     -1055.931           1.0    995 15:37:04   19.9 (2 restrained)
 7     -1056.326           1.0    995 15:37:25   20.5 (1 restrained)
 8     -1054.929           1.0    995 15:37:44   19.4 (2 restrained)
 9     -1056.365           1.0    995 15:38:04   19.7 (2 restrained)
10     -1055.121           1.0    995 15:38:24   19.2 (2 restrained)
11     -1056.621           1.0    995 15:38:44   20.4 (2 restrained)
12     -1055.361           1.0    995 15:39:04   20.0 (2 restrained)
13     -1054.664           1.0    995 15:39:40   35.8 (1 restrained)
Model fitted using the sigma parameterization.
ASReml 4.1.0 Wed Oct  9 15:39:41 2024
          LogLik        Sigma2     DF     wall    cpu
 1     -1081.959           1.0    988 15:39:59   18.1
 2     -1060.124           1.0    988 15:40:19   19.7
 3     -1040.642           1.0    988 15:40:39   19.7
 4     -1032.680           1.0    988 15:40:59   20.2 (2 restrained)
 5     -1031.582           1.0    988 15:41:21   21.5 (1 restrained)
 6     -1029.655           1.0    988 15:41:41   20.4 (2 restrained)
 7     -1032.181           1.0    988 15:42:02   20.4 (2 restrained)
 8     -1030.089           1.0    988 15:42:23   21.3 (2 restrained)
 9     -1032.721           1.0    988 15:42:44   20.4 (2 restrained)
10     -1030.614           1.0    988 15:43:04   20.1 (1 restrained)
11     -1029.203           1.0    988 15:43:25   21.2
12     -1029.025           1.0    988 15:43:47   21.7
13     -1029.023           1.0    988 15:44:23   36.0
Model fitted using the sigma parameterization.
ASReml 4.1.0 Wed Oct  9 15:44:24 2024
          LogLik        Sigma2     DF     wall    cpu
 1     -1035.060           1.0    973 15:44:42   18.5
 2     -1013.679           1.0    973 15:45:03   20.3
 3      -994.910           1.0    973 15:45:23   20.5
 4      -987.879           1.0    973 15:45:44   21.2
 5      -986.777           1.0    973 15:46:06   21.1
 6      -986.698           1.0    973 15:46:28   22.8
 7      -986.642           1.0    973 15:46:51   22.9
 8      -986.588           1.0    973 15:47:14   22.3
 9      -986.525           1.0    973 15:47:35   21.2
10      -986.428           1.0    973 15:47:57   22.1
11      -986.231           1.0    973 15:48:19   21.3 (1 restrained)
12      -985.924           1.0    973 15:48:39   20.8 (2 restrained)
13      -988.656           1.0    973 15:49:20   40.5 (1 restrained)
Model fitted using the sigma parameterization.
ASReml 4.1.0 Wed Oct  9 15:49:21 2024
          LogLik        Sigma2     DF     wall    cpu
 1     -1080.079           1.0    994 15:49:40   19.0
 2     -1058.704           1.0    994 15:50:02   22.1
 3     -1039.720           1.0    994 15:50:23   20.9
 4     -1032.351           1.0    994 15:50:45   21.3
 5     -1031.012           1.0    994 15:51:06   21.6
 6     -1030.720           1.0    994 15:51:27   20.9
 7     -1030.249           1.0    994 15:51:50   22.5 (1 restrained)
 8     -1029.743           1.0    994 15:52:12   22.4 (1 restrained)
 9     -1029.483           1.0    994 15:52:35   22.2 (1 restrained)
10     -1029.388           1.0    994 15:52:57   22.3 (1 restrained)
11     -1029.353           1.0    994 15:53:18   21.1 (1 restrained)
12     -1029.341           1.0    994 15:53:39   20.5 (1 restrained)
13     -1029.341           1.0    994 15:54:14   35.1
Model fitted using the sigma parameterization.
ASReml 4.1.0 Wed Oct  9 15:54:15 2024
          LogLik        Sigma2     DF     wall    cpu
 1     -1113.954           1.0    994 15:54:35   19.4
 2     -1091.463           1.0    994 15:54:56   21.3
 3     -1071.410           1.0    994 15:55:18   21.7
 4     -1063.283           1.0    994 15:55:40   22.3 (1 restrained)
 5     -1061.419           1.0    994 15:56:02   21.9 (2 restrained)
 6     -1062.143           1.0    994 15:56:29   27.2 (1 restrained)
 7     -1060.859           1.0    994 15:56:57   27.9 (1 restrained)
 8     -1060.162           1.0    994 15:57:27   29.2 (2 restrained)
 9     -1062.199           1.0    994 15:57:57   29.8 (1 restrained)
10     -1061.109           1.0    994 15:58:26   29.5 (1 restrained)
11     -1060.226           1.0    994 15:58:56   29.4 (2 restrained)
12     -1062.307           1.0    994 15:59:25   28.8
13     -1061.215           1.0    994 16:00:17   52.4
Model fitted using the sigma parameterization.
ASReml 4.1.0 Wed Oct  9 16:00:18 2024
          LogLik        Sigma2     DF     wall    cpu
 1     -1091.807           1.0    986 16:00:44   25.9
 2     -1069.589           1.0    986 16:01:12   27.9
 3     -1049.413           1.0    986 16:01:40   28.1
 4     -1040.495           1.0    986 16:02:08   27.7 (2 restrained)
 5     -1039.646           1.0    986 16:02:36   28.0 (2 restrained)
 6     -1040.636           1.0    986 16:03:05   28.3 (3 restrained)
 7     -1041.585           1.0    986 16:03:33   28.1 (2 restrained)
 8     -1041.251           1.0    986 16:04:01   27.7 (2 restrained)
 9     -1041.736           1.0    986 16:04:28   27.3 (1 restrained)
10     -1041.251           1.0    986 16:04:55   27.1 (2 restrained)
11     -1041.736           1.0    986 16:05:23   27.2 (1 restrained)
12     -1041.437           1.0    986 16:05:50   27.2
13     -1041.172           1.0    986 16:06:39   48.5
Model fitted using the sigma parameterization.
ASReml 4.1.0 Wed Oct  9 16:06:39 2024
          LogLik        Sigma2     DF     wall    cpu
 1     -1025.631           1.0    976 16:07:05   25.4
 2     -1004.594           1.0    976 16:07:33   27.9
 3      -986.109           1.0    976 16:08:01   28.1
 4      -979.178           1.0    976 16:08:28   27.2
 5      -978.102           1.0    976 16:08:55   26.7
 6      -978.026           1.0    976 16:09:22   27.0
 7      -977.966           1.0    976 16:09:48   25.4
 8      -977.903           1.0    976 16:10:15   27.1
 9      -977.817           1.0    976 16:10:43   27.9
10      -977.666           1.0    976 16:11:12   28.9
11      -977.284           1.0    976 16:11:41   28.9 (2 restrained)
12      -979.919           1.0    976 16:12:11   29.2 (2 restrained)
13      -977.615           1.0    976 16:12:59   48.4 (2 restrained)
Model fitted using the sigma parameterization.
ASReml 4.1.0 Wed Oct  9 16:13:00 2024
          LogLik        Sigma2     DF     wall    cpu
 1     -1072.549           1.0    989 16:13:23   23.4
 2     -1051.285           1.0    989 16:13:53   29.4 (1 restrained)
 3     -1038.869           1.0    989 16:14:23   30.2
 4     -1028.255           1.0    989 16:14:52   28.5
 5     -1024.537           1.0    989 16:15:22   30.4
 6     -1024.041           1.0    989 16:15:53   30.3
 7     -1024.034           1.0    989 16:16:23   30.0
 8     -1024.031           1.0    989 16:16:54   30.5
 9     -1024.029           1.0    989 16:17:22   28.4
10     -1024.027           1.0    989 16:17:52   30.3
11     -1024.026           1.0    989 16:18:21   28.8
12     -1024.025           1.0    989 16:18:47   26.1
13     -1024.025           1.0    989 16:19:40   52.5
Model fitted using the sigma parameterization.
ASReml 4.1.0 Wed Oct  9 16:19:41 2024
          LogLik        Sigma2     DF     wall    cpu
 1     -1066.815           1.0    982 16:20:07   25.7
 2     -1045.023           1.0    982 16:20:35   28.3
 3     -1025.493           1.0    982 16:21:02   27.0
 4     -1017.470           1.0    982 16:21:31   28.9 (1 restrained)
 5     -1015.702           1.0    982 16:21:57   25.5 (2 restrained)
 6     -1016.806           1.0    982 16:22:26   28.8 (1 restrained)
 7     -1015.424           1.0    982 16:22:55   29.3 (1 restrained)
 8     -1014.217           1.0    982 16:23:24   28.1 (2 restrained)
 9     -1016.540           1.0    982 16:23:53   29.5 (1 restrained)
10     -1015.318           1.0    982 16:24:22   29.3 (1 restrained)
11     -1014.155           1.0    982 16:24:50   27.8 (2 restrained)
12     -1016.524           1.0    982 16:25:14   23.7
13     -1015.306           1.0    982 16:26:00   45.6
Model fitted using the sigma parameterization.
ASReml 4.1.0 Wed Oct  9 16:26:01 2024
          LogLik        Sigma2     DF     wall    cpu
 1     -1064.283           1.0    985 16:26:22   20.7
 2     -1043.479           1.0    985 16:26:47   25.1
 3     -1025.046           1.0    985 16:27:14   26.5
 4     -1017.972           1.0    985 16:27:39   25.8
 5     -1016.808           1.0    985 16:28:06   26.5
 6     -1016.705           1.0    985 16:28:32   26.4
 7     -1016.613           1.0    985 16:29:00   27.2
 8     -1016.483           1.0    985 16:29:27   27.5 (1 restrained)
 9     -1016.209           1.0    985 16:29:55   27.5 (1 restrained)
10     -1015.747           1.0    985 16:30:22   27.3 (2 restrained)
11     -1018.306           1.0    985 16:30:48   26.0 (1 restrained)
12     -1016.897           1.0    985 16:31:14   25.7 (2 restrained)
13     -1015.941           1.0    985 16:32:01   46.5 (1 restrained)
Model fitted using the sigma parameterization.
ASReml 4.1.0 Wed Oct  9 16:32:02 2024
          LogLik        Sigma2     DF     wall    cpu
 1     -1111.092           1.0   1001 16:32:24   21.9
 2     -1088.862           1.0   1001 16:32:48   24.4
 3     -1069.326           1.0   1001 16:33:15   26.8
 4     -1061.977           1.0   1001 16:33:42   26.9
 5     -1060.823           1.0   1001 16:34:09   26.7
 6     -1060.743           1.0   1001 16:34:35   26.3
 7     -1060.683           1.0   1001 16:35:02   26.3
 8     -1060.620           1.0   1001 16:35:28   26.5
 9     -1060.540           1.0   1001 16:35:55   26.4
10     -1060.412           1.0   1001 16:36:20   25.0
11     -1060.137           1.0   1001 16:36:45   24.9 (2 restrained)
12     -1060.580           1.0   1001 16:37:10   25.1 (2 restrained)
13     -1061.069           1.0   1001 16:37:56   45.8 (2 restrained)
Model fitted using the sigma parameterization.
ASReml 4.1.0 Wed Oct  9 16:37:57 2024
          LogLik        Sigma2     DF     wall    cpu
 1     -1079.235           1.0    998 16:38:23   24.8
 2     -1057.231           1.0    998 16:38:48   25.6
 3     -1037.562           1.0    998 16:39:12   24.0
 4     -1029.558           1.0    998 16:39:39   26.1 (1 restrained)
 5     -1027.708           1.0    998 16:40:05   26.3 (1 restrained)
 6     -1026.876           1.0    998 16:40:31   26.1 (1 restrained)
 7     -1026.609           1.0    998 16:40:58   26.2 (1 restrained)
 8     -1026.505           1.0    998 16:41:24   26.4 (1 restrained)
 9     -1026.471           1.0    998 16:41:51   26.5 (1 restrained)
10     -1026.459           1.0    998 16:42:15   24.5 (1 restrained)
11     -1026.459           1.0    998 16:42:39   24.1
12     -1026.459           1.0    998 16:43:25   45.4
Model fitted using the sigma parameterization.
ASReml 4.1.0 Wed Oct  9 16:43:26 2024
          LogLik        Sigma2     DF     wall    cpu
 1     -1065.262           1.0    973 16:43:50   23.6
 2     -1043.711           1.0    973 16:44:17   27.3
 3     -1024.486           1.0    973 16:44:44   26.8
 4     -1016.806           1.0    973 16:45:09   25.3
 5     -1014.972           1.0    973 16:45:35   25.3 (3 restrained)
 6     -1015.915           1.0    973 16:46:02   27.0 (1 restrained)
 7     -1014.331           1.0    973 16:46:28   26.6 (1 restrained)
 8     -1013.600           1.0    973 16:46:56   27.3 (2 restrained)
 9     -1015.667           1.0    973 16:47:23   27.2 (1 restrained)
10     -1014.558           1.0    973 16:47:50   27.3 (1 restrained)
11     -1013.626           1.0    973 16:48:18   27.4 (2 restrained)
12     -1015.771           1.0    973 16:48:44   25.7
13     -1014.673           1.0    973 16:49:30   46.3 (1 restrained)
Model fitted using the sigma parameterization.
ASReml 4.1.0 Wed Oct  9 16:49:31 2024
          LogLik        Sigma2     DF     wall    cpu
 1     -1083.751           1.0    992 16:49:54   22.2
 2     -1063.246           1.0    992 16:50:20   26.3
 3     -1045.162           1.0    992 16:50:47   26.5
 4     -1038.313           1.0    992 16:51:12   24.9 (1 restrained)
 5     -1037.339           1.0    992 16:51:36   24.1
 6     -1037.129           1.0    992 16:52:02   26.1
 7     -1037.026           1.0    992 16:52:29   26.4
 8     -1036.901           1.0    992 16:52:55   25.9
 9     -1036.667           1.0    992 16:53:21   25.9 (1 restrained)
10     -1036.167           1.0    992 16:53:47   26.4 (2 restrained)
11     -1039.576           1.0    992 16:54:12   25.3 (1 restrained)
12     -1037.746           1.0    992 16:54:37   24.6 (1 restrained)
13     -1036.250           1.0    992 16:55:22   44.6 (1 restrained)
Model fitted using the sigma parameterization.
ASReml 4.1.0 Wed Oct  9 16:55:23 2024
          LogLik        Sigma2     DF     wall    cpu
 1     -1088.994           1.0    990 16:55:46   22.9
 2     -1066.634           1.0    990 16:56:13   27.3
 3     -1046.740           1.0    990 16:56:40   26.2
 4     -1038.851           1.0    990 16:57:07   27.0
 5     -1037.069           1.0    990 16:57:33   25.9 (1 restrained)
 6     -1036.529           1.0    990 16:57:58   25.4 (1 restrained)
 7     -1035.993           1.0    990 16:58:25   27.0 (2 restrained)
 8     -1038.084           1.0    990 16:58:53   27.2 (1 restrained)
 9     -1036.935           1.0    990 16:59:18   25.7 (2 restrained)
10     -1036.184           1.0    990 16:59:45   26.6 (1 restrained)
11     -1035.738           1.0    990 17:00:12   26.7 (2 restrained)
12     -1038.153           1.0    990 17:00:39   26.7
13     -1037.027           1.0    990 17:01:27   48.5 (1 restrained)
Model fitted using the sigma parameterization.
ASReml 4.1.0 Wed Oct  9 17:01:28 2024
          LogLik        Sigma2     DF     wall    cpu
 1     -1050.803           1.0    982 17:01:54   25.2
 2     -1029.321           1.0    982 17:02:21   27.3
 3     -1010.075           1.0    982 17:02:49   27.4 (1 restrained)
 4     -1003.588           1.0    982 17:03:14   25.6 (1 restrained)
 5     -1001.672           1.0    982 17:03:40   26.0
 6     -1000.826           1.0    982 17:04:03   23.0
 7     -1000.478           1.0    982 17:04:30   26.6 (1 restrained)
 8     -1000.163           1.0    982 17:04:56   26.2 (1 restrained)
 9      -999.881           1.0    982 17:05:22   25.9 (1 restrained)
10      -999.767           1.0    982 17:05:48   25.3 (1 restrained)
11      -999.728           1.0    982 17:06:13   25.2 (1 restrained)
12      -999.714           1.0    982 17:06:38   25.2 (1 restrained)
13      -999.710           1.0    982 17:07:24   45.9 (1 restrained)
Model fitted using the sigma parameterization.
ASReml 4.1.0 Wed Oct  9 17:07:25 2024
          LogLik        Sigma2     DF     wall    cpu
 1     -1067.342           1.0    979 17:07:48   22.3
 2     -1046.503           1.0    979 17:08:12   24.5
 3     -1028.148           1.0    979 17:08:37   24.6
 4     -1021.201           1.0    979 17:09:03   26.1
 5     -1020.076           1.0    979 17:09:29   25.1
 6     -1019.967           1.0    979 17:09:52   23.5
 7     -1019.858           1.0    979 17:10:16   23.6
 8     -1019.696           1.0    979 17:10:41   25.1
 9     -1019.338           1.0    979 17:11:06   24.8 (2 restrained)
10     -1020.989           1.0    979 17:11:31   25.0 (1 restrained)
11     -1019.575           1.0    979 17:11:57   25.6 (1 restrained)
12     -1018.738           1.0    979 17:12:22   25.4 (2 restrained)
13     -1021.332           1.0    979 17:13:09   46.5 (1 restrained)
Model fitted using the sigma parameterization.
ASReml 4.1.0 Wed Oct  9 17:13:10 2024
          LogLik        Sigma2     DF     wall    cpu
 1     -1091.280           1.0    996 17:13:32   22.1
 2     -1068.479           1.0    996 17:13:56   24.3
 3     -1048.066           1.0    996 17:14:21   24.4
 4     -1039.719           1.0    996 17:14:46   24.9
 5     -1037.710           1.0    996 17:15:11   24.8 (3 restrained)
 6     -1038.629           1.0    996 17:15:35   24.6 (2 restrained)
 7     -1039.029           1.0    996 17:15:59   23.2 (3 restrained)
 8     -1039.357           1.0    996 17:16:22   23.0 (1 restrained)
 9     -1039.202           1.0    996 17:16:47   25.0 (2 restrained)
10     -1039.353           1.0    996 17:17:12   24.7 (1 restrained)
11     -1039.202           1.0    996 17:17:37   25.1 (2 restrained)
12     -1039.274           1.0    996 17:18:02   25.0
13     -1038.959           1.0    996 17:18:49   46.6
Model fitted using the sigma parameterization.
ASReml 4.1.0 Wed Oct  9 17:18:49 2024
          LogLik        Sigma2     DF     wall    cpu
 1     -1074.287           1.0    989 17:19:12   22.6
 2     -1053.207           1.0    989 17:19:37   24.9
 3     -1034.767           1.0    989 17:20:02   24.8
 4     -1027.948           1.0    989 17:20:26   24.2
 5     -1026.945           1.0    989 17:20:52   25.3
 6     -1026.904           1.0    989 17:21:17   25.0
 7     -1026.879           1.0    989 17:21:42   24.8
 8     -1026.858           1.0    989 17:22:05   23.1
 9     -1026.837           1.0    989 17:22:29   23.9
10     -1026.815           1.0    989 17:22:54   24.9
11     -1026.785           1.0    989 17:23:20   25.4
12     -1026.738           1.0    989 17:23:46   26.5
13     -1026.645           1.0    989 17:24:32   45.9
Model fitted using the sigma parameterization.
ASReml 4.1.0 Wed Oct  9 17:24:33 2024
          LogLik        Sigma2     DF     wall    cpu
 1     -1105.236           1.0   1004 17:24:56   22.9
 2     -1083.515           1.0   1004 17:25:22   25.7
 3     -1064.157           1.0   1004 17:25:49   27.0
 4     -1056.576           1.0   1004 17:26:15   26.3
 5     -1055.231           1.0   1004 17:26:42   26.4
 6     -1055.061           1.0   1004 17:27:08   26.1
 7     -1054.882           1.0   1004 17:27:33   25.0 (1 restrained)
 8     -1054.596           1.0   1004 17:27:58   24.4 (2 restrained)
 9     -1055.457           1.0   1004 17:28:20   22.0 (1 restrained)
10     -1054.567           1.0   1004 17:28:44   24.5 (2 restrained)
11     -1055.911           1.0   1004 17:29:10   25.5 (1 restrained)
12     -1055.160           1.0   1004 17:29:35   25.1 (1 restrained)
13     -1054.354           1.0   1004 17:30:22   46.6 (2 restrained)
Model fitted using the sigma parameterization.
ASReml 4.1.0 Wed Oct  9 17:30:23 2024
          LogLik        Sigma2     DF     wall    cpu
 1     -1081.610           1.0    984 17:30:47   23.6
 2     -1059.874           1.0    984 17:31:13   26.3
 3     -1040.439           1.0    984 17:31:40   27.1
 4     -1032.633           1.0    984 17:32:06   25.7
 5     -1030.643           1.0    984 17:32:31   25.4 (2 restrained)
 6     -1030.993           1.0    984 17:32:57   25.7 (1 restrained)
 7     -1029.387           1.0    984 17:33:23   25.7 (2 restrained)
 8     -1031.192           1.0    984 17:33:49   25.8 (2 restrained)
 9     -1029.609           1.0    984 17:34:14   25.3 (1 restrained)
10     -1029.069           1.0    984 17:34:38   24.3 (2 restrained)
11     -1031.244           1.0    984 17:35:04   25.7 (1 restrained)
12     -1030.154           1.0    984 17:35:30   25.5
13     -1029.165           1.0    984 17:36:17   46.6
Model fitted using the sigma parameterization.
ASReml 4.1.0 Wed Oct  9 17:36:17 2024
          LogLik        Sigma2     DF     wall    cpu
 1     -1075.399           1.0    983 17:36:41   23.5
 2     -1052.447           1.0    983 17:37:07   25.5
 3     -1031.882           1.0    983 17:37:32   25.3
 4     -1023.258           1.0    983 17:37:57   25.1 (2 restrained)
 5     -1022.017           1.0    983 17:38:22   24.6 (2 restrained)
 6     -1020.586           1.0    983 17:38:47   24.6 (2 restrained)
 7     -1022.495           1.0    983 17:39:11   24.3 (1 restrained)
 8     -1021.271           1.0    983 17:39:36   24.7 (2 restrained)
 9     -1020.484           1.0    983 17:40:01   25.3 (1 restrained)
10     -1019.980           1.0    983 17:40:24   22.7 (2 restrained)
11     -1022.338           1.0    983 17:40:49   24.6 (1 restrained)
12     -1021.174           1.0    983 17:41:13   24.8
13     -1020.206           1.0    983 17:41:59   45.2
Model fitted using the sigma parameterization.
ASReml 4.1.0 Wed Oct  9 17:42:00 2024
          LogLik        Sigma2     DF     wall    cpu
 1     -1047.288           1.0    979 17:42:23   22.8
 2     -1026.435           1.0    979 17:42:47   24.5
 3     -1007.842           1.0    979 17:43:13   25.3
 4     -1000.568           1.0    979 17:43:39   25.6
 5      -999.278           1.0    979 17:44:04   25.2
 6      -999.081           1.0    979 17:44:29   25.1
 7      -998.814           1.0    979 17:44:54   25.1 (1 restrained)
 8      -998.420           1.0    979 17:45:19   25.1 (1 restrained)
 9      -998.031           1.0    979 17:45:44   25.1 (2 restrained)
10     -1000.700           1.0    979 17:46:09   24.4
11      -999.541           1.0    979 17:46:32   23.4 (1 restrained)
12      -998.084           1.0    979 17:46:58   25.1 (1 restrained)
13      -997.824           1.0    979 17:47:45   47.0 (2 restrained)
Model fitted using the sigma parameterization.
ASReml 4.1.0 Wed Oct  9 17:47:46 2024
          LogLik        Sigma2     DF     wall    cpu
 1     -1096.548           1.0    992 17:48:09   23.6
 2     -1075.427           1.0    992 17:48:35   25.2
 3     -1056.665           1.0    992 17:49:00   25.1
 4     -1049.434           1.0    992 17:49:25   25.4
 5     -1048.307           1.0    992 17:49:50   25.0
 6     -1048.293           1.0    992 17:50:15   24.2
 7     -1048.290           1.0    992 17:50:39   24.4
 8     -1048.289           1.0    992 17:51:04   24.6
 9     -1048.289           1.0    992 17:51:28   24.0
10     -1048.289           1.0    992 17:52:12   44.1
Model fitted using the sigma parameterization.
ASReml 4.1.0 Wed Oct  9 17:52:13 2024
          LogLik        Sigma2     DF     wall    cpu
 1     -1094.689           1.0    986 17:52:35   22.0
 2     -1073.068           1.0    986 17:53:00   24.9
 3     -1053.799           1.0    986 17:53:26   25.2
 4     -1046.101           1.0    986 17:53:50   24.4
 5     -1044.064           1.0    986 17:54:15   25.1 (2 restrained)
 6     -1045.128           1.0    986 17:54:40   24.8 (1 restrained)
 7     -1043.518           1.0    986 17:55:05   24.9 (1 restrained)
 8     -1042.618           1.0    986 17:55:30   24.9 (1 restrained)
 9     -1042.366           1.0    986 17:55:56   25.3 (2 restrained)
10     -1044.857           1.0    986 17:56:21   25.3 (1 restrained)
11     -1043.601           1.0    986 17:56:46   25.2 (1 restrained)
12     -1042.592           1.0    986 17:57:11   25.0
13     -1042.317           1.0    986 17:57:58   46.7
Model fitted using the sigma parameterization.
ASReml 4.1.0 Wed Oct  9 17:57:59 2024
          LogLik        Sigma2     DF     wall    cpu
 1     -1074.752           1.0    992 17:58:20   20.4
 2     -1052.440           1.0    992 17:58:45   25.6
 3     -1032.544           1.0    992 17:59:10   24.8
 4     -1024.577           1.0    992 17:59:35   24.8
 5     -1022.596           1.0    992 18:00:00   24.7 (3 restrained)
 6     -1023.836           1.0    992 18:00:25   25.3 (1 restrained)
 7     -1022.141           1.0    992 18:00:51   25.2 (1 restrained)
 8     -1021.435           1.0    992 18:01:15   24.7 (3 restrained)
 9     -1023.706           1.0    992 18:01:42   26.1 (1 restrained)
10     -1022.542           1.0    992 18:02:06   24.6 (2 restrained)
11     -1021.798           1.0    992 18:02:31   24.8 (1 restrained)
12     -1021.361           1.0    992 18:02:56   24.8
13     -1021.288           1.0    992 18:03:41   45.2 (1 restrained)
Model fitted using the sigma parameterization.
ASReml 4.1.0 Wed Oct  9 18:03:42 2024
          LogLik        Sigma2     DF     wall    cpu
 1     -1060.809           1.0    990 18:04:05   23.0
 2     -1039.859           1.0    990 18:04:29   23.5
 3     -1021.425           1.0    990 18:04:55   25.8
 4     -1014.463           1.0    990 18:05:21   25.7
 5     -1013.333           1.0    990 18:05:47   26.5
 6     -1013.213           1.0    990 18:06:13   25.9 (1 restrained)
 7     -1013.098           1.0    990 18:06:39   25.9
 8     -1012.916           1.0    990 18:07:05   26.0
 9     -1012.477           1.0    990 18:07:31   25.4 (2 restrained)
10     -1014.277           1.0    990 18:07:56   25.0 (1 restrained)
11     -1012.885           1.0    990 18:08:21   25.3 (1 restrained)
12     -1011.967           1.0    990 18:08:46   25.0 (2 restrained)
13     -1014.577           1.0    990 18:09:33   46.2 (2 restrained)
Model fitted using the sigma parameterization.
ASReml 4.1.0 Wed Oct  9 18:09:34 2024
          LogLik        Sigma2     DF     wall    cpu
 1     -1053.593           1.0    979 18:09:56   22.5
 2     -1031.971           1.0    979 18:10:19   22.9
 3     -1012.757           1.0    979 18:10:43   24.1
 4     -1005.196           1.0    979 18:11:08   24.7
 5     -1003.521           1.0    979 18:11:33   24.9 (1 restrained)
 6     -1002.925           1.0    979 18:11:59   25.4 (2 restrained)
 7     -1004.759           1.0    979 18:12:24   25.4 (1 restrained)
 8     -1003.289           1.0    979 18:12:49   25.2 (1 restrained)
 9     -1002.233           1.0    979 18:13:15   25.3 (2 restrained)
10     -1004.870           1.0    979 18:13:40   25.5 (1 restrained)
11     -1003.514           1.0    979 18:14:06   25.0 (1 restrained)
12     -1002.320           1.0    979 18:14:31   25.8
13     -1001.959           1.0    979 18:15:19   47.4
