── Attaching core tidyverse packages ──────────────────────── tidyverse 2.0.0 ──
✔ dplyr     1.1.2     ✔ readr     2.1.4
✔ forcats   1.0.0     ✔ stringr   1.5.0
✔ ggplot2   3.4.2     ✔ tibble    3.2.1
✔ lubridate 1.9.2     ✔ tidyr     1.3.0
✔ purrr     1.0.1     
── Conflicts ────────────────────────────────────────── tidyverse_conflicts() ──
✖ dplyr::filter() masks stats::filter()
✖ dplyr::lag()    masks stats::lag()
ℹ Use the conflicted package (<http://conflicted.r-lib.org/>) to force all conflicts to become errors

Attaching package: ‘data.table’

The following objects are masked from ‘package:lubridate’:

    hour, isoweek, mday, minute, month, quarter, second, wday, week,
    yday, year

The following objects are masked from ‘package:dplyr’:

    between, first, last

The following object is masked from ‘package:purrr’:

    transpose

Loading required package: Matrix

Attaching package: ‘Matrix’

The following objects are masked from ‘package:tidyr’:

    expand, pack, unpack

Loading required package: lattice
Loading required package: robustbase
Joining with `by = join_by(taxa)`
Joining with `by = join_by(taxa)`
Joining with `by = join_by(taxa)`
Joining with `by = join_by(taxa)`
Joining with `by = join_by(taxa)`
Joining with `by = join_by(taxa)`
Joining with `by = join_by(taxa)`
Joining with `by = join_by(taxa)`
Joining with `by = join_by(taxa)`
Joining with `by = join_by(taxa)`
Joining with `by = join_by(taxa)`
Joining with `by = join_by(taxa)`
Joining with `by = join_by(taxa)`
Joining with `by = join_by(taxa)`
Joining with `by = join_by(taxa)`
Joining with `by = join_by(taxa)`
Joining with `by = join_by(taxa)`
Joining with `by = join_by(taxa)`
Joining with `by = join_by(taxa)`
slurmstepd: error: *** JOB 526034 ON c1331 CANCELLED AT 2024-10-08T23:27:32 DUE TO TIME LIMIT ***
